Archive member included to satisfy reference by file (symbol)

/usr/lib/gcc/arm-none-eabi/10.1.0/../../../../arm-none-eabi/lib/thumb/v7e-m+fp/hard/libc_nano.a(lib_a-atexit.o)
                              /usr/lib/gcc/arm-none-eabi/10.1.0/../../../../arm-none-eabi/lib/thumb/v7e-m+fp/hard/crt0.o (atexit)
/usr/lib/gcc/arm-none-eabi/10.1.0/../../../../arm-none-eabi/lib/thumb/v7e-m+fp/hard/libc_nano.a(lib_a-atoi.o)
                              build/main.o (atoi)
/usr/lib/gcc/arm-none-eabi/10.1.0/../../../../arm-none-eabi/lib/thumb/v7e-m+fp/hard/libc_nano.a(lib_a-errno.o)
                              build/retarget.o (__errno)
/usr/lib/gcc/arm-none-eabi/10.1.0/../../../../arm-none-eabi/lib/thumb/v7e-m+fp/hard/libc_nano.a(lib_a-exit.o)
                              /usr/lib/gcc/arm-none-eabi/10.1.0/../../../../arm-none-eabi/lib/thumb/v7e-m+fp/hard/crt0.o (exit)
/usr/lib/gcc/arm-none-eabi/10.1.0/../../../../arm-none-eabi/lib/thumb/v7e-m+fp/hard/libc_nano.a(lib_a-fini.o)
                              /usr/lib/gcc/arm-none-eabi/10.1.0/../../../../arm-none-eabi/lib/thumb/v7e-m+fp/hard/crt0.o (__libc_fini_array)
/usr/lib/gcc/arm-none-eabi/10.1.0/../../../../arm-none-eabi/lib/thumb/v7e-m+fp/hard/libc_nano.a(lib_a-impure.o)
                              /usr/lib/gcc/arm-none-eabi/10.1.0/../../../../arm-none-eabi/lib/thumb/v7e-m+fp/hard/libc_nano.a(lib_a-exit.o) (_global_impure_ptr)
/usr/lib/gcc/arm-none-eabi/10.1.0/../../../../arm-none-eabi/lib/thumb/v7e-m+fp/hard/libc_nano.a(lib_a-init.o)
                              /usr/lib/gcc/arm-none-eabi/10.1.0/../../../../arm-none-eabi/lib/thumb/v7e-m+fp/hard/crt0.o (__libc_init_array)
/usr/lib/gcc/arm-none-eabi/10.1.0/../../../../arm-none-eabi/lib/thumb/v7e-m+fp/hard/libc_nano.a(lib_a-memset.o)
                              /usr/lib/gcc/arm-none-eabi/10.1.0/../../../../arm-none-eabi/lib/thumb/v7e-m+fp/hard/crt0.o (memset)
/usr/lib/gcc/arm-none-eabi/10.1.0/../../../../arm-none-eabi/lib/thumb/v7e-m+fp/hard/libc_nano.a(lib_a-printf.o)
                              build/main.o (printf)
/usr/lib/gcc/arm-none-eabi/10.1.0/../../../../arm-none-eabi/lib/thumb/v7e-m+fp/hard/libc_nano.a(lib_a-scanf.o)
                              build/main.o (scanf)
/usr/lib/gcc/arm-none-eabi/10.1.0/../../../../arm-none-eabi/lib/thumb/v7e-m+fp/hard/libc_nano.a(lib_a-setvbuf.o)
                              build/retarget.o (setvbuf)
/usr/lib/gcc/arm-none-eabi/10.1.0/../../../../arm-none-eabi/lib/thumb/v7e-m+fp/hard/libc_nano.a(lib_a-strtol.o)
                              /usr/lib/gcc/arm-none-eabi/10.1.0/../../../../arm-none-eabi/lib/thumb/v7e-m+fp/hard/libc_nano.a(lib_a-atoi.o) (_strtol_r)
/usr/lib/gcc/arm-none-eabi/10.1.0/../../../../arm-none-eabi/lib/thumb/v7e-m+fp/hard/libc_nano.a(lib_a-__atexit.o)
                              /usr/lib/gcc/arm-none-eabi/10.1.0/../../../../arm-none-eabi/lib/thumb/v7e-m+fp/hard/libc_nano.a(lib_a-atexit.o) (__register_exitproc)
/usr/lib/gcc/arm-none-eabi/10.1.0/../../../../arm-none-eabi/lib/thumb/v7e-m+fp/hard/libc_nano.a(lib_a-__call_atexit.o)
                              /usr/lib/gcc/arm-none-eabi/10.1.0/../../../../arm-none-eabi/lib/thumb/v7e-m+fp/hard/libc_nano.a(lib_a-__atexit.o) (__call_exitprocs)
/usr/lib/gcc/arm-none-eabi/10.1.0/../../../../arm-none-eabi/lib/thumb/v7e-m+fp/hard/libc_nano.a(lib_a-ctype_.o)
                              /usr/lib/gcc/arm-none-eabi/10.1.0/../../../../arm-none-eabi/lib/thumb/v7e-m+fp/hard/libc_nano.a(lib_a-strtol.o) (_ctype_)
/usr/lib/gcc/arm-none-eabi/10.1.0/../../../../arm-none-eabi/lib/thumb/v7e-m+fp/hard/libc_nano.a(lib_a-fflush.o)
                              /usr/lib/gcc/arm-none-eabi/10.1.0/../../../../arm-none-eabi/lib/thumb/v7e-m+fp/hard/libc_nano.a(lib_a-setvbuf.o) (_fflush_r)
/usr/lib/gcc/arm-none-eabi/10.1.0/../../../../arm-none-eabi/lib/thumb/v7e-m+fp/hard/libc_nano.a(lib_a-findfp.o)
                              /usr/lib/gcc/arm-none-eabi/10.1.0/../../../../arm-none-eabi/lib/thumb/v7e-m+fp/hard/libc_nano.a(lib_a-printf.o) (__sinit)
/usr/lib/gcc/arm-none-eabi/10.1.0/../../../../arm-none-eabi/lib/thumb/v7e-m+fp/hard/libc_nano.a(lib_a-fwalk.o)
                              /usr/lib/gcc/arm-none-eabi/10.1.0/../../../../arm-none-eabi/lib/thumb/v7e-m+fp/hard/libc_nano.a(lib_a-findfp.o) (_fwalk)
/usr/lib/gcc/arm-none-eabi/10.1.0/../../../../arm-none-eabi/lib/thumb/v7e-m+fp/hard/libc_nano.a(lib_a-lock.o)
                              /usr/lib/gcc/arm-none-eabi/10.1.0/../../../../arm-none-eabi/lib/thumb/v7e-m+fp/hard/libc_nano.a(lib_a-findfp.o) (__retarget_lock_init_recursive)
/usr/lib/gcc/arm-none-eabi/10.1.0/../../../../arm-none-eabi/lib/thumb/v7e-m+fp/hard/libc_nano.a(lib_a-makebuf.o)
                              /usr/lib/gcc/arm-none-eabi/10.1.0/../../../../arm-none-eabi/lib/thumb/v7e-m+fp/hard/libc_nano.a(lib_a-setvbuf.o) (__swhatbuf_r)
/usr/lib/gcc/arm-none-eabi/10.1.0/../../../../arm-none-eabi/lib/thumb/v7e-m+fp/hard/libc_nano.a(lib_a-malloc.o)
[...]
Memory Configuration

Name             Origin             Length             Attributes
RAM              0x0000000020000000 0x0000000000010000 xrw
FLASH            0x0000000008000000 0x0000000000040000 xr
*default*        0x0000000000000000 0xffffffffffffffff

Linker script and memory map

LOAD /usr/lib/gcc/arm-none-eabi/10.1.0/thumb/v7e-m+fp/hard/crti.o
LOAD /usr/lib/gcc/arm-none-eabi/10.1.0/thumb/v7e-m+fp/hard/crtbegin.o
LOAD /usr/lib/gcc/arm-none-eabi/10.1.0/../../../../arm-none-eabi/lib/thumb/v7e-m+fp/hard/crt0.o
LOAD build/retarget.o
LOAD build/PwmDriver.o
LOAD build/main.o
LOAD build/gpio.o
LOAD build/sys.o
LOAD build/tim.o
LOAD build/usart.o
LOAD build/stm32l4xx_it.o
LOAD build/stm32l4xx_hal_msp.o
LOAD build/stm32l4xx_hal_tim.o
LOAD build/stm32l4xx_hal_tim_ex.o
LOAD build/stm32l4xx_hal.o
LOAD build/stm32l4xx_hal_i2c.o
LOAD build/stm32l4xx_hal_i2c_ex.o
LOAD build/stm32l4xx_hal_rcc.o
LOAD build/stm32l4xx_hal_rcc_ex.o
LOAD build/stm32l4xx_hal_flash.o
LOAD build/stm32l4xx_hal_flash_ex.o
LOAD build/stm32l4xx_hal_flash_ramfunc.o
LOAD build/stm32l4xx_hal_gpio.o
LOAD build/stm32l4xx_hal_dma.o
LOAD build/stm32l4xx_hal_dma_ex.o
LOAD build/stm32l4xx_hal_pwr.o
LOAD build/stm32l4xx_hal_pwr_ex.o
LOAD build/stm32l4xx_hal_cortex.o
LOAD build/stm32l4xx_hal_exti.o
LOAD build/stm32l4xx_hal_uart.o
LOAD build/stm32l4xx_hal_uart_ex.o
LOAD build/system_stm32l4xx.o
LOAD build/startup_stm32l432xx.o
LOAD /usr/lib/gcc/arm-none-eabi/10.1.0/../../../../arm-none-eabi/lib/thumb/v7e-m+fp/hard/libc_nano.a
LOAD /usr/lib/gcc/arm-none-eabi/10.1.0/../../../../arm-none-eabi/lib/thumb/v7e-m+fp/hard/libm.a
LOAD /usr/lib/gcc/arm-none-eabi/10.1.0/../../../../arm-none-eabi/lib/thumb/v7e-m+fp/hard/libnosys.a
START GROUP
LOAD /usr/lib/gcc/arm-none-eabi/10.1.0/thumb/v7e-m+fp/hard/libgcc.a
LOAD /usr/lib/gcc/arm-none-eabi/10.1.0/../../../../arm-none-eabi/lib/thumb/v7e-m+fp/hard/libc_nano.a
END GROUP
START GROUP
LOAD /usr/lib/gcc/arm-none-eabi/10.1.0/thumb/v7e-m+fp/hard/libgcc.a
LOAD /usr/lib/gcc/arm-none-eabi/10.1.0/../../../../arm-none-eabi/lib/thumb/v7e-m+fp/hard/libc_nano.a
END GROUP
LOAD /usr/lib/gcc/arm-none-eabi/10.1.0/thumb/v7e-m+fp/hard/crtend.o
LOAD /usr/lib/gcc/arm-none-eabi/10.1.0/thumb/v7e-m+fp/hard/crtn.o
                0x0000000020010000                _estack = 0x20010000
                0x0000000000000200                _Min_Heap_Size = 0x200
                0x0000000000000400                _Min_Stack_Size = 0x400

.isr_vector     0x0000000008000000      0x190
                0x0000000008000000                . = ALIGN (0x8)
 *(.isr_vector)
 .isr_vector    0x0000000008000000      0x18c build/startup_stm32l432xx.o
                0x0000000008000000                g_pfnVectors
                0x0000000008000190                . = ALIGN (0x8)
 *fill*         0x000000000800018c        0x4 

.text           0x0000000008000190     0x5358
                0x0000000008000190                . = ALIGN (0x8)
 *(.text)
 .text          0x0000000008000190       0xa0 /usr/lib/gcc/arm-none-eabi/10.1.0/../../../../arm-none-eabi/lib/thumb/v7e-m+fp/hard/libc_nano.a(lib_a-memchr.o)
                0x0000000008000190                memchr
 .text          0x0000000008000230       0x30 /usr/lib/gcc/arm-none-eabi/10.1.0/thumb/v7e-m+fp/hard/libgcc.a(_aeabi_uldivmod.o)
                0x0000000008000230                __aeabi_uldivmod
 .text          0x0000000008000260        0x4 /usr/lib/gcc/arm-none-eabi/10.1.0/thumb/v7e-m+fp/hard/libgcc.a(_dvmd_tls.o)
                0x0000000008000260                __aeabi_ldiv0
                0x0000000008000260                __aeabi_idiv0
 *(.text*)
 .text.__do_global_dtors_aux
                0x0000000008000264       0x24 /usr/lib/gcc/arm-none-eabi/10.1.0/thumb/v7e-m+fp/hard/crtbegin.o
 .text.frame_dummy
                0x0000000008000288       0x1c /usr/lib/gcc/arm-none-eabi/10.1.0/thumb/v7e-m+fp/hard/crtbegin.o
 .text.RetargetInit
                0x00000000080002a4       0x20 build/retarget.o
                0x00000000080002a4                RetargetInit
 .text._isatty  0x00000000080002c4       0x16 build/retarget.o
                0x00000000080002c4                _isatty
 *fill*         0x00000000080002da        0x2 
 .text._write   0x00000000080002dc       0x34 build/retarget.o
                0x00000000080002dc                _write
 .text._close   0x0000000008000310       0x18 build/retarget.o
                0x0000000008000310                _close
 .text._lseek   0x0000000008000328       0x10 build/retarget.o
                0x0000000008000328                _lseek
 .text._read    0x0000000008000338       0x30 build/retarget.o
                0x0000000008000338                _read
 .text._fstat   0x0000000008000368       0x1a build/retarget.o
                0x0000000008000368                _fstat
 .text.PWMDriver_init
                0x0000000008000382        0x8 build/PwmDriver.o
                0x0000000008000382                PWMDriver_init
 .text.PWMDriver_Enable
                0x000000000800038a        0xa build/PwmDriver.o
                0x000000000800038a                PWMDriver_Enable
 .text.PWMDriver_ChangeFrequency
                0x0000000008000394        0x8 build/PwmDriver.o
                0x0000000008000394                PWMDriver_ChangeFrequency
 .text.SystemClock_Config
                0x000000000800039c       0x94 build/main.o
                0x000000000800039c                SystemClock_Config
 .text.main     0x0000000008000430       0x68 build/main.o
                0x0000000008000430                main
 .text.Error_Handler
                0x0000000008000498        0x2 build/main.o
                0x0000000008000498                Error_Handler
 .text.assert_failed
                0x000000000800049a        0x2 build/main.o
                0x000000000800049a                assert_failed
 .text.MX_GPIO_Init
                0x000000000800049c       0x74 build/gpio.o
                0x000000000800049c                MX_GPIO_Init
 .text.HAL_TIM_PWM_MspInit
                0x0000000008000510       0x2c build/tim.o
                0x0000000008000510                HAL_TIM_PWM_MspInit
 .text.HAL_TIM_MspPostInit
                0x000000000800053c       0x54 build/tim.o
                0x000000000800053c                HAL_TIM_MspPostInit
 .text.MX_TIM1_Init
                0x0000000008000590       0xc4 build/tim.o
                0x0000000008000590                MX_TIM1_Init
 .text.MX_USART2_UART_Init
                0x0000000008000654       0x38 build/usart.o
                0x0000000008000654                MX_USART2_UART_Init
 .text.HAL_UART_MspInit
                0x000000000800068c       0x80 build/usart.o
                0x000000000800068c                HAL_UART_MspInit
 .text.NMI_Handler
                0x000000000800070c        0x2 build/stm32l4xx_it.o
                0x000000000800070c                NMI_Handler
 .text.HardFault_Handler
                0x000000000800070e        0x2 build/stm32l4xx_it.o
                0x000000000800070e                HardFault_Handler
 .text.MemManage_Handler
                0x0000000008000710        0x2 build/stm32l4xx_it.o
                0x0000000008000710                MemManage_Handler
 .text.BusFault_Handler
                0x0000000008000712        0x2 build/stm32l4xx_it.o
                0x0000000008000712                BusFault_Handler
 .text.UsageFault_Handler
                0x0000000008000714        0x2 build/stm32l4xx_it.o
                0x0000000008000714                UsageFault_Handler
 .text.SVC_Handler
                0x0000000008000716        0x2 build/stm32l4xx_it.o
                0x0000000008000716                SVC_Handler
 .text.DebugMon_Handler
                0x0000000008000718        0x2 build/stm32l4xx_it.o
                0x0000000008000718                DebugMon_Handler
 .text.PendSV_Handler
                0x000000000800071a        0x2 build/stm32l4xx_it.o
                0x000000000800071a                PendSV_Handler
 .text.SysTick_Handler
                0x000000000800071c        0x8 build/stm32l4xx_it.o
                0x000000000800071c                SysTick_Handler
 .text.HAL_MspInit
                0x0000000008000724       0x30 build/stm32l4xx_hal_msp.o
                0x0000000008000724                HAL_MspInit
 .text.TIM_OC5_SetConfig
                0x0000000008000754       0x58 build/stm32l4xx_hal_tim.o
 .text.TIM_OC6_SetConfig
                0x00000000080007ac       0x5c build/stm32l4xx_hal_tim.o
 .text.TIM_OC1_SetConfig
                0x0000000008000808       0xc8 build/stm32l4xx_hal_tim.o
 .text.TIM_OC3_SetConfig
                0x00000000080008d0       0xc4 build/stm32l4xx_hal_tim.o
 .text.TIM_OC4_SetConfig
                0x0000000008000994       0x80 build/stm32l4xx_hal_tim.o
 .text.TIM_Base_SetConfig
                0x0000000008000a14       0x70 build/stm32l4xx_hal_tim.o
                0x0000000008000a14                TIM_Base_SetConfig
 .text.HAL_TIM_PWM_Init
                0x0000000008000a84       0xc8 build/stm32l4xx_hal_tim.o
                0x0000000008000a84                HAL_TIM_PWM_Init
 .text.TIM_OC2_SetConfig
                0x0000000008000b4c       0xc4 build/stm32l4xx_hal_tim.o
                0x0000000008000b4c                TIM_OC2_SetConfig
 .text.HAL_TIM_PWM_ConfigChannel
                0x0000000008000c10      0x27c build/stm32l4xx_hal_tim.o
                0x0000000008000c10                HAL_TIM_PWM_ConfigChannel
 .text.TIM_CCxChannelCmd
                0x0000000008000e8c       0x7c build/stm32l4xx_hal_tim.o
                0x0000000008000e8c                TIM_CCxChannelCmd
 .text.HAL_TIM_PWM_Start_IT
                0x0000000008000f08      0x108 build/stm32l4xx_hal_tim.o
                0x0000000008000f08                HAL_TIM_PWM_Start_IT
 .text.HAL_TIMEx_MasterConfigSynchronization
                0x0000000008001010      0x13c build/stm32l4xx_hal_tim_ex.o
                0x0000000008001010                HAL_TIMEx_MasterConfigSynchronization
 .text.HAL_TIMEx_ConfigBreakDeadTime
                0x000000000800114c      0x1ac build/stm32l4xx_hal_tim_ex.o
                0x000000000800114c                HAL_TIMEx_ConfigBreakDeadTime
 .text.HAL_InitTick
                0x00000000080012f8       0x50 build/stm32l4xx_hal.o
                0x00000000080012f8                HAL_InitTick
 .text.HAL_Init
                0x0000000008001348       0x1e build/stm32l4xx_hal.o
                0x0000000008001348                HAL_Init
 *fill*         0x0000000008001366        0x2 
 .text.HAL_IncTick
                0x0000000008001368       0x18 build/stm32l4xx_hal.o
                0x0000000008001368                HAL_IncTick
 .text.HAL_GetTick
                0x0000000008001380        0xc build/stm32l4xx_hal.o
                0x0000000008001380                HAL_GetTick
 .text.RCC_SetFlashLatencyFromMSIRange
                0x000000000800138c       0x90 build/stm32l4xx_hal_rcc.o
 .text.HAL_RCC_GetSysClockFreq
                0x000000000800141c       0xb4 build/stm32l4xx_hal_rcc.o
                0x000000000800141c                HAL_RCC_GetSysClockFreq
 .text.HAL_RCC_OscConfig
                0x00000000080014d0      0x7e4 build/stm32l4xx_hal_rcc.o
                0x00000000080014d0                HAL_RCC_OscConfig
 .text.HAL_RCC_ClockConfig
                0x0000000008001cb4      0x218 build/stm32l4xx_hal_rcc.o
                0x0000000008001cb4                HAL_RCC_ClockConfig
 .text.HAL_RCC_GetHCLKFreq
                0x0000000008001ecc        0xc build/stm32l4xx_hal_rcc.o
                0x0000000008001ecc                HAL_RCC_GetHCLKFreq
 .text.HAL_RCC_GetPCLK1Freq
                0x0000000008001ed8       0x24 build/stm32l4xx_hal_rcc.o
                0x0000000008001ed8                HAL_RCC_GetPCLK1Freq
 .text.HAL_RCC_GetPCLK2Freq
                0x0000000008001efc       0x24 build/stm32l4xx_hal_rcc.o
                0x0000000008001efc                HAL_RCC_GetPCLK2Freq
 .text.RCCEx_PLLSAI1_Config
                0x0000000008001f20      0x21c build/stm32l4xx_hal_rcc_ex.o
 .text.HAL_RCCEx_PeriphCLKConfig
                0x000000000800213c      0x4bc build/stm32l4xx_hal_rcc_ex.o
                0x000000000800213c                HAL_RCCEx_PeriphCLKConfig
 .text.HAL_RCCEx_EnableMSIPLLMode
                0x00000000080025f8       0x10 build/stm32l4xx_hal_rcc_ex.o
                0x00000000080025f8                HAL_RCCEx_EnableMSIPLLMode
 .text.HAL_GPIO_Init
                0x0000000008002608      0x280 build/stm32l4xx_hal_gpio.o
                0x0000000008002608                HAL_GPIO_Init
 .text.HAL_GPIO_WritePin
                0x0000000008002888       0x34 build/stm32l4xx_hal_gpio.o
                0x0000000008002888                HAL_GPIO_WritePin
 .text.HAL_PWR_EnableBkUpAccess
                0x00000000080028bc       0x10 build/stm32l4xx_hal_pwr.o
                0x00000000080028bc                HAL_PWR_EnableBkUpAccess
 .text.HAL_PWREx_GetVoltageRange
                0x00000000080028cc       0x10 build/stm32l4xx_hal_pwr_ex.o
                0x00000000080028cc                HAL_PWREx_GetVoltageRange
 .text.HAL_PWREx_ControlVoltageScaling
                0x00000000080028dc       0xac build/stm32l4xx_hal_pwr_ex.o
                0x00000000080028dc                HAL_PWREx_ControlVoltageScaling
 .text.HAL_NVIC_SetPriorityGrouping
                0x0000000008002988       0x3c build/stm32l4xx_hal_cortex.o
                0x0000000008002988                HAL_NVIC_SetPriorityGrouping
 .text.HAL_NVIC_SetPriority
                0x00000000080029c4       0x8c build/stm32l4xx_hal_cortex.o
                0x00000000080029c4                HAL_NVIC_SetPriority
 .text.HAL_SYSTICK_Config
                0x0000000008002a50       0x28 build/stm32l4xx_hal_cortex.o
                0x0000000008002a50                HAL_SYSTICK_Config
 .text.UART_SetConfig
                0x0000000008002a78      0x44c build/stm32l4xx_hal_uart.o
                0x0000000008002a78                UART_SetConfig
 .text.UART_AdvFeatureConfig
                0x0000000008002ec4      0x1dc build/stm32l4xx_hal_uart.o
                0x0000000008002ec4                UART_AdvFeatureConfig
 .text.UART_WaitOnFlagUntilTimeout
                0x00000000080030a0       0x68 build/stm32l4xx_hal_uart.o
                0x00000000080030a0                UART_WaitOnFlagUntilTimeout
 .text.HAL_UART_Transmit
                0x0000000008003108       0xd6 build/stm32l4xx_hal_uart.o
                0x0000000008003108                HAL_UART_Transmit
 .text.HAL_UART_Receive
                0x00000000080031de      0x11e build/stm32l4xx_hal_uart.o
                0x00000000080031de                HAL_UART_Receive
 .text.UART_CheckIdleState
                0x00000000080032fc       0x6c build/stm32l4xx_hal_uart.o
                0x00000000080032fc                UART_CheckIdleState
 .text.HAL_UART_Init
                0x0000000008003368       0xbc build/stm32l4xx_hal_uart.o
                0x0000000008003368                HAL_UART_Init
 .text.SystemInit
                0x0000000008003424       0x48 build/system_stm32l4xx.o
                0x0000000008003424                SystemInit
 .text.Reset_Handler
                0x000000000800346c       0x50 build/startup_stm32l432xx.o
                0x000000000800346c                Reset_Handler
 .text.Default_Handler
                0x00000000080034bc        0x2 build/startup_stm32l432xx.o
                0x00000000080034bc                RTC_Alarm_IRQHandler
                0x00000000080034bc                EXTI2_IRQHandler
                0x00000000080034bc                TIM1_CC_IRQHandler
                0x00000000080034bc                TSC_IRQHandler
                0x00000000080034bc                TAMP_STAMP_IRQHandler
                0x00000000080034bc                EXTI3_IRQHandler
                0x00000000080034bc                LPTIM2_IRQHandler
                0x00000000080034bc                I2C3_ER_IRQHandler
                0x00000000080034bc                EXTI0_IRQHandler
                0x00000000080034bc                CAN1_RX0_IRQHandler
                0x00000000080034bc                FPU_IRQHandler
                0x00000000080034bc                TIM1_UP_TIM16_IRQHandler
                0x00000000080034bc                SPI1_IRQHandler
                0x00000000080034bc                TIM6_DAC_IRQHandler
                0x00000000080034bc                DMA2_Channel2_IRQHandler
                0x00000000080034bc                DMA1_Channel4_IRQHandler
                0x00000000080034bc                ADC1_IRQHandler
                0x00000000080034bc                DMA1_Channel7_IRQHandler
                0x00000000080034bc                CAN1_RX1_IRQHandler
                0x00000000080034bc                DMA2_Channel1_IRQHandler
                0x00000000080034bc                QUADSPI_IRQHandler
                0x00000000080034bc                I2C1_EV_IRQHandler
                0x00000000080034bc                DMA1_Channel6_IRQHandler
                0x00000000080034bc                DMA2_Channel4_IRQHandler
                0x00000000080034bc                RCC_IRQHandler
                0x00000000080034bc                TIM1_TRG_COM_IRQHandler
                0x00000000080034bc                DMA1_Channel1_IRQHandler
                0x00000000080034bc                Default_Handler
                0x00000000080034bc                DMA2_Channel7_IRQHandler
                0x00000000080034bc                EXTI15_10_IRQHandler
                0x00000000080034bc                TIM7_IRQHandler
                0x00000000080034bc                I2C3_EV_IRQHandler
                0x00000000080034bc                USB_IRQHandler
                0x00000000080034bc                EXTI9_5_IRQHandler
                0x00000000080034bc                RTC_WKUP_IRQHandler
                0x00000000080034bc                PVD_PVM_IRQHandler
                0x00000000080034bc                CAN1_TX_IRQHandler
                0x00000000080034bc                DMA2_Channel5_IRQHandler
                0x00000000080034bc                CRS_IRQHandler
                0x00000000080034bc                DMA1_Channel5_IRQHandler
                0x00000000080034bc                EXTI4_IRQHandler
                0x00000000080034bc                RNG_IRQHandler
                0x00000000080034bc                DMA1_Channel3_IRQHandler
                0x00000000080034bc                COMP_IRQHandler
                0x00000000080034bc                WWDG_IRQHandler
                0x00000000080034bc                LPUART1_IRQHandler
                0x00000000080034bc                DMA2_Channel6_IRQHandler
                0x00000000080034bc                TIM2_IRQHandler
                0x00000000080034bc                EXTI1_IRQHandler
                0x00000000080034bc                USART2_IRQHandler
                0x00000000080034bc                DMA1_Channel2_IRQHandler
                0x00000000080034bc                CAN1_SCE_IRQHandler
                0x00000000080034bc                FLASH_IRQHandler
                0x00000000080034bc                USART1_IRQHandler
                0x00000000080034bc                SPI3_IRQHandler
                0x00000000080034bc                I2C1_ER_IRQHandler
                0x00000000080034bc                SWPMI1_IRQHandler
                0x00000000080034bc                LPTIM1_IRQHandler
                0x00000000080034bc                SAI1_IRQHandler
                0x00000000080034bc                DMA2_Channel3_IRQHandler
                0x00000000080034bc                TIM1_BRK_TIM15_IRQHandler
 .text.atoi     0x00000000080034be        0x8 /usr/lib/gcc/arm-none-eabi/10.1.0/../../../../arm-none-eabi/lib/thumb/v7e-m+fp/hard/libc_nano.a(lib_a-atoi.o)
                0x00000000080034be                atoi
 *fill*         0x00000000080034c6        0x2 
 .text.__errno  0x00000000080034c8        0xc /usr/lib/gcc/arm-none-eabi/10.1.0/../../../../arm-none-eabi/lib/thumb/v7e-m+fp/hard/libc_nano.a(lib_a-errno.o)
                0x00000000080034c8                __errno
 .text.__libc_init_array
                0x00000000080034d4       0x48 /usr/lib/gcc/arm-none-eabi/10.1.0/../../../../arm-none-eabi/lib/thumb/v7e-m+fp/hard/libc_nano.a(lib_a-init.o)
                0x00000000080034d4                __libc_init_array
 .text.memset   0x000000000800351c       0x10 /usr/lib/gcc/arm-none-eabi/10.1.0/../../../../arm-none-eabi/lib/thumb/v7e-m+fp/hard/libc_nano.a(lib_a-memset.o)
                0x000000000800351c                memset
 .text.printf   0x000000000800352c       0x30 /usr/lib/gcc/arm-none-eabi/10.1.0/../../../../arm-none-eabi/lib/thumb/v7e-m+fp/hard/libc_nano.a(lib_a-printf.o)
                0x000000000800352c                printf
                0x000000000800352c                iprintf
 .text.scanf    0x000000000800355c       0x30 /usr/lib/gcc/arm-none-eabi/10.1.0/../../../../arm-none-eabi/lib/thumb/v7e-m+fp/hard/libc_nano.a(lib_a-scanf.o)
                0x000000000800355c                iscanf
                0x000000000800355c                scanf
 .text.setvbuf  0x000000000800358c      0x18c /usr/lib/gcc/arm-none-eabi/10.1.0/../../../../arm-none-eabi/lib/thumb/v7e-m+fp/hard/libc_nano.a(lib_a-setvbuf.o)
                0x000000000800358c                setvbuf
 .text._strtol_l.isra.0
                0x0000000008003718      0x108 /usr/lib/gcc/arm-none-eabi/10.1.0/../../../../arm-none-eabi/lib/thumb/v7e-m+fp/hard/libc_nano.a(lib_a-strtol.o)
 .text._strtol_r
                0x0000000008003820        0x4 /usr/lib/gcc/arm-none-eabi/10.1.0/../../../../arm-none-eabi/lib/thumb/v7e-m+fp/hard/libc_nano.a(lib_a-strtol.o)
                0x0000000008003820                _strtol_r
 .text.strtol   0x0000000008003824       0x14 /usr/lib/gcc/arm-none-eabi/10.1.0/../../../../arm-none-eabi/lib/thumb/v7e-m+fp/hard/libc_nano.a(lib_a-strtol.o)
                0x0000000008003824                strtol
 .text.__sflush_r
                0x0000000008003838      0x10c /usr/lib/gcc/arm-none-eabi/10.1.0/../../../../arm-none-eabi/lib/thumb/v7e-m+fp/hard/libc_nano.a(lib_a-fflush.o)
                0x0000000008003838                __sflush_r
 .text._fflush_r
                0x0000000008003944       0x78 /usr/lib/gcc/arm-none-eabi/10.1.0/../../../../arm-none-eabi/lib/thumb/v7e-m+fp/hard/libc_nano.a(lib_a-fflush.o)
                0x0000000008003944                _fflush_r
 .text.fflush   0x00000000080039bc       0x24 /usr/lib/gcc/arm-none-eabi/10.1.0/../../../../arm-none-eabi/lib/thumb/v7e-m+fp/hard/libc_nano.a(lib_a-fflush.o)
                0x00000000080039bc                fflush
 .text.std      0x00000000080039e0       0x48 /usr/lib/gcc/arm-none-eabi/10.1.0/../../../../arm-none-eabi/lib/thumb/v7e-m+fp/hard/libc_nano.a(lib_a-findfp.o)
 .text._cleanup_r
                0x0000000008003a28        0xc /usr/lib/gcc/arm-none-eabi/10.1.0/../../../../arm-none-eabi/lib/thumb/v7e-m+fp/hard/libc_nano.a(lib_a-findfp.o)
                0x0000000008003a28                _cleanup_r
 .text.__sfmoreglue
                0x0000000008003a34       0x2c /usr/lib/gcc/arm-none-eabi/10.1.0/../../../../arm-none-eabi/lib/thumb/v7e-m+fp/hard/libc_nano.a(lib_a-findfp.o)
                0x0000000008003a34                __sfmoreglue
 .text.__sfp_lock_acquire
                0x0000000008003a60        0xc /usr/lib/gcc/arm-none-eabi/10.1.0/../../../../arm-none-eabi/lib/thumb/v7e-m+fp/hard/libc_nano.a(lib_a-findfp.o)
                0x0000000008003a60                __sfp_lock_acquire
 .text.__sfp_lock_release
                0x0000000008003a6c        0xc /usr/lib/gcc/arm-none-eabi/10.1.0/../../../../arm-none-eabi/lib/thumb/v7e-m+fp/hard/libc_nano.a(lib_a-findfp.o)
                0x0000000008003a6c                __sfp_lock_release
 .text.__sinit_lock_acquire
                0x0000000008003a78        0xc /usr/lib/gcc/arm-none-eabi/10.1.0/../../../../arm-none-eabi/lib/thumb/v7e-m+fp/hard/libc_nano.a(lib_a-findfp.o)
                0x0000000008003a78                __sinit_lock_acquire
 .text.__sinit_lock_release
                0x0000000008003a84        0xc /usr/lib/gcc/arm-none-eabi/10.1.0/../../../../arm-none-eabi/lib/thumb/v7e-m+fp/hard/libc_nano.a(lib_a-findfp.o)
                0x0000000008003a84                __sinit_lock_release
 .text.__sinit  0x0000000008003a90       0x70 /usr/lib/gcc/arm-none-eabi/10.1.0/../../../../arm-none-eabi/lib/thumb/v7e-m+fp/hard/libc_nano.a(lib_a-findfp.o)
                0x0000000008003a90                __sinit
 .text.__sfp    0x0000000008003b00       0x8c /usr/lib/gcc/arm-none-eabi/10.1.0/../../../../arm-none-eabi/lib/thumb/v7e-m+fp/hard/libc_nano.a(lib_a-findfp.o)
                0x0000000008003b00                __sfp
 .text._fwalk   0x0000000008003b8c       0x3a /usr/lib/gcc/arm-none-eabi/10.1.0/../../../../arm-none-eabi/lib/thumb/v7e-m+fp/hard/libc_nano.a(lib_a-fwalk.o)
                0x0000000008003b8c                _fwalk
 .text._fwalk_reent
                0x0000000008003bc6       0x3e /usr/lib/gcc/arm-none-eabi/10.1.0/../../../../arm-none-eabi/lib/thumb/v7e-m+fp/hard/libc_nano.a(lib_a-fwalk.o)
                0x0000000008003bc6                _fwalk_reent
 .text.__retarget_lock_init_recursive
                0x0000000008003c04        0x2 /usr/lib/gcc/arm-none-eabi/10.1.0/../../../../arm-none-eabi/lib/thumb/v7e-m+fp/hard/libc_nano.a(lib_a-lock.o)
                0x0000000008003c04                __retarget_lock_init_recursive
 .text.__retarget_lock_acquire_recursive
                0x0000000008003c06        0x2 /usr/lib/gcc/arm-none-eabi/10.1.0/../../../../arm-none-eabi/lib/thumb/v7e-m+fp/hard/libc_nano.a(lib_a-lock.o)
                0x0000000008003c06                __retarget_lock_acquire_recursive
 .text.__retarget_lock_release_recursive
                0x0000000008003c08        0x2 /usr/lib/gcc/arm-none-eabi/10.1.0/../../../../arm-none-eabi/lib/thumb/v7e-m+fp/hard/libc_nano.a(lib_a-lock.o)
                0x0000000008003c08                __retarget_lock_release_recursive
 .text.__swhatbuf_r
                0x0000000008003c0a       0x48 /usr/lib/gcc/arm-none-eabi/10.1.0/../../../../arm-none-eabi/lib/thumb/v7e-m+fp/hard/libc_nano.a(lib_a-makebuf.o)
                0x0000000008003c0a                __swhatbuf_r
 *fill*         0x0000000008003c52        0x2 
 .text.__smakebuf_r
                0x0000000008003c54       0x80 /usr/lib/gcc/arm-none-eabi/10.1.0/../../../../arm-none-eabi/lib/thumb/v7e-m+fp/hard/libc_nano.a(lib_a-makebuf.o)
                0x0000000008003c54                __smakebuf_r
 .text.malloc   0x0000000008003cd4       0x10 /usr/lib/gcc/arm-none-eabi/10.1.0/../../../../arm-none-eabi/lib/thumb/v7e-m+fp/hard/libc_nano.a(lib_a-malloc.o)
                0x0000000008003cd4                malloc
 .text._free_r  0x0000000008003ce4       0xa0 /usr/lib/gcc/arm-none-eabi/10.1.0/../../../../arm-none-eabi/lib/thumb/v7e-m+fp/hard/libc_nano.a(lib_a-nano-freer.o)
                0x0000000008003ce4                _free_r
 .text._malloc_r
                0x0000000008003d84       0xb4 /usr/lib/gcc/arm-none-eabi/10.1.0/../../../../arm-none-eabi/lib/thumb/v7e-m+fp/hard/libc_nano.a(lib_a-nano-mallocr.o)
                0x0000000008003d84                _malloc_r
 .text.__sfputc_r
                0x0000000008003e38       0x2e /usr/lib/gcc/arm-none-eabi/10.1.0/../../../../arm-none-eabi/lib/thumb/v7e-m+fp/hard/libc_nano.a(lib_a-nano-vfprintf.o)
 .text.__sfputs_r
                0x0000000008003e66       0x24 /usr/lib/gcc/arm-none-eabi/10.1.0/../../../../arm-none-eabi/lib/thumb/v7e-m+fp/hard/libc_nano.a(lib_a-nano-vfprintf.o)
                0x0000000008003e66                __sfputs_r
 *fill*         0x0000000008003e8a        0x2 
 .text._vfprintf_r
                0x0000000008003e8c      0x260 /usr/lib/gcc/arm-none-eabi/10.1.0/../../../../arm-none-eabi/lib/thumb/v7e-m+fp/hard/libc_nano.a(lib_a-nano-vfprintf.o)
                0x0000000008003e8c                _vfiprintf_r
                0x0000000008003e8c                _vfprintf_r
 .text.__svfscanf_r
                0x00000000080040ec      0x348 /usr/lib/gcc/arm-none-eabi/10.1.0/../../../../arm-none-eabi/lib/thumb/v7e-m+fp/hard/libc_nano.a(lib_a-nano-vfscanf.o)
                0x00000000080040ec                __svfiscanf_r
                0x00000000080040ec                __svfscanf_r
 .text._vfscanf_r
                0x0000000008004434       0x50 /usr/lib/gcc/arm-none-eabi/10.1.0/../../../../arm-none-eabi/lib/thumb/v7e-m+fp/hard/libc_nano.a(lib_a-nano-vfscanf.o)
                0x0000000008004434                _vfiscanf_r
                0x0000000008004434                _vfscanf_r
 .text.lflush   0x0000000008004484       0x12 /usr/lib/gcc/arm-none-eabi/10.1.0/../../../../arm-none-eabi/lib/thumb/v7e-m+fp/hard/libc_nano.a(lib_a-refill.o)
 *fill*         0x0000000008004496        0x2 
 .text.__srefill_r
                0x0000000008004498      0x114 /usr/lib/gcc/arm-none-eabi/10.1.0/../../../../arm-none-eabi/lib/thumb/v7e-m+fp/hard/libc_nano.a(lib_a-refill.o)
                0x0000000008004498                __srefill_r
 .text._sbrk_r  0x00000000080045ac       0x20 /usr/lib/gcc/arm-none-eabi/10.1.0/../../../../arm-none-eabi/lib/thumb/v7e-m+fp/hard/libc_nano.a(lib_a-sbrkr.o)
                0x00000000080045ac                _sbrk_r
 .text.__sccl   0x00000000080045cc       0x74 /usr/lib/gcc/arm-none-eabi/10.1.0/../../../../arm-none-eabi/lib/thumb/v7e-m+fp/hard/libc_nano.a(lib_a-sccl.o)
                0x00000000080045cc                __sccl
 .text.__sread  0x0000000008004640       0x22 /usr/lib/gcc/arm-none-eabi/10.1.0/../../../../arm-none-eabi/lib/thumb/v7e-m+fp/hard/libc_nano.a(lib_a-stdio.o)
                0x0000000008004640                __sread
 .text.__swrite
                0x0000000008004662       0x38 /usr/lib/gcc/arm-none-eabi/10.1.0/../../../../arm-none-eabi/lib/thumb/v7e-m+fp/hard/libc_nano.a(lib_a-stdio.o)
                0x0000000008004662                __swrite
 .text.__sseek  0x000000000800469a       0x24 /usr/lib/gcc/arm-none-eabi/10.1.0/../../../../arm-none-eabi/lib/thumb/v7e-m+fp/hard/libc_nano.a(lib_a-stdio.o)
                0x000000000800469a                __sseek
 .text.__sclose
                0x00000000080046be        0x8 /usr/lib/gcc/arm-none-eabi/10.1.0/../../../../arm-none-eabi/lib/thumb/v7e-m+fp/hard/libc_nano.a(lib_a-stdio.o)
                0x00000000080046be                __sclose
 .text.__submore
                0x00000000080046c6       0x74 /usr/lib/gcc/arm-none-eabi/10.1.0/../../../../arm-none-eabi/lib/thumb/v7e-m+fp/hard/libc_nano.a(lib_a-ungetc.o)
                0x00000000080046c6                __submore
 *fill*         0x000000000800473a        0x2 
 .text._ungetc_r
                0x000000000800473c      0x130 /usr/lib/gcc/arm-none-eabi/10.1.0/../../../../arm-none-eabi/lib/thumb/v7e-m+fp/hard/libc_nano.a(lib_a-ungetc.o)
                0x000000000800473c                _ungetc_r
 .text.__swbuf_r
                0x000000000800486c       0xa4 /usr/lib/gcc/arm-none-eabi/10.1.0/../../../../arm-none-eabi/lib/thumb/v7e-m+fp/hard/libc_nano.a(lib_a-wbuf.o)
                0x000000000800486c                __swbuf_r
 .text._write_r
                0x0000000008004910       0x24 /usr/lib/gcc/arm-none-eabi/10.1.0/../../../../arm-none-eabi/lib/thumb/v7e-m+fp/hard/libc_nano.a(lib_a-writer.o)
                0x0000000008004910                _write_r
 .text.__swsetup_r
                0x0000000008004934       0xdc /usr/lib/gcc/arm-none-eabi/10.1.0/../../../../arm-none-eabi/lib/thumb/v7e-m+fp/hard/libc_nano.a(lib_a-wsetup.o)
                0x0000000008004934                __swsetup_r
 .text._close_r
                0x0000000008004a10       0x20 /usr/lib/gcc/arm-none-eabi/10.1.0/../../../../arm-none-eabi/lib/thumb/v7e-m+fp/hard/libc_nano.a(lib_a-closer.o)
                0x0000000008004a10                _close_r
 .text._fstat_r
                0x0000000008004a30       0x24 /usr/lib/gcc/arm-none-eabi/10.1.0/../../../../arm-none-eabi/lib/thumb/v7e-m+fp/hard/libc_nano.a(lib_a-fstatr.o)
                0x0000000008004a30                _fstat_r
 .text._isatty_r
                0x0000000008004a54       0x20 /usr/lib/gcc/arm-none-eabi/10.1.0/../../../../arm-none-eabi/lib/thumb/v7e-m+fp/hard/libc_nano.a(lib_a-isattyr.o)
                0x0000000008004a54                _isatty_r
 .text._lseek_r
                0x0000000008004a74       0x24 /usr/lib/gcc/arm-none-eabi/10.1.0/../../../../arm-none-eabi/lib/thumb/v7e-m+fp/hard/libc_nano.a(lib_a-lseekr.o)
                0x0000000008004a74                _lseek_r
 .text.memcpy   0x0000000008004a98       0x1c /usr/lib/gcc/arm-none-eabi/10.1.0/../../../../arm-none-eabi/lib/thumb/v7e-m+fp/hard/libc_nano.a(lib_a-memcpy-stub.o)
                0x0000000008004a98                memcpy
 .text.__malloc_lock
                0x0000000008004ab4        0xc /usr/lib/gcc/arm-none-eabi/10.1.0/../../../../arm-none-eabi/lib/thumb/v7e-m+fp/hard/libc_nano.a(lib_a-mlock.o)
                0x0000000008004ab4                __malloc_lock
 .text.__malloc_unlock
                0x0000000008004ac0        0xc /usr/lib/gcc/arm-none-eabi/10.1.0/../../../../arm-none-eabi/lib/thumb/v7e-m+fp/hard/libc_nano.a(lib_a-mlock.o)
                0x0000000008004ac0                __malloc_unlock
 .text._realloc_r
                0x0000000008004acc       0x4c /usr/lib/gcc/arm-none-eabi/10.1.0/../../../../arm-none-eabi/lib/thumb/v7e-m+fp/hard/libc_nano.a(lib_a-nano-reallocr.o)
                0x0000000008004acc                _realloc_r
 .text._printf_common
                0x0000000008004b18       0xda /usr/lib/gcc/arm-none-eabi/10.1.0/../../../../arm-none-eabi/lib/thumb/v7e-m+fp/hard/libc_nano.a(lib_a-nano-vfprintf_i.o)
                0x0000000008004b18                _printf_common
 *fill*         0x0000000008004bf2        0x2 
 .text._printf_i
                0x0000000008004bf4      0x24c /usr/lib/gcc/arm-none-eabi/10.1.0/../../../../arm-none-eabi/lib/thumb/v7e-m+fp/hard/libc_nano.a(lib_a-nano-vfprintf_i.o)
                0x0000000008004bf4                _printf_i
 .text._scanf_chars
                0x0000000008004e40       0xb0 /usr/lib/gcc/arm-none-eabi/10.1.0/../../../../arm-none-eabi/lib/thumb/v7e-m+fp/hard/libc_nano.a(lib_a-nano-vfscanf_i.o)
                0x0000000008004e40                _scanf_chars
 .text._scanf_i
                0x0000000008004ef0      0x1e8 /usr/lib/gcc/arm-none-eabi/10.1.0/../../../../arm-none-eabi/lib/thumb/v7e-m+fp/hard/libc_nano.a(lib_a-nano-vfscanf_i.o)
                0x0000000008004ef0                _scanf_i
 .text._read_r  0x00000000080050d8       0x24 /usr/lib/gcc/arm-none-eabi/10.1.0/../../../../arm-none-eabi/lib/thumb/v7e-m+fp/hard/libc_nano.a(lib_a-readr.o)
                0x00000000080050d8                _read_r
 .text._strtoul_l.isra.0
                0x00000000080050fc       0xf8 /usr/lib/gcc/arm-none-eabi/10.1.0/../../../../arm-none-eabi/lib/thumb/v7e-m+fp/hard/libc_nano.a(lib_a-strtoul.o)
 .text._strtoul_r
                0x00000000080051f4        0x4 /usr/lib/gcc/arm-none-eabi/10.1.0/../../../../arm-none-eabi/lib/thumb/v7e-m+fp/hard/libc_nano.a(lib_a-strtoul.o)
                0x00000000080051f4                _strtoul_r
 .text._malloc_usable_size_r
                0x00000000080051f8       0x10 /usr/lib/gcc/arm-none-eabi/10.1.0/../../../../arm-none-eabi/lib/thumb/v7e-m+fp/hard/libc_nano.a(lib_a-nano-msizer.o)
                0x00000000080051f8                _malloc_usable_size_r
 .text._sbrk    0x0000000008005208       0x1c /usr/lib/gcc/arm-none-eabi/10.1.0/../../../../arm-none-eabi/lib/thumb/v7e-m+fp/hard/libnosys.a(sbrk.o)
                0x0000000008005208                _sbrk
 .text.__udivmoddi4
                0x0000000008005224      0x2aa /usr/lib/gcc/arm-none-eabi/10.1.0/thumb/v7e-m+fp/hard/libgcc.a(_udivmoddi4.o)
                0x0000000008005224                __udivmoddi4
 *(.glue_7)
 .glue_7        0x00000000080054ce        0x0 linker stubs
 *(.glue_7t)
 .glue_7t       0x00000000080054ce        0x0 linker stubs
 *(.eh_frame)
 *fill*         0x00000000080054ce        0x2 
 .eh_frame      0x00000000080054d0        0x0 /usr/lib/gcc/arm-none-eabi/10.1.0/thumb/v7e-m+fp/hard/crtbegin.o
 *(.init)
 .init          0x00000000080054d0        0x4 /usr/lib/gcc/arm-none-eabi/10.1.0/thumb/v7e-m+fp/hard/crti.o
                0x00000000080054d0                _init
 .init          0x00000000080054d4        0x8 /usr/lib/gcc/arm-none-eabi/10.1.0/thumb/v7e-m+fp/hard/crtn.o
 *(.fini)
 .fini          0x00000000080054dc        0x4 /usr/lib/gcc/arm-none-eabi/10.1.0/thumb/v7e-m+fp/hard/crti.o
                0x00000000080054dc                _fini
 .fini          0x00000000080054e0        0x8 /usr/lib/gcc/arm-none-eabi/10.1.0/thumb/v7e-m+fp/hard/crtn.o
                0x00000000080054e8                . = ALIGN (0x8)
                0x00000000080054e8                _etext = .

.vfp11_veneer   0x00000000080054e8        0x0
 .vfp11_veneer  0x00000000080054e8        0x0 linker stubs

.v4_bx          0x00000000080054e8        0x0
 .v4_bx         0x00000000080054e8        0x0 linker stubs

.iplt           0x00000000080054e8        0x0
 .iplt          0x00000000080054e8        0x0 /usr/lib/gcc/arm-none-eabi/10.1.0/thumb/v7e-m+fp/hard/crtbegin.o

.rodata         0x00000000080054e8      0x3f0
                0x00000000080054e8                . = ALIGN (0x8)
 *(.rodata)
 .rodata        0x00000000080054e8        0xc /usr/lib/gcc/arm-none-eabi/10.1.0/../../../../arm-none-eabi/lib/thumb/v7e-m+fp/hard/libc_nano.a(lib_a-nano-vfscanf_i.o)
 *(.rodata*)
 .rodata.main.str1.4
                0x00000000080054f4       0x23 build/main.o
 *fill*         0x0000000008005517        0x1 
 .rodata.TIM_OC1_SetConfig.str1.4
                0x0000000008005518       0x35 build/stm32l4xx_hal_tim.o
 *fill*         0x000000000800554d        0x3 
 .rodata.HAL_TIMEx_HallSensor_Init.str1.4
                0x0000000008005550       0x38 build/stm32l4xx_hal_tim_ex.o
 .rodata.HAL_RCC_MCOConfig.str1.4
                0x0000000008005588       0x35 build/stm32l4xx_hal_rcc.o
 *fill*         0x00000000080055bd        0x3 
 .rodata.RCCEx_PLLSAI1_Config.str1.4
                0x00000000080055c0       0x38 build/stm32l4xx_hal_rcc_ex.o
 .rodata.HAL_GPIO_Init.str1.4
                0x00000000080055f8       0x36 build/stm32l4xx_hal_gpio.o
 *fill*         0x000000000800562e        0x2 
 .rodata.HAL_PWREx_ControlVoltageScaling.str1.4
                0x0000000008005630       0x38 build/stm32l4xx_hal_pwr_ex.o
 .rodata.HAL_NVIC_SetPriorityGrouping.str1.4
                0x0000000008005668       0x38 build/stm32l4xx_hal_cortex.o
 .rodata.HAL_UART_DeInit.str1.4
                0x00000000080056a0       0x36 build/stm32l4xx_hal_uart.o
 *fill*         0x00000000080056d6        0x2 
 .rodata.AHBPrescTable
                0x00000000080056d8       0x10 build/system_stm32l4xx.o
                0x00000000080056d8                AHBPrescTable
 .rodata.APBPrescTable
                0x00000000080056e8        0x8 build/system_stm32l4xx.o
                0x00000000080056e8                APBPrescTable
 .rodata.MSIRangeTable
                0x00000000080056f0       0x30 build/system_stm32l4xx.o
                0x00000000080056f0                MSIRangeTable
 .rodata._global_impure_ptr
                0x0000000008005720        0x4 /usr/lib/gcc/arm-none-eabi/10.1.0/../../../../arm-none-eabi/lib/thumb/v7e-m+fp/hard/libc_nano.a(lib_a-impure.o)
                0x0000000008005720                _global_impure_ptr
 .rodata._ctype_
                0x0000000008005724      0x101 /usr/lib/gcc/arm-none-eabi/10.1.0/../../../../arm-none-eabi/lib/thumb/v7e-m+fp/hard/libc_nano.a(lib_a-ctype_.o)
                0x0000000008005724                _ctype_
 *fill*         0x0000000008005825        0x3 
 .rodata.__sf_fake_stderr
                0x0000000008005828       0x20 /usr/lib/gcc/arm-none-eabi/10.1.0/../../../../arm-none-eabi/lib/thumb/v7e-m+fp/hard/libc_nano.a(lib_a-findfp.o)
                0x0000000008005828                __sf_fake_stderr
 .rodata.__sf_fake_stdin
                0x0000000008005848       0x20 /usr/lib/gcc/arm-none-eabi/10.1.0/../../../../arm-none-eabi/lib/thumb/v7e-m+fp/hard/libc_nano.a(lib_a-findfp.o)
                0x0000000008005848                __sf_fake_stdin
 .rodata.__sf_fake_stdout
                0x0000000008005868       0x20 /usr/lib/gcc/arm-none-eabi/10.1.0/../../../../arm-none-eabi/lib/thumb/v7e-m+fp/hard/libc_nano.a(lib_a-findfp.o)
                0x0000000008005868                __sf_fake_stdout
 .rodata._vfprintf_r.str1.1
                0x0000000008005888       0x11 /usr/lib/gcc/arm-none-eabi/10.1.0/../../../../arm-none-eabi/lib/thumb/v7e-m+fp/hard/libc_nano.a(lib_a-nano-vfprintf.o)
 .rodata.__svfscanf_r.str1.1
                0x0000000008005899        0x4 /usr/lib/gcc/arm-none-eabi/10.1.0/../../../../arm-none-eabi/lib/thumb/v7e-m+fp/hard/libc_nano.a(lib_a-nano-vfscanf.o)
 .rodata._printf_i.str1.1
                0x0000000008005899       0x22 /usr/lib/gcc/arm-none-eabi/10.1.0/../../../../arm-none-eabi/lib/thumb/v7e-m+fp/hard/libc_nano.a(lib_a-nano-vfprintf_i.o)
 .rodata.str1.1
                0x00000000080058bb        0x9 /usr/lib/gcc/arm-none-eabi/10.1.0/../../../../arm-none-eabi/lib/thumb/v7e-m+fp/hard/libc_nano.a(lib_a-nano-vfscanf_i.o)
 .rodata._scanf_i.str1.1
                0x00000000080058c4       0x12 /usr/lib/gcc/arm-none-eabi/10.1.0/../../../../arm-none-eabi/lib/thumb/v7e-m+fp/hard/libc_nano.a(lib_a-nano-vfscanf_i.o)
                0x00000000080058d8                . = ALIGN (0x8)
 *fill*         0x00000000080058d6        0x2 

.ARM.extab      0x00000000080058d8        0x0
                0x00000000080058d8                . = ALIGN (0x8)
 *(.ARM.extab* .gnu.linkonce.armextab.*)
                0x00000000080058d8                . = ALIGN (0x8)

.ARM            0x00000000080058d8        0x8
                0x00000000080058d8                . = ALIGN (0x8)
                0x00000000080058d8                __exidx_start = .
 *(.ARM.exidx*)
 .ARM.exidx.text.__udivmoddi4
                0x00000000080058d8        0x8 /usr/lib/gcc/arm-none-eabi/10.1.0/thumb/v7e-m+fp/hard/libgcc.a(_udivmoddi4.o)
                0x00000000080058e0                __exidx_end = .
                0x00000000080058e0                . = ALIGN (0x8)

.rel.dyn        0x00000000080058e0        0x0
 .rel.iplt      0x00000000080058e0        0x0 /usr/lib/gcc/arm-none-eabi/10.1.0/thumb/v7e-m+fp/hard/crtbegin.o

.preinit_array  0x00000000080058e0        0x0
                0x00000000080058e0                . = ALIGN (0x8)
                0x00000000080058e0                PROVIDE (__preinit_array_start = .)
 *(.preinit_array*)
                0x00000000080058e0                PROVIDE (__preinit_array_end = .)
                0x00000000080058e0                . = ALIGN (0x8)

.init_array     0x00000000080058e0        0x8
                0x00000000080058e0                . = ALIGN (0x8)
                0x00000000080058e0                PROVIDE (__init_array_start = .)
 *(SORT_BY_NAME(.init_array.*))
 *(.init_array*)
 .init_array    0x00000000080058e0        0x4 /usr/lib/gcc/arm-none-eabi/10.1.0/thumb/v7e-m+fp/hard/crtbegin.o
                0x00000000080058e4                PROVIDE (__init_array_end = .)
                0x00000000080058e8                . = ALIGN (0x8)
 *fill*         0x00000000080058e4        0x4 

.fini_array     0x00000000080058e8        0x8
                0x00000000080058e8                . = ALIGN (0x8)
                0x00000000080058e8                PROVIDE (__fini_array_start = .)
 *(SORT_BY_NAME(.fini_array.*))
 *(.fini_array*)
 .fini_array    0x00000000080058e8        0x4 /usr/lib/gcc/arm-none-eabi/10.1.0/thumb/v7e-m+fp/hard/crtbegin.o
                0x00000000080058ec                PROVIDE (__fini_array_end = .)
                0x00000000080058f0                . = ALIGN (0x8)
 *fill*         0x00000000080058ec        0x4 
                0x00000000080058f0                _sidata = LOADADDR (.data)

.data           0x0000000020000000       0x70 load address 0x00000000080058f0
                0x0000000020000000                . = ALIGN (0x8)
                0x0000000020000000                _sdata = .
 *(.data)
 *(.data*)
 .data.uwTickFreq
                0x0000000020000000        0x4 build/stm32l4xx_hal.o
                0x0000000020000000                uwTickFreq
 .data.uwTickPrio
                0x0000000020000004        0x4 build/stm32l4xx_hal.o
                0x0000000020000004                uwTickPrio
 .data.SystemCoreClock
                0x0000000020000008        0x4 build/system_stm32l4xx.o
                0x0000000020000008                SystemCoreClock
 .data._impure_ptr
                0x000000002000000c        0x4 /usr/lib/gcc/arm-none-eabi/10.1.0/../../../../arm-none-eabi/lib/thumb/v7e-m+fp/hard/libc_nano.a(lib_a-impure.o)
                0x000000002000000c                _impure_ptr
 .data.impure_data
                0x0000000020000010       0x60 /usr/lib/gcc/arm-none-eabi/10.1.0/../../../../arm-none-eabi/lib/thumb/v7e-m+fp/hard/libc_nano.a(lib_a-impure.o)
                0x0000000020000070                . = ALIGN (0x8)
                0x0000000020000070                _edata = .

.igot.plt       0x0000000020000070        0x0 load address 0x0000000008005960
 .igot.plt      0x0000000020000070        0x0 /usr/lib/gcc/arm-none-eabi/10.1.0/thumb/v7e-m+fp/hard/crtbegin.o
                0x0000000020000070                . = ALIGN (0x4)

.bss            0x0000000020000070      0x100 load address 0x0000000008005960
                0x0000000020000070                _sbss = .
                0x0000000020000070                __bss_start__ = _sbss
 *(.bss)
 *(.bss*)
 .bss.completed.1
                0x0000000020000070        0x1 /usr/lib/gcc/arm-none-eabi/10.1.0/thumb/v7e-m+fp/hard/crtbegin.o
 *fill*         0x0000000020000071        0x3 
 .bss.object.0  0x0000000020000074       0x18 /usr/lib/gcc/arm-none-eabi/10.1.0/thumb/v7e-m+fp/hard/crtbegin.o
 .bss.gHuart    0x000000002000008c        0x4 build/retarget.o
                0x000000002000008c                gHuart
 .bss.htim1     0x0000000020000090       0x40 build/tim.o
                0x0000000020000090                htim1
 .bss.huart2    0x00000000200000d0       0x80 build/usart.o
                0x00000000200000d0                huart2
 .bss.uwTick    0x0000000020000150        0x4 build/stm32l4xx_hal.o
                0x0000000020000150                uwTick
 .bss.__malloc_free_list
                0x0000000020000154        0x4 /usr/lib/gcc/arm-none-eabi/10.1.0/../../../../arm-none-eabi/lib/thumb/v7e-m+fp/hard/libc_nano.a(lib_a-nano-mallocr.o)
                0x0000000020000154                __malloc_free_list
 .bss.__malloc_sbrk_start
                0x0000000020000158        0x4 /usr/lib/gcc/arm-none-eabi/10.1.0/../../../../arm-none-eabi/lib/thumb/v7e-m+fp/hard/libc_nano.a(lib_a-nano-mallocr.o)
                0x0000000020000158                __malloc_sbrk_start
 .bss.heap_end.5507
                0x000000002000015c        0x4 /usr/lib/gcc/arm-none-eabi/10.1.0/../../../../arm-none-eabi/lib/thumb/v7e-m+fp/hard/libnosys.a(sbrk.o)
 *(COMMON)
 COMMON         0x0000000020000160        0x9 /usr/lib/gcc/arm-none-eabi/10.1.0/../../../../arm-none-eabi/lib/thumb/v7e-m+fp/hard/libc_nano.a(lib_a-lock.o)
                0x0000000020000160                __lock___atexit_recursive_mutex
                0x0000000020000161                __lock___arc4random_mutex
                0x0000000020000162                __lock___env_recursive_mutex
                0x0000000020000163                __lock___sinit_recursive_mutex
                0x0000000020000164                __lock___malloc_recursive_mutex
                0x0000000020000165                __lock___at_quick_exit_mutex
                0x0000000020000166                __lock___dd_hash_mutex
                0x0000000020000167                __lock___tz_mutex
                0x0000000020000168                __lock___sfp_recursive_mutex
 *fill*         0x0000000020000169        0x3 
 COMMON         0x000000002000016c        0x4 /usr/lib/gcc/arm-none-eabi/10.1.0/../../../../arm-none-eabi/lib/thumb/v7e-m+fp/hard/libc_nano.a(lib_a-reent.o)
                0x000000002000016c                errno
                0x0000000020000170                . = ALIGN (0x4)
                0x0000000020000170                _ebss = .
                0x0000000020000170                __bss_end__ = _ebss

._user_heap_stack
                0x0000000020000170      0x600 load address 0x0000000008005960
                0x0000000020000170                . = ALIGN (0x8)
                0x0000000020000170                PROVIDE (end = .)
                [!provide]                        PROVIDE (_end = .)
                0x0000000020000370                . = (. + _Min_Heap_Size)
 *fill*         0x0000000020000170      0x200 
                0x0000000020000770                . = (. + _Min_Stack_Size)
 *fill*         0x0000000020000370      0x400 
                0x0000000020000770                . = ALIGN (0x8)

/DISCARD/
 libc.a(*)
 libm.a(*)
 libgcc.a(*)

.ARM.attributes
                0x0000000000000000       0x30
 *(.ARM.attributes)
 .ARM.attributes
                0x0000000000000000       0x1e /usr/lib/gcc/arm-none-eabi/10.1.0/thumb/v7e-m+fp/hard/crti.o
 .ARM.attributes
                0x000000000000001e       0x34 /usr/lib/gcc/arm-none-eabi/10.1.0/thumb/v7e-m+fp/hard/crtbegin.o
 .ARM.attributes
                0x0000000000000052       0x34 build/retarget.o
 .ARM.attributes
                0x0000000000000086       0x34 build/PwmDriver.o
 .ARM.attributes
                0x00000000000000ba       0x34 build/main.o
 .ARM.attributes
                0x00000000000000ee       0x34 build/gpio.o
 .ARM.attributes
                0x0000000000000122       0x34 build/tim.o
 .ARM.attributes
                0x0000000000000156       0x34 build/usart.o
 .ARM.attributes
                0x000000000000018a       0x34 build/stm32l4xx_it.o
 .ARM.attributes
                0x00000000000001be       0x34 build/stm32l4xx_hal_msp.o
 .ARM.attributes
                0x00000000000001f2       0x34 build/stm32l4xx_hal_tim.o
 .ARM.attributes
                0x0000000000000226       0x34 build/stm32l4xx_hal_tim_ex.o
 .ARM.attributes
                0x000000000000025a       0x34 build/stm32l4xx_hal.o
 .ARM.attributes
                0x000000000000028e       0x34 build/stm32l4xx_hal_rcc.o
 .ARM.attributes
                0x00000000000002c2       0x34 build/stm32l4xx_hal_rcc_ex.o
 .ARM.attributes
                0x00000000000002f6       0x34 build/stm32l4xx_hal_gpio.o
 .ARM.attributes
                0x000000000000032a       0x34 build/stm32l4xx_hal_pwr.o
 .ARM.attributes
                0x000000000000035e       0x34 build/stm32l4xx_hal_pwr_ex.o
 .ARM.attributes
                0x0000000000000392       0x34 build/stm32l4xx_hal_cortex.o
 .ARM.attributes
                0x00000000000003c6       0x34 build/stm32l4xx_hal_uart.o
 .ARM.attributes
                0x00000000000003fa       0x34 build/system_stm32l4xx.o
 .ARM.attributes
                0x000000000000042e       0x21 build/startup_stm32l432xx.o
 .ARM.attributes
                0x000000000000044f       0x34 /usr/lib/gcc/arm-none-eabi/10.1.0/../../../../arm-none-eabi/lib/thumb/v7e-m+fp/hard/libc_nano.a(lib_a-atoi.o)
 .ARM.attributes
                0x0000000000000483       0x34 /usr/lib/gcc/arm-none-eabi/10.1.0/../../../../arm-none-eabi/lib/thumb/v7e-m+fp/hard/libc_nano.a(lib_a-errno.o)
 .ARM.attributes
                0x00000000000004b7       0x32 /usr/lib/gcc/arm-none-eabi/10.1.0/../../../../arm-none-eabi/lib/thumb/v7e-m+fp/hard/libc_nano.a(lib_a-impure.o)
 .ARM.attributes
                0x00000000000004e9       0x34 /usr/lib/gcc/arm-none-eabi/10.1.0/../../../../arm-none-eabi/lib/thumb/v7e-m+fp/hard/libc_nano.a(lib_a-init.o)
 .ARM.attributes
                0x000000000000051d       0x34 /usr/lib/gcc/arm-none-eabi/10.1.0/../../../../arm-none-eabi/lib/thumb/v7e-m+fp/hard/libc_nano.a(lib_a-memset.o)
 .ARM.attributes
                0x0000000000000551       0x34 /usr/lib/gcc/arm-none-eabi/10.1.0/../../../../arm-none-eabi/lib/thumb/v7e-m+fp/hard/libc_nano.a(lib_a-printf.o)
 .ARM.attributes
                0x0000000000000585       0x34 /usr/lib/gcc/arm-none-eabi/10.1.0/../../../../arm-none-eabi/lib/thumb/v7e-m+fp/hard/libc_nano.a(lib_a-scanf.o)
 .ARM.attributes
                0x00000000000005b9       0x34 /usr/lib/gcc/arm-none-eabi/10.1.0/../../../../arm-none-eabi/lib/thumb/v7e-m+fp/hard/libc_nano.a(lib_a-setvbuf.o)
 .ARM.attributes
                0x00000000000005ed       0x34 /usr/lib/gcc/arm-none-eabi/10.1.0/../../../../arm-none-eabi/lib/thumb/v7e-m+fp/hard/libc_nano.a(lib_a-strtol.o)
 .ARM.attributes
                0x0000000000000621       0x32 /usr/lib/gcc/arm-none-eabi/10.1.0/../../../../arm-none-eabi/lib/thumb/v7e-m+fp/hard/libc_nano.a(lib_a-ctype_.o)
 .ARM.attributes
                0x0000000000000653       0x34 /usr/lib/gcc/arm-none-eabi/10.1.0/../../../../arm-none-eabi/lib/thumb/v7e-m+fp/hard/libc_nano.a(lib_a-fflush.o)
 .ARM.attributes
                0x0000000000000687       0x34 /usr/lib/gcc/arm-none-eabi/10.1.0/../../../../arm-none-eabi/lib/thumb/v7e-m+fp/hard/libc_nano.a(lib_a-findfp.o)
 .ARM.attributes
                0x00000000000006bb       0x34 /usr/lib/gcc/arm-none-eabi/10.1.0/../../../../arm-none-eabi/lib/thumb/v7e-m+fp/hard/libc_nano.a(lib_a-fwalk.o)
 .ARM.attributes
                0x00000000000006ef       0x34 /usr/lib/gcc/arm-none-eabi/10.1.0/../../../../arm-none-eabi/lib/thumb/v7e-m+fp/hard/libc_nano.a(lib_a-lock.o)
 .ARM.attributes
                0x0000000000000723       0x34 /usr/lib/gcc/arm-none-eabi/10.1.0/../../../../arm-none-eabi/lib/thumb/v7e-m+fp/hard/libc_nano.a(lib_a-makebuf.o)
 .ARM.attributes
                0x0000000000000757       0x34 /usr/lib/gcc/arm-none-eabi/10.1.0/../../../../arm-none-eabi/lib/thumb/v7e-m+fp/hard/libc_nano.a(lib_a-malloc.o)
 .ARM.attributes
                0x000000000000078b       0x34 /usr/lib/gcc/arm-none-eabi/10.1.0/../../../../arm-none-eabi/lib/thumb/v7e-m+fp/hard/libc_nano.a(lib_a-nano-freer.o)
 .ARM.attributes
                0x00000000000007bf       0x34 /usr/lib/gcc/arm-none-eabi/10.1.0/../../../../arm-none-eabi/lib/thumb/v7e-m+fp/hard/libc_nano.a(lib_a-nano-mallocr.o)
 .ARM.attributes
                0x00000000000007f3       0x34 /usr/lib/gcc/arm-none-eabi/10.1.0/../../../../arm-none-eabi/lib/thumb/v7e-m+fp/hard/libc_nano.a(lib_a-nano-vfprintf.o)
 .ARM.attributes
                0x0000000000000827       0x34 /usr/lib/gcc/arm-none-eabi/10.1.0/../../../../arm-none-eabi/lib/thumb/v7e-m+fp/hard/libc_nano.a(lib_a-nano-vfscanf.o)
 .ARM.attributes
                0x000000000000085b       0x34 /usr/lib/gcc/arm-none-eabi/10.1.0/../../../../arm-none-eabi/lib/thumb/v7e-m+fp/hard/libc_nano.a(lib_a-refill.o)
 .ARM.attributes
                0x000000000000088f       0x34 /usr/lib/gcc/arm-none-eabi/10.1.0/../../../../arm-none-eabi/lib/thumb/v7e-m+fp/hard/libc_nano.a(lib_a-sbrkr.o)
 .ARM.attributes
                0x00000000000008c3       0x34 /usr/lib/gcc/arm-none-eabi/10.1.0/../../../../arm-none-eabi/lib/thumb/v7e-m+fp/hard/libc_nano.a(lib_a-sccl.o)
 .ARM.attributes
                0x00000000000008f7       0x34 /usr/lib/gcc/arm-none-eabi/10.1.0/../../../../arm-none-eabi/lib/thumb/v7e-m+fp/hard/libc_nano.a(lib_a-stdio.o)
 .ARM.attributes
                0x000000000000092b       0x34 /usr/lib/gcc/arm-none-eabi/10.1.0/../../../../arm-none-eabi/lib/thumb/v7e-m+fp/hard/libc_nano.a(lib_a-ungetc.o)
 .ARM.attributes
                0x000000000000095f       0x34 /usr/lib/gcc/arm-none-eabi/10.1.0/../../../../arm-none-eabi/lib/thumb/v7e-m+fp/hard/libc_nano.a(lib_a-wbuf.o)
 .ARM.attributes
                0x0000000000000993       0x34 /usr/lib/gcc/arm-none-eabi/10.1.0/../../../../arm-none-eabi/lib/thumb/v7e-m+fp/hard/libc_nano.a(lib_a-writer.o)
 .ARM.attributes
                0x00000000000009c7       0x34 /usr/lib/gcc/arm-none-eabi/10.1.0/../../../../arm-none-eabi/lib/thumb/v7e-m+fp/hard/libc_nano.a(lib_a-wsetup.o)
 .ARM.attributes
                0x00000000000009fb       0x34 /usr/lib/gcc/arm-none-eabi/10.1.0/../../../../arm-none-eabi/lib/thumb/v7e-m+fp/hard/libc_nano.a(lib_a-closer.o)
 .ARM.attributes
                0x0000000000000a2f       0x34 /usr/lib/gcc/arm-none-eabi/10.1.0/../../../../arm-none-eabi/lib/thumb/v7e-m+fp/hard/libc_nano.a(lib_a-fstatr.o)
 .ARM.attributes
                0x0000000000000a63       0x34 /usr/lib/gcc/arm-none-eabi/10.1.0/../../../../arm-none-eabi/lib/thumb/v7e-m+fp/hard/libc_nano.a(lib_a-isattyr.o)
 .ARM.attributes
                0x0000000000000a97       0x34 /usr/lib/gcc/arm-none-eabi/10.1.0/../../../../arm-none-eabi/lib/thumb/v7e-m+fp/hard/libc_nano.a(lib_a-lseekr.o)
 .ARM.attributes
                0x0000000000000acb       0x1c /usr/lib/gcc/arm-none-eabi/10.1.0/../../../../arm-none-eabi/lib/thumb/v7e-m+fp/hard/libc_nano.a(lib_a-memchr.o)
 .ARM.attributes
                0x0000000000000ae7       0x34 /usr/lib/gcc/arm-none-eabi/10.1.0/../../../../arm-none-eabi/lib/thumb/v7e-m+fp/hard/libc_nano.a(lib_a-memcpy-stub.o)
 .ARM.attributes
                0x0000000000000b1b       0x34 /usr/lib/gcc/arm-none-eabi/10.1.0/../../../../arm-none-eabi/lib/thumb/v7e-m+fp/hard/libc_nano.a(lib_a-mlock.o)
 .ARM.attributes
                0x0000000000000b4f       0x34 /usr/lib/gcc/arm-none-eabi/10.1.0/../../../../arm-none-eabi/lib/thumb/v7e-m+fp/hard/libc_nano.a(lib_a-nano-reallocr.o)
 .ARM.attributes
                0x0000000000000b83       0x34 /usr/lib/gcc/arm-none-eabi/10.1.0/../../../../arm-none-eabi/lib/thumb/v7e-m+fp/hard/libc_nano.a(lib_a-nano-vfprintf_i.o)
 .ARM.attributes
                0x0000000000000bb7       0x34 /usr/lib/gcc/arm-none-eabi/10.1.0/../../../../arm-none-eabi/lib/thumb/v7e-m+fp/hard/libc_nano.a(lib_a-nano-vfscanf_i.o)
 .ARM.attributes
                0x0000000000000beb       0x34 /usr/lib/gcc/arm-none-eabi/10.1.0/../../../../arm-none-eabi/lib/thumb/v7e-m+fp/hard/libc_nano.a(lib_a-readr.o)
 .ARM.attributes
                0x0000000000000c1f       0x34 /usr/lib/gcc/arm-none-eabi/10.1.0/../../../../arm-none-eabi/lib/thumb/v7e-m+fp/hard/libc_nano.a(lib_a-reent.o)
 .ARM.attributes
                0x0000000000000c53       0x34 /usr/lib/gcc/arm-none-eabi/10.1.0/../../../../arm-none-eabi/lib/thumb/v7e-m+fp/hard/libc_nano.a(lib_a-strtoul.o)
 .ARM.attributes
                0x0000000000000c87       0x34 /usr/lib/gcc/arm-none-eabi/10.1.0/../../../../arm-none-eabi/lib/thumb/v7e-m+fp/hard/libc_nano.a(lib_a-nano-msizer.o)
 .ARM.attributes
                0x0000000000000cbb       0x34 /usr/lib/gcc/arm-none-eabi/10.1.0/../../../../arm-none-eabi/lib/thumb/v7e-m+fp/hard/libnosys.a(sbrk.o)
 .ARM.attributes
                0x0000000000000cef       0x1e /usr/lib/gcc/arm-none-eabi/10.1.0/thumb/v7e-m+fp/hard/libgcc.a(_aeabi_uldivmod.o)
 .ARM.attributes
                0x0000000000000d0d       0x34 /usr/lib/gcc/arm-none-eabi/10.1.0/thumb/v7e-m+fp/hard/libgcc.a(_udivmoddi4.o)
 .ARM.attributes
                0x0000000000000d41       0x1e /usr/lib/gcc/arm-none-eabi/10.1.0/thumb/v7e-m+fp/hard/libgcc.a(_dvmd_tls.o)
 .ARM.attributes
                0x0000000000000d5f       0x1e /usr/lib/gcc/arm-none-eabi/10.1.0/thumb/v7e-m+fp/hard/crtn.o
OUTPUT(build/FW_GoKart.elf elf32-littlearm)
LOAD linker stubs
LOAD /usr/lib/gcc/arm-none-eabi/10.1.0/../../../../arm-none-eabi/lib/thumb/v7e-m+fp/hard/libc.a
LOAD /usr/lib/gcc/arm-none-eabi/10.1.0/../../../../arm-none-eabi/lib/thumb/v7e-m+fp/hard/libm.a
LOAD /usr/lib/gcc/arm-none-eabi/10.1.0/thumb/v7e-m+fp/hard/libgcc.a

.debug_info     0x0000000000000000    0x16288
 .debug_info    0x0000000000000000     0x1589 build/retarget.o
 .debug_info    0x0000000000001589      0x972 build/PwmDriver.o
 .debug_info    0x0000000000001efb     0x1389 build/main.o
 .debug_info    0x0000000000003284      0x558 build/gpio.o
 .debug_info    0x00000000000037dc      0xe66 build/tim.o
 .debug_info    0x0000000000004642      0xc4f build/usart.o
 .debug_info    0x0000000000005291      0x15b build/stm32l4xx_it.o
 .debug_info    0x00000000000053ec      0x370 build/stm32l4xx_hal_msp.o
 .debug_info    0x000000000000575c     0x5103 build/stm32l4xx_hal_tim.o
 .debug_info    0x000000000000a85f     0x2117 build/stm32l4xx_hal_tim_ex.o
 .debug_info    0x000000000000c976      0xb40 build/stm32l4xx_hal.o
 .debug_info    0x000000000000d4b6     0x1387 build/stm32l4xx_hal_rcc.o
 .debug_info    0x000000000000e83d     0x183e build/stm32l4xx_hal_rcc_ex.o
 .debug_info    0x000000000001007b      0xb15 build/stm32l4xx_hal_gpio.o
 .debug_info    0x0000000000010b90      0xba1 build/stm32l4xx_hal_pwr.o
 .debug_info    0x0000000000011731      0xc8b build/stm32l4xx_hal_pwr_ex.o
 .debug_info    0x00000000000123bc     0x1390 build/stm32l4xx_hal_cortex.o
 .debug_info    0x000000000001374c     0x2476 build/stm32l4xx_hal_uart.o
 .debug_info    0x0000000000015bc2      0x6a4 build/system_stm32l4xx.o
 .debug_info    0x0000000000016266       0x22 build/startup_stm32l432xx.o

.debug_abbrev   0x0000000000000000     0x275f
 .debug_abbrev  0x0000000000000000      0x296 build/retarget.o
 .debug_abbrev  0x0000000000000296      0x1c1 build/PwmDriver.o
 .debug_abbrev  0x0000000000000457      0x263 build/main.o
 .debug_abbrev  0x00000000000006ba      0x151 build/gpio.o
 .debug_abbrev  0x000000000000080b      0x232 build/tim.o
 .debug_abbrev  0x0000000000000a3d      0x1d7 build/usart.o
 .debug_abbrev  0x0000000000000c14       0x81 build/stm32l4xx_it.o
 .debug_abbrev  0x0000000000000c95       0xc1 build/stm32l4xx_hal_msp.o
 .debug_abbrev  0x0000000000000d56      0x282 build/stm32l4xx_hal_tim.o
 .debug_abbrev  0x0000000000000fd8      0x27e build/stm32l4xx_hal_tim_ex.o
 .debug_abbrev  0x0000000000001256      0x21c build/stm32l4xx_hal.o
 .debug_abbrev  0x0000000000001472      0x26e build/stm32l4xx_hal_rcc.o
 .debug_abbrev  0x00000000000016e0      0x2b0 build/stm32l4xx_hal_rcc_ex.o
 .debug_abbrev  0x0000000000001990      0x241 build/stm32l4xx_hal_gpio.o
 .debug_abbrev  0x0000000000001bd1      0x1ae build/stm32l4xx_hal_pwr.o
 .debug_abbrev  0x0000000000001d7f      0x232 build/stm32l4xx_hal_pwr_ex.o
 .debug_abbrev  0x0000000000001fb1      0x3be build/stm32l4xx_hal_cortex.o
 .debug_abbrev  0x000000000000236f      0x29e build/stm32l4xx_hal_uart.o
 .debug_abbrev  0x000000000000260d      0x140 build/system_stm32l4xx.o
 .debug_abbrev  0x000000000000274d       0x12 build/startup_stm32l432xx.o

.debug_loc      0x0000000000000000     0xbf48
 .debug_loc     0x0000000000000000      0x469 build/retarget.o
 .debug_loc     0x0000000000000469      0x16e build/PwmDriver.o
 .debug_loc     0x00000000000005d7       0x88 build/main.o
 .debug_loc     0x000000000000065f       0x38 build/gpio.o
 .debug_loc     0x0000000000000697       0xf8 build/tim.o
 .debug_loc     0x000000000000078f      0x108 build/usart.o
 .debug_loc     0x0000000000000897       0x20 build/stm32l4xx_it.o
 .debug_loc     0x00000000000008b7       0x2c build/stm32l4xx_hal_msp.o
 .debug_loc     0x00000000000008e3     0x3be8 build/stm32l4xx_hal_tim.o
 .debug_loc     0x00000000000044cb     0x1a3d build/stm32l4xx_hal_tim_ex.o
 .debug_loc     0x0000000000005f08      0x241 build/stm32l4xx_hal.o
 .debug_loc     0x0000000000006149      0xa9a build/stm32l4xx_hal_rcc.o
 .debug_loc     0x0000000000006be3     0x13c0 build/stm32l4xx_hal_rcc_ex.o
 .debug_loc     0x0000000000007fa3      0x6cb build/stm32l4xx_hal_gpio.o
 .debug_loc     0x000000000000866e      0x270 build/stm32l4xx_hal_pwr.o
 .debug_loc     0x00000000000088de      0x7f1 build/stm32l4xx_hal_pwr_ex.o
 .debug_loc     0x00000000000090cf      0xa74 build/stm32l4xx_hal_cortex.o
 .debug_loc     0x0000000000009b43     0x221a build/stm32l4xx_hal_uart.o
 .debug_loc     0x000000000000bd5d      0x1eb build/system_stm32l4xx.o

.debug_aranges  0x0000000000000000      0xe80
 .debug_aranges
                0x0000000000000000       0x50 build/retarget.o
 .debug_aranges
                0x0000000000000050       0x50 build/PwmDriver.o
 .debug_aranges
                0x00000000000000a0       0x38 build/main.o
 .debug_aranges
                0x00000000000000d8       0x20 build/gpio.o
 .debug_aranges
                0x00000000000000f8       0x38 build/tim.o
 .debug_aranges
                0x0000000000000130       0x30 build/usart.o
 .debug_aranges
                0x0000000000000160       0x60 build/stm32l4xx_it.o
 .debug_aranges
                0x00000000000001c0       0x20 build/stm32l4xx_hal_msp.o
 .debug_aranges
                0x00000000000001e0      0x3b8 build/stm32l4xx_hal_tim.o
 .debug_aranges
                0x0000000000000598      0x168 build/stm32l4xx_hal_tim_ex.o
 .debug_aranges
                0x0000000000000700      0x108 build/stm32l4xx_hal.o
 .debug_aranges
                0x0000000000000808       0x88 build/stm32l4xx_hal_rcc.o
 .debug_aranges
                0x0000000000000890       0xf0 build/stm32l4xx_hal_rcc_ex.o
 .debug_aranges
                0x0000000000000980       0x58 build/stm32l4xx_hal_gpio.o
 .debug_aranges
                0x00000000000009d8       0x98 build/stm32l4xx_hal_pwr.o
 .debug_aranges
                0x0000000000000a70      0x120 build/stm32l4xx_hal_pwr_ex.o
 .debug_aranges
                0x0000000000000b90       0xa8 build/stm32l4xx_hal_cortex.o
 .debug_aranges
                0x0000000000000c38      0x1f8 build/stm32l4xx_hal_uart.o
 .debug_aranges
                0x0000000000000e30       0x28 build/system_stm32l4xx.o
 .debug_aranges
                0x0000000000000e58       0x28 build/startup_stm32l432xx.o

.debug_ranges   0x0000000000000000      0xdf0
 .debug_ranges  0x0000000000000000       0x40 build/retarget.o
 .debug_ranges  0x0000000000000040       0x40 build/PwmDriver.o
 .debug_ranges  0x0000000000000080       0x28 build/main.o
 .debug_ranges  0x00000000000000a8       0x10 build/gpio.o
 .debug_ranges  0x00000000000000b8       0x28 build/tim.o
 .debug_ranges  0x00000000000000e0       0x20 build/usart.o
 .debug_ranges  0x0000000000000100       0x50 build/stm32l4xx_it.o
 .debug_ranges  0x0000000000000150       0x10 build/stm32l4xx_hal_msp.o
 .debug_ranges  0x0000000000000160      0x3a8 build/stm32l4xx_hal_tim.o
 .debug_ranges  0x0000000000000508      0x158 build/stm32l4xx_hal_tim_ex.o
 .debug_ranges  0x0000000000000660       0xf8 build/stm32l4xx_hal.o
 .debug_ranges  0x0000000000000758       0x90 build/stm32l4xx_hal_rcc.o
 .debug_ranges  0x00000000000007e8       0xf8 build/stm32l4xx_hal_rcc_ex.o
 .debug_ranges  0x00000000000008e0       0x48 build/stm32l4xx_hal_gpio.o
 .debug_ranges  0x0000000000000928       0x88 build/stm32l4xx_hal_pwr.o
 .debug_ranges  0x00000000000009b0      0x110 build/stm32l4xx_hal_pwr_ex.o
 .debug_ranges  0x0000000000000ac0      0x110 build/stm32l4xx_hal_cortex.o
 .debug_ranges  0x0000000000000bd0      0x1e8 build/stm32l4xx_hal_uart.o
 .debug_ranges  0x0000000000000db8       0x18 build/system_stm32l4xx.o
 .debug_ranges  0x0000000000000dd0       0x20 build/startup_stm32l432xx.o

.debug_line     0x0000000000000000     0xe704
 .debug_line    0x0000000000000000      0x379 build/retarget.o
 .debug_line    0x0000000000000379      0x1fb build/PwmDriver.o
 .debug_line    0x0000000000000574      0x3a9 build/main.o
 .debug_line    0x000000000000091d      0x155 build/gpio.o
 .debug_line    0x0000000000000a72      0x37a build/tim.o
 .debug_line    0x0000000000000dec      0x296 build/usart.o
 .debug_line    0x0000000000001082      0x160 build/stm32l4xx_it.o
 .debug_line    0x00000000000011e2       0xfa build/stm32l4xx_hal_msp.o
 .debug_line    0x00000000000012dc     0x4cf5 build/stm32l4xx_hal_tim.o
 .debug_line    0x0000000000005fd1     0x1998 build/stm32l4xx_hal_tim_ex.o
 .debug_line    0x0000000000007969      0x5af build/stm32l4xx_hal.o
 .debug_line    0x0000000000007f18     0x1062 build/stm32l4xx_hal_rcc.o
 .debug_line    0x0000000000008f7a     0x14d7 build/stm32l4xx_hal_rcc_ex.o
 .debug_line    0x000000000000a451      0x746 build/stm32l4xx_hal_gpio.o
 .debug_line    0x000000000000ab97      0x4e4 build/stm32l4xx_hal_pwr.o
 .debug_line    0x000000000000b07b      0x963 build/stm32l4xx_hal_pwr_ex.o
 .debug_line    0x000000000000b9de      0x836 build/stm32l4xx_hal_cortex.o
 .debug_line    0x000000000000c214     0x220a build/stm32l4xx_hal_uart.o
 .debug_line    0x000000000000e41e      0x273 build/system_stm32l4xx.o
 .debug_line    0x000000000000e691       0x73 build/startup_stm32l432xx.o

.debug_str      0x0000000000000000     0x49ba
 .debug_str     0x0000000000000000      0xa05 build/retarget.o
                                        0xb13 (size before relaxing)
 .debug_str     0x0000000000000a05      0x325 build/PwmDriver.o
                                        0x6aa (size before relaxing)
 .debug_str     0x0000000000000d2a      0x545 build/main.o
                                        0xd4b (size before relaxing)
 .debug_str     0x000000000000126f       0x56 build/gpio.o
                                        0x378 (size before relaxing)
 .debug_str     0x00000000000012c5      0x23e build/tim.o
                                        0x9f2 (size before relaxing)
 .debug_str     0x0000000000001503       0x59 build/usart.o
                                        0x7a2 (size before relaxing)
 .debug_str     0x000000000000155c       0xaf build/stm32l4xx_it.o
                                        0x1eb (size before relaxing)
 .debug_str     0x000000000000160b       0x24 build/stm32l4xx_hal_msp.o
                                        0x2c7 (size before relaxing)
 .debug_str     0x000000000000162f      0xdbf build/stm32l4xx_hal_tim.o
                                       0x1494 (size before relaxing)
 .debug_str     0x00000000000023ee      0x4f0 build/stm32l4xx_hal_tim_ex.o
                                        0xdb4 (size before relaxing)
 .debug_str     0x00000000000028de      0x744 build/stm32l4xx_hal.o
                                        0xa63 (size before relaxing)
 .debug_str     0x0000000000003022      0x2b9 build/stm32l4xx_hal_rcc.o
                                        0x80b (size before relaxing)
 .debug_str     0x00000000000032db      0x488 build/stm32l4xx_hal_rcc_ex.o
                                        0xb2e (size before relaxing)
 .debug_str     0x0000000000003763       0xd5 build/stm32l4xx_hal_gpio.o
                                        0x51f (size before relaxing)
 .debug_str     0x0000000000003838      0x292 build/stm32l4xx_hal_pwr.o
                                        0x65f (size before relaxing)
 .debug_str     0x0000000000003aca      0x379 build/stm32l4xx_hal_pwr_ex.o
                                        0x741 (size before relaxing)
 .debug_str     0x0000000000003e43      0x454 build/stm32l4xx_hal_cortex.o
                                        0xaec (size before relaxing)
 .debug_str     0x0000000000004297      0x6c9 build/stm32l4xx_hal_uart.o
                                        0xeaf (size before relaxing)
 .debug_str     0x0000000000004960       0x38 build/system_stm32l4xx.o
                                        0x39e (size before relaxing)
 .debug_str     0x0000000000004998       0x22 build/startup_stm32l432xx.o
                                         0x3c (size before relaxing)

.comment        0x0000000000000000       0x1e
 .comment       0x0000000000000000       0x1e build/retarget.o
                                         0x1f (size before relaxing)
 .comment       0x000000000000001e       0x1f build/PwmDriver.o
 .comment       0x000000000000001e       0x1f build/main.o
 .comment       0x000000000000001e       0x1f build/gpio.o
 .comment       0x000000000000001e       0x1f build/tim.o
 .comment       0x000000000000001e       0x1f build/usart.o
 .comment       0x000000000000001e       0x1f build/stm32l4xx_it.o
 .comment       0x000000000000001e       0x1f build/stm32l4xx_hal_msp.o
 .comment       0x000000000000001e       0x1f build/stm32l4xx_hal_tim.o
 .comment       0x000000000000001e       0x1f build/stm32l4xx_hal_tim_ex.o
 .comment       0x000000000000001e       0x1f build/stm32l4xx_hal.o
 .comment       0x000000000000001e       0x1f build/stm32l4xx_hal_rcc.o
 .comment       0x000000000000001e       0x1f build/stm32l4xx_hal_rcc_ex.o
 .comment       0x000000000000001e       0x1f build/stm32l4xx_hal_gpio.o
 .comment       0x000000000000001e       0x1f build/stm32l4xx_hal_pwr.o
 .comment       0x000000000000001e       0x1f build/stm32l4xx_hal_pwr_ex.o
 .comment       0x000000000000001e       0x1f build/stm32l4xx_hal_cortex.o
 .comment       0x000000000000001e       0x1f build/stm32l4xx_hal_uart.o
 .comment       0x000000000000001e       0x1f build/system_stm32l4xx.o

.debug_frame    0x0000000000000000     0x325c
 .debug_frame   0x0000000000000000       0xb8 build/retarget.o
 .debug_frame   0x00000000000000b8       0xa8 build/PwmDriver.o
 .debug_frame   0x0000000000000160       0x70 build/main.o
 .debug_frame   0x00000000000001d0       0x30 build/gpio.o
 .debug_frame   0x0000000000000200       0x7c build/tim.o
 .debug_frame   0x000000000000027c       0x64 build/usart.o
 .debug_frame   0x00000000000002e0       0xa8 build/stm32l4xx_it.o
 .debug_frame   0x0000000000000388       0x28 build/stm32l4xx_hal_msp.o
 .debug_frame   0x00000000000003b0      0xb54 build/stm32l4xx_hal_tim.o
 .debug_frame   0x0000000000000f04      0x444 build/stm32l4xx_hal_tim_ex.o
 .debug_frame   0x0000000000001348      0x21c build/stm32l4xx_hal.o
 .debug_frame   0x0000000000001564      0x1a4 build/stm32l4xx_hal_rcc.o
 .debug_frame   0x0000000000001708      0x268 build/stm32l4xx_hal_rcc_ex.o
 .debug_frame   0x0000000000001970       0xfc build/stm32l4xx_hal_gpio.o
 .debug_frame   0x0000000000001a6c      0x140 build/stm32l4xx_hal_pwr.o
 .debug_frame   0x0000000000001bac      0x288 build/stm32l4xx_hal_pwr_ex.o
 .debug_frame   0x0000000000001e34      0x194 build/stm32l4xx_hal_cortex.o
 .debug_frame   0x0000000000001fc8      0x5ac build/stm32l4xx_hal_uart.o
 .debug_frame   0x0000000000002574       0x30 build/system_stm32l4xx.o
 .debug_frame   0x00000000000025a4       0x30 /usr/lib/gcc/arm-none-eabi/10.1.0/../../../../arm-none-eabi/lib/thumb/v7e-m+fp/hard/libc_nano.a(lib_a-atoi.o)
 .debug_frame   0x00000000000025d4       0x20 /usr/lib/gcc/arm-none-eabi/10.1.0/../../../../arm-none-eabi/lib/thumb/v7e-m+fp/hard/libc_nano.a(lib_a-errno.o)
 .debug_frame   0x00000000000025f4       0x2c /usr/lib/gcc/arm-none-eabi/10.1.0/../../../../arm-none-eabi/lib/thumb/v7e-m+fp/hard/libc_nano.a(lib_a-init.o)
 .debug_frame   0x0000000000002620       0x20 /usr/lib/gcc/arm-none-eabi/10.1.0/../../../../arm-none-eabi/lib/thumb/v7e-m+fp/hard/libc_nano.a(lib_a-memset.o)
 .debug_frame   0x0000000000002640       0x74 /usr/lib/gcc/arm-none-eabi/10.1.0/../../../../arm-none-eabi/lib/thumb/v7e-m+fp/hard/libc_nano.a(lib_a-printf.o)
 .debug_frame   0x00000000000026b4       0x74 /usr/lib/gcc/arm-none-eabi/10.1.0/../../../../arm-none-eabi/lib/thumb/v7e-m+fp/hard/libc_nano.a(lib_a-scanf.o)
 .debug_frame   0x0000000000002728       0x38 /usr/lib/gcc/arm-none-eabi/10.1.0/../../../../arm-none-eabi/lib/thumb/v7e-m+fp/hard/libc_nano.a(lib_a-setvbuf.o)
 .debug_frame   0x0000000000002760       0x64 /usr/lib/gcc/arm-none-eabi/10.1.0/../../../../arm-none-eabi/lib/thumb/v7e-m+fp/hard/libc_nano.a(lib_a-strtol.o)
 .debug_frame   0x00000000000027c4       0x5c /usr/lib/gcc/arm-none-eabi/10.1.0/../../../../arm-none-eabi/lib/thumb/v7e-m+fp/hard/libc_nano.a(lib_a-fflush.o)
 .debug_frame   0x0000000000002820      0x14c /usr/lib/gcc/arm-none-eabi/10.1.0/../../../../arm-none-eabi/lib/thumb/v7e-m+fp/hard/libc_nano.a(lib_a-findfp.o)
 .debug_frame   0x000000000000296c       0x54 /usr/lib/gcc/arm-none-eabi/10.1.0/../../../../arm-none-eabi/lib/thumb/v7e-m+fp/hard/libc_nano.a(lib_a-fwalk.o)
 .debug_frame   0x00000000000029c0       0xb0 /usr/lib/gcc/arm-none-eabi/10.1.0/../../../../arm-none-eabi/lib/thumb/v7e-m+fp/hard/libc_nano.a(lib_a-lock.o)
 .debug_frame   0x0000000000002a70       0x58 /usr/lib/gcc/arm-none-eabi/10.1.0/../../../../arm-none-eabi/lib/thumb/v7e-m+fp/hard/libc_nano.a(lib_a-makebuf.o)
 .debug_frame   0x0000000000002ac8       0x30 /usr/lib/gcc/arm-none-eabi/10.1.0/../../../../arm-none-eabi/lib/thumb/v7e-m+fp/hard/libc_nano.a(lib_a-malloc.o)
 .debug_frame   0x0000000000002af8       0x38 /usr/lib/gcc/arm-none-eabi/10.1.0/../../../../arm-none-eabi/lib/thumb/v7e-m+fp/hard/libc_nano.a(lib_a-nano-freer.o)
 .debug_frame   0x0000000000002b30       0x30 /usr/lib/gcc/arm-none-eabi/10.1.0/../../../../arm-none-eabi/lib/thumb/v7e-m+fp/hard/libc_nano.a(lib_a-nano-mallocr.o)
 .debug_frame   0x0000000000002b60       0xac /usr/lib/gcc/arm-none-eabi/10.1.0/../../../../arm-none-eabi/lib/thumb/v7e-m+fp/hard/libc_nano.a(lib_a-nano-vfprintf.o)
 .debug_frame   0x0000000000002c0c       0xa4 /usr/lib/gcc/arm-none-eabi/10.1.0/../../../../arm-none-eabi/lib/thumb/v7e-m+fp/hard/libc_nano.a(lib_a-nano-vfscanf.o)
 .debug_frame   0x0000000000002cb0       0x40 /usr/lib/gcc/arm-none-eabi/10.1.0/../../../../arm-none-eabi/lib/thumb/v7e-m+fp/hard/libc_nano.a(lib_a-refill.o)
 .debug_frame   0x0000000000002cf0       0x2c /usr/lib/gcc/arm-none-eabi/10.1.0/../../../../arm-none-eabi/lib/thumb/v7e-m+fp/hard/libc_nano.a(lib_a-sbrkr.o)
 .debug_frame   0x0000000000002d1c       0x2c /usr/lib/gcc/arm-none-eabi/10.1.0/../../../../arm-none-eabi/lib/thumb/v7e-m+fp/hard/libc_nano.a(lib_a-sccl.o)
 .debug_frame   0x0000000000002d48       0x88 /usr/lib/gcc/arm-none-eabi/10.1.0/../../../../arm-none-eabi/lib/thumb/v7e-m+fp/hard/libc_nano.a(lib_a-stdio.o)
 .debug_frame   0x0000000000002dd0       0x5c /usr/lib/gcc/arm-none-eabi/10.1.0/../../../../arm-none-eabi/lib/thumb/v7e-m+fp/hard/libc_nano.a(lib_a-ungetc.o)
 .debug_frame   0x0000000000002e2c       0x40 /usr/lib/gcc/arm-none-eabi/10.1.0/../../../../arm-none-eabi/lib/thumb/v7e-m+fp/hard/libc_nano.a(lib_a-wbuf.o)
 .debug_frame   0x0000000000002e6c       0x2c /usr/lib/gcc/arm-none-eabi/10.1.0/../../../../arm-none-eabi/lib/thumb/v7e-m+fp/hard/libc_nano.a(lib_a-writer.o)
 .debug_frame   0x0000000000002e98       0x2c /usr/lib/gcc/arm-none-eabi/10.1.0/../../../../arm-none-eabi/lib/thumb/v7e-m+fp/hard/libc_nano.a(lib_a-wsetup.o)
 .debug_frame   0x0000000000002ec4       0x2c /usr/lib/gcc/arm-none-eabi/10.1.0/../../../../arm-none-eabi/lib/thumb/v7e-m+fp/hard/libc_nano.a(lib_a-closer.o)
 .debug_frame   0x0000000000002ef0       0x2c /usr/lib/gcc/arm-none-eabi/10.1.0/../../../../arm-none-eabi/lib/thumb/v7e-m+fp/hard/libc_nano.a(lib_a-fstatr.o)
 .debug_frame   0x0000000000002f1c       0x2c /usr/lib/gcc/arm-none-eabi/10.1.0/../../../../arm-none-eabi/lib/thumb/v7e-m+fp/hard/libc_nano.a(lib_a-isattyr.o)
 .debug_frame   0x0000000000002f48       0x2c /usr/lib/gcc/arm-none-eabi/10.1.0/../../../../arm-none-eabi/lib/thumb/v7e-m+fp/hard/libc_nano.a(lib_a-lseekr.o)
 .debug_frame   0x0000000000002f74       0x28 /usr/lib/gcc/arm-none-eabi/10.1.0/../../../../arm-none-eabi/lib/thumb/v7e-m+fp/hard/libc_nano.a(lib_a-memcpy-stub.o)
 .debug_frame   0x0000000000002f9c       0x30 /usr/lib/gcc/arm-none-eabi/10.1.0/../../../../arm-none-eabi/lib/thumb/v7e-m+fp/hard/libc_nano.a(lib_a-mlock.o)
 .debug_frame   0x0000000000002fcc       0x3c /usr/lib/gcc/arm-none-eabi/10.1.0/../../../../arm-none-eabi/lib/thumb/v7e-m+fp/hard/libc_nano.a(lib_a-nano-reallocr.o)
 .debug_frame   0x0000000000003008       0x60 /usr/lib/gcc/arm-none-eabi/10.1.0/../../../../arm-none-eabi/lib/thumb/v7e-m+fp/hard/libc_nano.a(lib_a-nano-vfprintf_i.o)
 .debug_frame   0x0000000000003068       0x64 /usr/lib/gcc/arm-none-eabi/10.1.0/../../../../arm-none-eabi/lib/thumb/v7e-m+fp/hard/libc_nano.a(lib_a-nano-vfscanf_i.o)
 .debug_frame   0x00000000000030cc       0x2c /usr/lib/gcc/arm-none-eabi/10.1.0/../../../../arm-none-eabi/lib/thumb/v7e-m+fp/hard/libc_nano.a(lib_a-readr.o)
 .debug_frame   0x00000000000030f8       0x5c /usr/lib/gcc/arm-none-eabi/10.1.0/../../../../arm-none-eabi/lib/thumb/v7e-m+fp/hard/libc_nano.a(lib_a-reent.o)
 .debug_frame   0x0000000000003154       0x64 /usr/lib/gcc/arm-none-eabi/10.1.0/../../../../arm-none-eabi/lib/thumb/v7e-m+fp/hard/libc_nano.a(lib_a-strtoul.o)
 .debug_frame   0x00000000000031b8       0x20 /usr/lib/gcc/arm-none-eabi/10.1.0/../../../../arm-none-eabi/lib/thumb/v7e-m+fp/hard/libc_nano.a(lib_a-nano-msizer.o)
 .debug_frame   0x00000000000031d8       0x20 /usr/lib/gcc/arm-none-eabi/10.1.0/../../../../arm-none-eabi/lib/thumb/v7e-m+fp/hard/libnosys.a(sbrk.o)
 .debug_frame   0x00000000000031f8       0x2c /usr/lib/gcc/arm-none-eabi/10.1.0/thumb/v7e-m+fp/hard/libgcc.a(_aeabi_uldivmod.o)
 .debug_frame   0x0000000000003224       0x38 /usr/lib/gcc/arm-none-eabi/10.1.0/thumb/v7e-m+fp/hard/libgcc.a(_udivmoddi4.o)

Cross Reference Table

Symbol                                            File
ADC1_IRQHandler                                   build/startup_stm32l432xx.o
AHBPrescTable                                     build/system_stm32l4xx.o
                                                  build/stm32l4xx_hal_rcc.o
APBPrescTable                                     build/system_stm32l4xx.o
                                                  build/stm32l4xx_hal_rcc.o
BusFault_Handler                                  build/stm32l4xx_it.o
CAN1_RX0_IRQHandler                               build/startup_stm32l432xx.o
CAN1_RX1_IRQHandler                               build/startup_stm32l432xx.o
CAN1_SCE_IRQHandler                               build/startup_stm32l432xx.o
CAN1_TX_IRQHandler                                build/startup_stm32l432xx.o
COMP_IRQHandler                                   build/startup_stm32l432xx.o
CRS_IRQHandler                                    build/startup_stm32l432xx.o
DMA1_Channel1_IRQHandler                          build/startup_stm32l432xx.o
DMA1_Channel2_IRQHandler                          build/startup_stm32l432xx.o
DMA1_Channel3_IRQHandler                          build/startup_stm32l432xx.o
DMA1_Channel4_IRQHandler                          build/startup_stm32l432xx.o
DMA1_Channel5_IRQHandler                          build/startup_stm32l432xx.o
DMA1_Channel6_IRQHandler                          build/startup_stm32l432xx.o
DMA1_Channel7_IRQHandler                          build/startup_stm32l432xx.o
DMA2_Channel1_IRQHandler                          build/startup_stm32l432xx.o
DMA2_Channel2_IRQHandler                          build/startup_stm32l432xx.o
DMA2_Channel3_IRQHandler                          build/startup_stm32l432xx.o
DMA2_Channel4_IRQHandler                          build/startup_stm32l432xx.o
DMA2_Channel5_IRQHandler                          build/startup_stm32l432xx.o
DMA2_Channel6_IRQHandler                          build/startup_stm32l432xx.o
DMA2_Channel7_IRQHandler                          build/startup_stm32l432xx.o
DebugMon_Handler                                  build/stm32l4xx_it.o
Default_Handler                                   build/startup_stm32l432xx.o
EXTI0_IRQHandler                                  build/startup_stm32l432xx.o
EXTI15_10_IRQHandler                              build/startup_stm32l432xx.o
EXTI1_IRQHandler                                  build/startup_stm32l432xx.o
EXTI2_IRQHandler                                  build/startup_stm32l432xx.o
EXTI3_IRQHandler                                  build/startup_stm32l432xx.o
EXTI4_IRQHandler                                  build/startup_stm32l432xx.o
EXTI9_5_IRQHandler                                build/startup_stm32l432xx.o
Error_Handler                                     build/main.o
                                                  build/usart.o
                                                  build/tim.o
FLASH_FlushCaches                                 build/stm32l4xx_hal_flash_ex.o
                                                  build/stm32l4xx_hal_flash.o
FLASH_IRQHandler                                  build/startup_stm32l432xx.o
FLASH_PageErase                                   build/stm32l4xx_hal_flash_ex.o
                                                  build/stm32l4xx_hal_flash.o
FLASH_WaitForLastOperation                        build/stm32l4xx_hal_flash.o
                                                  build/stm32l4xx_hal_flash_ex.o
FPU_IRQHandler                                    build/startup_stm32l432xx.o
HAL_DBGMCU_DisableDBGSleepMode                    build/stm32l4xx_hal.o
HAL_DBGMCU_DisableDBGStandbyMode                  build/stm32l4xx_hal.o
HAL_DBGMCU_DisableDBGStopMode                     build/stm32l4xx_hal.o
HAL_DBGMCU_EnableDBGSleepMode                     build/stm32l4xx_hal.o
HAL_DBGMCU_EnableDBGStandbyMode                   build/stm32l4xx_hal.o
HAL_DBGMCU_EnableDBGStopMode                      build/stm32l4xx_hal.o
HAL_DMA_Abort                                     build/stm32l4xx_hal_dma.o
                                                  build/stm32l4xx_hal_uart.o
HAL_DMA_Abort_IT                                  build/stm32l4xx_hal_dma.o
                                                  build/stm32l4xx_hal_uart.o
                                                  build/stm32l4xx_hal_i2c.o
                                                  build/stm32l4xx_hal_tim_ex.o
                                                  build/stm32l4xx_hal_tim.o
HAL_DMA_DeInit                                    build/stm32l4xx_hal_dma.o
HAL_DMA_GetError                                  build/stm32l4xx_hal_dma.o
                                                  build/stm32l4xx_hal_uart.o
HAL_DMA_GetState                                  build/stm32l4xx_hal_dma.o
HAL_DMA_IRQHandler                                build/stm32l4xx_hal_dma.o
HAL_DMA_Init                                      build/stm32l4xx_hal_dma.o
HAL_DMA_PollForTransfer                           build/stm32l4xx_hal_dma.o
HAL_DMA_RegisterCallback                          build/stm32l4xx_hal_dma.o
HAL_DMA_Start                                     build/stm32l4xx_hal_dma.o
HAL_DMA_Start_IT                                  build/stm32l4xx_hal_dma.o
                                                  build/stm32l4xx_hal_uart.o
                                                  build/stm32l4xx_hal_i2c.o
                                                  build/stm32l4xx_hal_tim_ex.o
                                                  build/stm32l4xx_hal_tim.o
HAL_DMA_UnRegisterCallback                        build/stm32l4xx_hal_dma.o
HAL_DeInit                                        build/stm32l4xx_hal.o
HAL_Delay                                         build/stm32l4xx_hal.o
HAL_EXTI_ClearConfigLine                          build/stm32l4xx_hal_exti.o
HAL_EXTI_ClearPending                             build/stm32l4xx_hal_exti.o
HAL_EXTI_GenerateSWI                              build/stm32l4xx_hal_exti.o
HAL_EXTI_GetConfigLine                            build/stm32l4xx_hal_exti.o
HAL_EXTI_GetHandle                                build/stm32l4xx_hal_exti.o
HAL_EXTI_GetPending                               build/stm32l4xx_hal_exti.o
HAL_EXTI_IRQHandler                               build/stm32l4xx_hal_exti.o
HAL_EXTI_RegisterCallback                         build/stm32l4xx_hal_exti.o
HAL_EXTI_SetConfigLine                            build/stm32l4xx_hal_exti.o
HAL_FLASHEx_DisableRunPowerDown                   build/stm32l4xx_hal_flash_ramfunc.o
HAL_FLASHEx_EnableRunPowerDown                    build/stm32l4xx_hal_flash_ramfunc.o
HAL_FLASHEx_Erase                                 build/stm32l4xx_hal_flash_ex.o
HAL_FLASHEx_Erase_IT                              build/stm32l4xx_hal_flash_ex.o
HAL_FLASHEx_OBGetConfig                           build/stm32l4xx_hal_flash_ex.o
HAL_FLASHEx_OBProgram                             build/stm32l4xx_hal_flash_ex.o
HAL_FLASH_EndOfOperationCallback                  build/stm32l4xx_hal_flash.o
HAL_FLASH_GetError                                build/stm32l4xx_hal_flash.o
HAL_FLASH_IRQHandler                              build/stm32l4xx_hal_flash.o
HAL_FLASH_Lock                                    build/stm32l4xx_hal_flash.o
HAL_FLASH_OB_Launch                               build/stm32l4xx_hal_flash.o
HAL_FLASH_OB_Lock                                 build/stm32l4xx_hal_flash.o
HAL_FLASH_OB_Unlock                               build/stm32l4xx_hal_flash.o
HAL_FLASH_OperationErrorCallback                  build/stm32l4xx_hal_flash.o
HAL_FLASH_Program                                 build/stm32l4xx_hal_flash.o
HAL_FLASH_Program_IT                              build/stm32l4xx_hal_flash.o
HAL_FLASH_Unlock                                  build/stm32l4xx_hal_flash.o
HAL_GPIO_DeInit                                   build/stm32l4xx_hal_gpio.o
                                                  build/usart.o
HAL_GPIO_EXTI_Callback                            build/stm32l4xx_hal_gpio.o
HAL_GPIO_EXTI_IRQHandler                          build/stm32l4xx_hal_gpio.o
HAL_GPIO_Init                                     build/stm32l4xx_hal_gpio.o
                                                  build/stm32l4xx_hal_rcc_ex.o
                                                  build/stm32l4xx_hal_rcc.o
                                                  build/usart.o
                                                  build/tim.o
                                                  build/gpio.o
HAL_GPIO_LockPin                                  build/stm32l4xx_hal_gpio.o
HAL_GPIO_ReadPin                                  build/stm32l4xx_hal_gpio.o
HAL_GPIO_TogglePin                                build/stm32l4xx_hal_gpio.o
HAL_GPIO_WritePin                                 build/stm32l4xx_hal_gpio.o
                                                  build/gpio.o
                                                  build/PwmDriver.o
HAL_GetDEVID                                      build/stm32l4xx_hal.o
HAL_GetHalVersion                                 build/stm32l4xx_hal.o
HAL_GetREVID                                      build/stm32l4xx_hal.o
HAL_GetTick                                       build/stm32l4xx_hal.o
                                                  build/stm32l4xx_hal_uart_ex.o
                                                  build/stm32l4xx_hal_uart.o
                                                  build/stm32l4xx_hal_dma.o
                                                  build/stm32l4xx_hal_flash.o
                                                  build/stm32l4xx_hal_rcc_ex.o
                                                  build/stm32l4xx_hal_rcc.o
                                                  build/stm32l4xx_hal_i2c.o
HAL_GetTickFreq                                   build/stm32l4xx_hal.o
HAL_GetTickPrio                                   build/stm32l4xx_hal.o
HAL_GetUIDw0                                      build/stm32l4xx_hal.o
HAL_GetUIDw1                                      build/stm32l4xx_hal.o
HAL_GetUIDw2                                      build/stm32l4xx_hal.o
HAL_HalfDuplex_EnableReceiver                     build/stm32l4xx_hal_uart.o
HAL_HalfDuplex_EnableTransmitter                  build/stm32l4xx_hal_uart.o
HAL_HalfDuplex_Init                               build/stm32l4xx_hal_uart.o
HAL_I2CEx_ConfigAnalogFilter                      build/stm32l4xx_hal_i2c_ex.o
HAL_I2CEx_ConfigDigitalFilter                     build/stm32l4xx_hal_i2c_ex.o
HAL_I2CEx_DisableFastModePlus                     build/stm32l4xx_hal_i2c_ex.o
HAL_I2CEx_DisableWakeUp                           build/stm32l4xx_hal_i2c_ex.o
HAL_I2CEx_EnableFastModePlus                      build/stm32l4xx_hal_i2c_ex.o
HAL_I2CEx_EnableWakeUp                            build/stm32l4xx_hal_i2c_ex.o
HAL_I2C_AbortCpltCallback                         build/stm32l4xx_hal_i2c.o
HAL_I2C_AddrCallback                              build/stm32l4xx_hal_i2c.o
HAL_I2C_DeInit                                    build/stm32l4xx_hal_i2c.o
HAL_I2C_DisableListen_IT                          build/stm32l4xx_hal_i2c.o
HAL_I2C_ER_IRQHandler                             build/stm32l4xx_hal_i2c.o
HAL_I2C_EV_IRQHandler                             build/stm32l4xx_hal_i2c.o
HAL_I2C_EnableListen_IT                           build/stm32l4xx_hal_i2c.o
HAL_I2C_ErrorCallback                             build/stm32l4xx_hal_i2c.o
HAL_I2C_GetError                                  build/stm32l4xx_hal_i2c.o
HAL_I2C_GetMode                                   build/stm32l4xx_hal_i2c.o
HAL_I2C_GetState                                  build/stm32l4xx_hal_i2c.o
HAL_I2C_Init                                      build/stm32l4xx_hal_i2c.o
HAL_I2C_IsDeviceReady                             build/stm32l4xx_hal_i2c.o
HAL_I2C_ListenCpltCallback                        build/stm32l4xx_hal_i2c.o
HAL_I2C_MasterRxCpltCallback                      build/stm32l4xx_hal_i2c.o
HAL_I2C_MasterTxCpltCallback                      build/stm32l4xx_hal_i2c.o
HAL_I2C_Master_Abort_IT                           build/stm32l4xx_hal_i2c.o
HAL_I2C_Master_Receive                            build/stm32l4xx_hal_i2c.o
HAL_I2C_Master_Receive_DMA                        build/stm32l4xx_hal_i2c.o
HAL_I2C_Master_Receive_IT                         build/stm32l4xx_hal_i2c.o
HAL_I2C_Master_Seq_Receive_DMA                    build/stm32l4xx_hal_i2c.o
HAL_I2C_Master_Seq_Receive_IT                     build/stm32l4xx_hal_i2c.o
HAL_I2C_Master_Seq_Transmit_DMA                   build/stm32l4xx_hal_i2c.o
HAL_I2C_Master_Seq_Transmit_IT                    build/stm32l4xx_hal_i2c.o
HAL_I2C_Master_Transmit                           build/stm32l4xx_hal_i2c.o
HAL_I2C_Master_Transmit_DMA                       build/stm32l4xx_hal_i2c.o
HAL_I2C_Master_Transmit_IT                        build/stm32l4xx_hal_i2c.o
HAL_I2C_MemRxCpltCallback                         build/stm32l4xx_hal_i2c.o
HAL_I2C_MemTxCpltCallback                         build/stm32l4xx_hal_i2c.o
HAL_I2C_Mem_Read                                  build/stm32l4xx_hal_i2c.o
HAL_I2C_Mem_Read_DMA                              build/stm32l4xx_hal_i2c.o
HAL_I2C_Mem_Read_IT                               build/stm32l4xx_hal_i2c.o
HAL_I2C_Mem_Write                                 build/stm32l4xx_hal_i2c.o
HAL_I2C_Mem_Write_DMA                             build/stm32l4xx_hal_i2c.o
HAL_I2C_Mem_Write_IT                              build/stm32l4xx_hal_i2c.o
HAL_I2C_MspDeInit                                 build/stm32l4xx_hal_i2c.o
HAL_I2C_MspInit                                   build/stm32l4xx_hal_i2c.o
HAL_I2C_SlaveRxCpltCallback                       build/stm32l4xx_hal_i2c.o
HAL_I2C_SlaveTxCpltCallback                       build/stm32l4xx_hal_i2c.o
HAL_I2C_Slave_Receive                             build/stm32l4xx_hal_i2c.o
HAL_I2C_Slave_Receive_DMA                         build/stm32l4xx_hal_i2c.o
HAL_I2C_Slave_Receive_IT                          build/stm32l4xx_hal_i2c.o
HAL_I2C_Slave_Seq_Receive_DMA                     build/stm32l4xx_hal_i2c.o
HAL_I2C_Slave_Seq_Receive_IT                      build/stm32l4xx_hal_i2c.o
HAL_I2C_Slave_Seq_Transmit_DMA                    build/stm32l4xx_hal_i2c.o