Archive member included to satisfy reference by file (symbol)

/usr/lib/gcc/arm-none-eabi/10.1.0/../../../../arm-none-eabi/lib/thumb/v7e-m+fp/hard/libc_nano.a(lib_a-atexit.o)
                              /usr/lib/gcc/arm-none-eabi/10.1.0/../../../../arm-none-eabi/lib/thumb/v7e-m+fp/hard/crt0.o (atexit)
/usr/lib/gcc/arm-none-eabi/10.1.0/../../../../arm-none-eabi/lib/thumb/v7e-m+fp/hard/libc_nano.a(lib_a-atoi.o)
                              build/main.o (atoi)
/usr/lib/gcc/arm-none-eabi/10.1.0/../../../../arm-none-eabi/lib/thumb/v7e-m+fp/hard/libc_nano.a(lib_a-errno.o)
                              build/retarget.o (__errno)
/usr/lib/gcc/arm-none-eabi/10.1.0/../../../../arm-none-eabi/lib/thumb/v7e-m+fp/hard/libc_nano.a(lib_a-exit.o)
                              /usr/lib/gcc/arm-none-eabi/10.1.0/../../../../arm-none-eabi/lib/thumb/v7e-m+fp/hard/crt0.o (exit)
/usr/lib/gcc/arm-none-eabi/10.1.0/../../../../arm-none-eabi/lib/thumb/v7e-m+fp/hard/libc_nano.a(lib_a-fini.o)
                              /usr/lib/gcc/arm-none-eabi/10.1.0/../../../../arm-none-eabi/lib/thumb/v7e-m+fp/hard/crt0.o (__libc_fini_array)
/usr/lib/gcc/arm-none-eabi/10.1.0/../../../../arm-none-eabi/lib/thumb/v7e-m+fp/hard/libc_nano.a(lib_a-impure.o)
                              /usr/lib/gcc/arm-none-eabi/10.1.0/../../../../arm-none-eabi/lib/thumb/v7e-m+fp/hard/libc_nano.a(lib_a-exit.o) (_global_impure_ptr)
/usr/lib/gcc/arm-none-eabi/10.1.0/../../../../arm-none-eabi/lib/thumb/v7e-m+fp/hard/libc_nano.a(lib_a-init.o)
                              /usr/lib/gcc/arm-none-eabi/10.1.0/../../../../arm-none-eabi/lib/thumb/v7e-m+fp/hard/crt0.o (__libc_init_array)
/usr/lib/gcc/arm-none-eabi/10.1.0/../../../../arm-none-eabi/lib/thumb/v7e-m+fp/hard/libc_nano.a(lib_a-memset.o)
                              /usr/lib/gcc/arm-none-eabi/10.1.0/../../../../arm-none-eabi/lib/thumb/v7e-m+fp/hard/crt0.o (memset)
/usr/lib/gcc/arm-none-eabi/10.1.0/../../../../arm-none-eabi/lib/thumb/v7e-m+fp/hard/libc_nano.a(lib_a-printf.o)
                              build/main.o (printf)
/usr/lib/gcc/arm-none-eabi/10.1.0/../../../../arm-none-eabi/lib/thumb/v7e-m+fp/hard/libc_nano.a(lib_a-scanf.o)
                              build/main.o (scanf)
/usr/lib/gcc/arm-none-eabi/10.1.0/../../../../arm-none-eabi/lib/thumb/v7e-m+fp/hard/libc_nano.a(lib_a-setvbuf.o)
                              build/retarget.o (setvbuf)
/usr/lib/gcc/arm-none-eabi/10.1.0/../../../../arm-none-eabi/lib/thumb/v7e-m+fp/hard/libc_nano.a(lib_a-strtol.o)
                              /usr/lib/gcc/arm-none-eabi/10.1.0/../../../../arm-none-eabi/lib/thumb/v7e-m+fp/hard/libc_nano.a(lib_a-atoi.o) (_strtol_r)
/usr/lib/gcc/arm-none-eabi/10.1.0/../../../../arm-none-eabi/lib/thumb/v7e-m+fp/hard/libc_nano.a(lib_a-__atexit.o)
                              /usr/lib/gcc/arm-none-eabi/10.1.0/../../../../arm-none-eabi/lib/thumb/v7e-m+fp/hard/libc_nano.a(lib_a-atexit.o) (__register_exitproc)
/usr/lib/gcc/arm-none-eabi/10.1.0/../../../../arm-none-eabi/lib/thumb/v7e-m+fp/hard/libc_nano.a(lib_a-__call_atexit.o)
                              /usr/lib/gcc/arm-none-eabi/10.1.0/../../../../arm-none-eabi/lib/thumb/v7e-m+fp/hard/libc_nano.a(lib_a-__atexit.o) (__call_exitprocs)
/usr/lib/gcc/arm-none-eabi/10.1.0/../../../../arm-none-eabi/lib/thumb/v7e-m+fp/hard/libc_nano.a(lib_a-ctype_.o)
                              /usr/lib/gcc/arm-none-eabi/10.1.0/../../../../arm-none-eabi/lib/thumb/v7e-m+fp/hard/libc_nano.a(lib_a-strtol.o) (_ctype_)
/usr/lib/gcc/arm-none-eabi/10.1.0/../../../../arm-none-eabi/lib/thumb/v7e-m+fp/hard/libc_nano.a(lib_a-fflush.o)
                              /usr/lib/gcc/arm-none-eabi/10.1.0/../../../../arm-none-eabi/lib/thumb/v7e-m+fp/hard/libc_nano.a(lib_a-setvbuf.o) (_fflush_r)
/usr/lib/gcc/arm-none-eabi/10.1.0/../../../../arm-none-eabi/lib/thumb/v7e-m+fp/hard/libc_nano.a(lib_a-findfp.o)
                              /usr/lib/gcc/arm-none-eabi/10.1.0/../../../../arm-none-eabi/lib/thumb/v7e-m+fp/hard/libc_nano.a(lib_a-printf.o) (__sinit)
/usr/lib/gcc/arm-none-eabi/10.1.0/../../../../arm-none-eabi/lib/thumb/v7e-m+fp/hard/libc_nano.a(lib_a-fwalk.o)
                              /usr/lib/gcc/arm-none-eabi/10.1.0/../../../../arm-none-eabi/lib/thumb/v7e-m+fp/hard/libc_nano.a(lib_a-findfp.o) (_fwalk)
/usr/lib/gcc/arm-none-eabi/10.1.0/../../../../arm-none-eabi/lib/thumb/v7e-m+fp/hard/libc_nano.a(lib_a-lock.o)
                              /usr/lib/gcc/arm-none-eabi/10.1.0/../../../../arm-none-eabi/lib/thumb/v7e-m+fp/hard/libc_nano.a(lib_a-findfp.o) (__retarget_lock_init_recursive)
/usr/lib/gcc/arm-none-eabi/10.1.0/../../../../arm-none-eabi/lib/thumb/v7e-m+fp/hard/libc_nano.a(lib_a-makebuf.o)
                              /usr/lib/gcc/arm-none-eabi/10.1.0/../../../../arm-none-eabi/lib/thumb/v7e-m+fp/hard/libc_nano.a(lib_a-setvbuf.o) (__swhatbuf_r)
/usr/lib/gcc/arm-none-eabi/10.1.0/../../../../arm-none-eabi/lib/thumb/v7e-m+fp/hard/libc_nano.a(lib_a-malloc.o)
[...]
Memory Configuration

Name             Origin             Length             Attributes
RAM              0x0000000020000000 0x0000000000010000 xrw
FLASH            0x0000000008000000 0x0000000000040000 xr
*default*        0x0000000000000000 0xffffffffffffffff

Linker script and memory map

LOAD /usr/lib/gcc/arm-none-eabi/10.1.0/thumb/v7e-m+fp/hard/crti.o
LOAD /usr/lib/gcc/arm-none-eabi/10.1.0/thumb/v7e-m+fp/hard/crtbegin.o
LOAD /usr/lib/gcc/arm-none-eabi/10.1.0/../../../../arm-none-eabi/lib/thumb/v7e-m+fp/hard/crt0.o
LOAD build/retarget.o
LOAD build/PwmDriver.o
LOAD build/main.o
LOAD build/gpio.o
LOAD build/sys.o
LOAD build/tim.o
LOAD build/usart.o
LOAD build/stm32l4xx_it.o
LOAD build/stm32l4xx_hal_msp.o
LOAD build/stm32l4xx_hal_tim.o
LOAD build/stm32l4xx_hal_tim_ex.o
LOAD build/stm32l4xx_hal.o
LOAD build/stm32l4xx_hal_i2c.o
LOAD build/stm32l4xx_hal_i2c_ex.o
LOAD build/stm32l4xx_hal_rcc.o
LOAD build/stm32l4xx_hal_rcc_ex.o
LOAD build/stm32l4xx_hal_flash.o
LOAD build/stm32l4xx_hal_flash_ex.o
LOAD build/stm32l4xx_hal_flash_ramfunc.o
LOAD build/stm32l4xx_hal_gpio.o
LOAD build/stm32l4xx_hal_dma.o
LOAD build/stm32l4xx_hal_dma_ex.o
LOAD build/stm32l4xx_hal_pwr.o
LOAD build/stm32l4xx_hal_pwr_ex.o
LOAD build/stm32l4xx_hal_cortex.o
LOAD build/stm32l4xx_hal_exti.o
LOAD build/stm32l4xx_hal_uart.o
LOAD build/stm32l4xx_hal_uart_ex.o
LOAD build/system_stm32l4xx.o
LOAD build/startup_stm32l432xx.o
LOAD /usr/lib/gcc/arm-none-eabi/10.1.0/../../../../arm-none-eabi/lib/thumb/v7e-m+fp/hard/libc_nano.a
LOAD /usr/lib/gcc/arm-none-eabi/10.1.0/../../../../arm-none-eabi/lib/thumb/v7e-m+fp/hard/libm.a
LOAD /usr/lib/gcc/arm-none-eabi/10.1.0/../../../../arm-none-eabi/lib/thumb/v7e-m+fp/hard/libnosys.a
START GROUP
LOAD /usr/lib/gcc/arm-none-eabi/10.1.0/thumb/v7e-m+fp/hard/libgcc.a
LOAD /usr/lib/gcc/arm-none-eabi/10.1.0/../../../../arm-none-eabi/lib/thumb/v7e-m+fp/hard/libc_nano.a
END GROUP
START GROUP
LOAD /usr/lib/gcc/arm-none-eabi/10.1.0/thumb/v7e-m+fp/hard/libgcc.a
LOAD /usr/lib/gcc/arm-none-eabi/10.1.0/../../../../arm-none-eabi/lib/thumb/v7e-m+fp/hard/libc_nano.a
END GROUP
LOAD /usr/lib/gcc/arm-none-eabi/10.1.0/thumb/v7e-m+fp/hard/crtend.o
LOAD /usr/lib/gcc/arm-none-eabi/10.1.0/thumb/v7e-m+fp/hard/crtn.o
                0x0000000020010000                _estack = 0x20010000
                0x0000000000000200                _Min_Heap_Size = 0x200
                0x0000000000000400                _Min_Stack_Size = 0x400

.isr_vector     0x0000000008000000      0x190
                0x0000000008000000                . = ALIGN (0x8)
 *(.isr_vector)
 .isr_vector    0x0000000008000000      0x18c build/startup_stm32l432xx.o
                0x0000000008000000                g_pfnVectors
                0x0000000008000190                . = ALIGN (0x8)
 *fill*         0x000000000800018c        0x4 

.text           0x0000000008000190     0x5888
                0x0000000008000190                . = ALIGN (0x8)
 *(.text)
 .text          0x0000000008000190       0xa0 /usr/lib/gcc/arm-none-eabi/10.1.0/../../../../arm-none-eabi/lib/thumb/v7e-m+fp/hard/libc_nano.a(lib_a-memchr.o)
                0x0000000008000190                memchr
 .text          0x0000000008000230       0x30 /usr/lib/gcc/arm-none-eabi/10.1.0/thumb/v7e-m+fp/hard/libgcc.a(_aeabi_uldivmod.o)
                0x0000000008000230                __aeabi_uldivmod
 .text          0x0000000008000260        0x4 /usr/lib/gcc/arm-none-eabi/10.1.0/thumb/v7e-m+fp/hard/libgcc.a(_dvmd_tls.o)
                0x0000000008000260                __aeabi_ldiv0
                0x0000000008000260                __aeabi_idiv0
 *(.text*)
 .text.__do_global_dtors_aux
                0x0000000008000264       0x24 /usr/lib/gcc/arm-none-eabi/10.1.0/thumb/v7e-m+fp/hard/crtbegin.o
 .text.frame_dummy
                0x0000000008000288       0x1c /usr/lib/gcc/arm-none-eabi/10.1.0/thumb/v7e-m+fp/hard/crtbegin.o
 .text.RetargetInit
                0x00000000080002a4       0x20 build/retarget.o
                0x00000000080002a4                RetargetInit
 .text._isatty  0x00000000080002c4       0x16 build/retarget.o
                0x00000000080002c4                _isatty
 *fill*         0x00000000080002da        0x2 
 .text._write   0x00000000080002dc       0x34 build/retarget.o
                0x00000000080002dc                _write
 .text._close   0x0000000008000310       0x18 build/retarget.o
                0x0000000008000310                _close
 .text._lseek   0x0000000008000328       0x10 build/retarget.o
                0x0000000008000328                _lseek
 .text._read    0x0000000008000338       0x30 build/retarget.o
                0x0000000008000338                _read
 .text._fstat   0x0000000008000368       0x1a build/retarget.o
                0x0000000008000368                _fstat
 .text.PWMDriver_Enable
                0x0000000008000382       0x12 build/PwmDriver.o
                0x0000000008000382                PWMDriver_Enable
 .text.HAL_TIM_PWM_PulseFinishedCallback
                0x0000000008000394       0x14 build/PwmDriver.o
                0x0000000008000394                HAL_TIM_PWM_PulseFinishedCallback
 .text.HAL_TIM_PeriodElapsedCallback
                0x00000000080003a8       0x14 build/PwmDriver.o
                0x00000000080003a8                HAL_TIM_PeriodElapsedCallback
 .text.PWMDriver_ChangeDutyCycle
                0x00000000080003bc        0x6 build/PwmDriver.o
                0x00000000080003bc                PWMDriver_ChangeDutyCycle
 *fill*         0x00000000080003c2        0x2 
 .text.SystemClock_Config
                0x00000000080003c4       0x94 build/main.o
                0x00000000080003c4                SystemClock_Config
 .text.main     0x0000000008000458       0x6c build/main.o
                0x0000000008000458                main
 .text.Error_Handler
                0x00000000080004c4        0x2 build/main.o
                0x00000000080004c4                Error_Handler
 .text.assert_failed
                0x00000000080004c6        0x2 build/main.o
                0x00000000080004c6                assert_failed
 .text.MX_GPIO_Init
                0x00000000080004c8       0x74 build/gpio.o
                0x00000000080004c8                MX_GPIO_Init
 .text.MX_TIM2_Init
                0x000000000800053c       0xac build/tim.o
                0x000000000800053c                MX_TIM2_Init
 .text.HAL_TIM_Base_MspInit
                0x00000000080005e8       0x3a build/tim.o
                0x00000000080005e8                HAL_TIM_Base_MspInit
 *fill*         0x0000000008000622        0x2 
 .text.MX_USART2_UART_Init
                0x0000000008000624       0x38 build/usart.o
                0x0000000008000624                MX_USART2_UART_Init
 .text.HAL_UART_MspInit
                0x000000000800065c       0x80 build/usart.o
                0x000000000800065c                HAL_UART_MspInit
 .text.NMI_Handler
                0x00000000080006dc        0x2 build/stm32l4xx_it.o
                0x00000000080006dc                NMI_Handler
 .text.HardFault_Handler
                0x00000000080006de        0x2 build/stm32l4xx_it.o
                0x00000000080006de                HardFault_Handler
 .text.MemManage_Handler
                0x00000000080006e0        0x2 build/stm32l4xx_it.o
                0x00000000080006e0                MemManage_Handler
 .text.BusFault_Handler
                0x00000000080006e2        0x2 build/stm32l4xx_it.o
                0x00000000080006e2                BusFault_Handler
 .text.UsageFault_Handler
                0x00000000080006e4        0x2 build/stm32l4xx_it.o
                0x00000000080006e4                UsageFault_Handler
 .text.SVC_Handler
                0x00000000080006e6        0x2 build/stm32l4xx_it.o
                0x00000000080006e6                SVC_Handler
 .text.DebugMon_Handler
                0x00000000080006e8        0x2 build/stm32l4xx_it.o
                0x00000000080006e8                DebugMon_Handler
 .text.PendSV_Handler
                0x00000000080006ea        0x2 build/stm32l4xx_it.o
                0x00000000080006ea                PendSV_Handler
 .text.SysTick_Handler
                0x00000000080006ec        0x8 build/stm32l4xx_it.o
                0x00000000080006ec                SysTick_Handler
 .text.TIM2_IRQHandler
                0x00000000080006f4       0x10 build/stm32l4xx_it.o
                0x00000000080006f4                TIM2_IRQHandler
 .text.HAL_MspInit
                0x0000000008000704       0x30 build/stm32l4xx_hal_msp.o
                0x0000000008000704                HAL_MspInit
 .text.TIM_OC5_SetConfig
                0x0000000008000734       0x58 build/stm32l4xx_hal_tim.o
 .text.TIM_OC6_SetConfig
                0x000000000800078c       0x5c build/stm32l4xx_hal_tim.o
 .text.TIM_TI1_ConfigInputStage
                0x00000000080007e8       0x26 build/stm32l4xx_hal_tim.o
 .text.TIM_TI2_ConfigInputStage
                0x000000000800080e       0x28 build/stm32l4xx_hal_tim.o
 .text.TIM_ITRx_SetConfig
                0x0000000008000836       0x10 build/stm32l4xx_hal_tim.o
 *fill*         0x0000000008000846        0x2 
 .text.TIM_OC1_SetConfig
                0x0000000008000848       0xc8 build/stm32l4xx_hal_tim.o
 .text.TIM_OC3_SetConfig
                0x0000000008000910       0xc4 build/stm32l4xx_hal_tim.o
 .text.TIM_OC4_SetConfig
                0x00000000080009d4       0x80 build/stm32l4xx_hal_tim.o
 .text.HAL_TIM_Base_Start_IT
                0x0000000008000a54       0x70 build/stm32l4xx_hal_tim.o
                0x0000000008000a54                HAL_TIM_Base_Start_IT
 .text.HAL_TIM_PWM_MspInit
                0x0000000008000ac4        0x2 build/stm32l4xx_hal_tim.o
                0x0000000008000ac4                HAL_TIM_PWM_MspInit
 .text.HAL_TIM_OC_DelayElapsedCallback
                0x0000000008000ac6        0x2 build/stm32l4xx_hal_tim.o
                0x0000000008000ac6                HAL_TIM_OC_DelayElapsedCallback
 .text.HAL_TIM_IC_CaptureCallback
                0x0000000008000ac8        0x2 build/stm32l4xx_hal_tim.o
                0x0000000008000ac8                HAL_TIM_IC_CaptureCallback
 .text.HAL_TIM_TriggerCallback
                0x0000000008000aca        0x2 build/stm32l4xx_hal_tim.o
                0x0000000008000aca                HAL_TIM_TriggerCallback
 .text.HAL_TIM_IRQHandler
                0x0000000008000acc      0x19a build/stm32l4xx_hal_tim.o
                0x0000000008000acc                HAL_TIM_IRQHandler
 *fill*         0x0000000008000c66        0x2 
 .text.TIM_Base_SetConfig
                0x0000000008000c68       0x70 build/stm32l4xx_hal_tim.o
                0x0000000008000c68                TIM_Base_SetConfig
 .text.HAL_TIM_Base_Init
                0x0000000008000cd8       0xc8 build/stm32l4xx_hal_tim.o
                0x0000000008000cd8                HAL_TIM_Base_Init
 .text.HAL_TIM_PWM_Init
                0x0000000008000da0       0xc8 build/stm32l4xx_hal_tim.o
                0x0000000008000da0                HAL_TIM_PWM_Init
 .text.TIM_OC2_SetConfig
                0x0000000008000e68       0xc4 build/stm32l4xx_hal_tim.o
                0x0000000008000e68                TIM_OC2_SetConfig
 .text.HAL_TIM_PWM_ConfigChannel
                0x0000000008000f2c      0x27c build/stm32l4xx_hal_tim.o
                0x0000000008000f2c                HAL_TIM_PWM_ConfigChannel
 .text.TIM_ETR_SetConfig
                0x00000000080011a8       0x1a build/stm32l4xx_hal_tim.o
                0x00000000080011a8                TIM_ETR_SetConfig
 *fill*         0x00000000080011c2        0x2 
 .text.HAL_TIM_ConfigClockSource
                0x00000000080011c4      0x36c build/stm32l4xx_hal_tim.o
                0x00000000080011c4                HAL_TIM_ConfigClockSource
 .text.TIM_CCxChannelCmd
                0x0000000008001530       0x7c build/stm32l4xx_hal_tim.o
                0x0000000008001530                TIM_CCxChannelCmd
 .text.HAL_TIM_PWM_Start_IT
                0x00000000080015ac      0x108 build/stm32l4xx_hal_tim.o
                0x00000000080015ac                HAL_TIM_PWM_Start_IT
 .text.HAL_TIMEx_MasterConfigSynchronization
                0x00000000080016b4      0x13c build/stm32l4xx_hal_tim_ex.o
                0x00000000080016b4                HAL_TIMEx_MasterConfigSynchronization
 .text.HAL_TIMEx_CommutCallback
                0x00000000080017f0        0x2 build/stm32l4xx_hal_tim_ex.o
                0x00000000080017f0                HAL_TIMEx_CommutCallback
 .text.HAL_TIMEx_BreakCallback
                0x00000000080017f2        0x2 build/stm32l4xx_hal_tim_ex.o
                0x00000000080017f2                HAL_TIMEx_BreakCallback
 .text.HAL_TIMEx_Break2Callback
                0x00000000080017f4        0x2 build/stm32l4xx_hal_tim_ex.o
                0x00000000080017f4                HAL_TIMEx_Break2Callback
 *fill*         0x00000000080017f6        0x2 
 .text.HAL_InitTick
                0x00000000080017f8       0x50 build/stm32l4xx_hal.o
                0x00000000080017f8                HAL_InitTick
 .text.HAL_Init
                0x0000000008001848       0x1e build/stm32l4xx_hal.o
                0x0000000008001848                HAL_Init
 *fill*         0x0000000008001866        0x2 
 .text.HAL_IncTick
                0x0000000008001868       0x18 build/stm32l4xx_hal.o
                0x0000000008001868                HAL_IncTick
 .text.HAL_GetTick
                0x0000000008001880        0xc build/stm32l4xx_hal.o
                0x0000000008001880                HAL_GetTick
 .text.RCC_SetFlashLatencyFromMSIRange
                0x000000000800188c       0x90 build/stm32l4xx_hal_rcc.o
 .text.HAL_RCC_GetSysClockFreq
                0x000000000800191c       0xb4 build/stm32l4xx_hal_rcc.o
                0x000000000800191c                HAL_RCC_GetSysClockFreq
 .text.HAL_RCC_OscConfig
                0x00000000080019d0      0x7e4 build/stm32l4xx_hal_rcc.o
                0x00000000080019d0                HAL_RCC_OscConfig
 .text.HAL_RCC_ClockConfig
                0x00000000080021b4      0x218 build/stm32l4xx_hal_rcc.o
                0x00000000080021b4                HAL_RCC_ClockConfig
 .text.HAL_RCC_GetHCLKFreq
                0x00000000080023cc        0xc build/stm32l4xx_hal_rcc.o
                0x00000000080023cc                HAL_RCC_GetHCLKFreq
 .text.HAL_RCC_GetPCLK1Freq
                0x00000000080023d8       0x24 build/stm32l4xx_hal_rcc.o
                0x00000000080023d8                HAL_RCC_GetPCLK1Freq
 .text.HAL_RCC_GetPCLK2Freq
                0x00000000080023fc       0x24 build/stm32l4xx_hal_rcc.o
                0x00000000080023fc                HAL_RCC_GetPCLK2Freq
 .text.RCCEx_PLLSAI1_Config
                0x0000000008002420      0x21c build/stm32l4xx_hal_rcc_ex.o
 .text.HAL_RCCEx_PeriphCLKConfig
                0x000000000800263c      0x4bc build/stm32l4xx_hal_rcc_ex.o
                0x000000000800263c                HAL_RCCEx_PeriphCLKConfig
 .text.HAL_RCCEx_EnableMSIPLLMode
                0x0000000008002af8       0x10 build/stm32l4xx_hal_rcc_ex.o
                0x0000000008002af8                HAL_RCCEx_EnableMSIPLLMode
 .text.HAL_GPIO_Init
                0x0000000008002b08      0x280 build/stm32l4xx_hal_gpio.o
                0x0000000008002b08                HAL_GPIO_Init
 .text.HAL_GPIO_WritePin
                0x0000000008002d88       0x34 build/stm32l4xx_hal_gpio.o
                0x0000000008002d88                HAL_GPIO_WritePin
 .text.HAL_PWR_EnableBkUpAccess
                0x0000000008002dbc       0x10 build/stm32l4xx_hal_pwr.o
                0x0000000008002dbc                HAL_PWR_EnableBkUpAccess
 .text.HAL_PWREx_GetVoltageRange
                0x0000000008002dcc       0x10 build/stm32l4xx_hal_pwr_ex.o
                0x0000000008002dcc                HAL_PWREx_GetVoltageRange
 .text.HAL_PWREx_ControlVoltageScaling
                0x0000000008002ddc       0xac build/stm32l4xx_hal_pwr_ex.o
                0x0000000008002ddc                HAL_PWREx_ControlVoltageScaling
 .text.HAL_NVIC_SetPriorityGrouping
                0x0000000008002e88       0x3c build/stm32l4xx_hal_cortex.o
                0x0000000008002e88                HAL_NVIC_SetPriorityGrouping
 .text.HAL_NVIC_SetPriority
                0x0000000008002ec4       0x8c build/stm32l4xx_hal_cortex.o
                0x0000000008002ec4                HAL_NVIC_SetPriority
 .text.HAL_NVIC_EnableIRQ
                0x0000000008002f50       0x30 build/stm32l4xx_hal_cortex.o
                0x0000000008002f50                HAL_NVIC_EnableIRQ
 .text.HAL_SYSTICK_Config
                0x0000000008002f80       0x28 build/stm32l4xx_hal_cortex.o
                0x0000000008002f80                HAL_SYSTICK_Config
 .text.UART_SetConfig
                0x0000000008002fa8      0x44c build/stm32l4xx_hal_uart.o
                0x0000000008002fa8                UART_SetConfig
 .text.UART_AdvFeatureConfig
                0x00000000080033f4      0x1dc build/stm32l4xx_hal_uart.o
                0x00000000080033f4                UART_AdvFeatureConfig
 .text.UART_WaitOnFlagUntilTimeout
                0x00000000080035d0       0x68 build/stm32l4xx_hal_uart.o
                0x00000000080035d0                UART_WaitOnFlagUntilTimeout
 .text.HAL_UART_Transmit
                0x0000000008003638       0xd6 build/stm32l4xx_hal_uart.o
                0x0000000008003638                HAL_UART_Transmit
 .text.HAL_UART_Receive
                0x000000000800370e      0x11e build/stm32l4xx_hal_uart.o
                0x000000000800370e                HAL_UART_Receive
 .text.UART_CheckIdleState
                0x000000000800382c       0x6c build/stm32l4xx_hal_uart.o
                0x000000000800382c                UART_CheckIdleState
 .text.HAL_UART_Init
                0x0000000008003898       0xbc build/stm32l4xx_hal_uart.o
                0x0000000008003898                HAL_UART_Init
 .text.SystemInit
                0x0000000008003954       0x48 build/system_stm32l4xx.o
                0x0000000008003954                SystemInit
 .text.Reset_Handler
                0x000000000800399c       0x50 build/startup_stm32l432xx.o
                0x000000000800399c                Reset_Handler
 .text.Default_Handler
                0x00000000080039ec        0x2 build/startup_stm32l432xx.o
                0x00000000080039ec                RTC_Alarm_IRQHandler
                0x00000000080039ec                EXTI2_IRQHandler
                0x00000000080039ec                TIM1_CC_IRQHandler
                0x00000000080039ec                TSC_IRQHandler
                0x00000000080039ec                TAMP_STAMP_IRQHandler
                0x00000000080039ec                EXTI3_IRQHandler
                0x00000000080039ec                LPTIM2_IRQHandler
                0x00000000080039ec                I2C3_ER_IRQHandler
                0x00000000080039ec                EXTI0_IRQHandler
                0x00000000080039ec                CAN1_RX0_IRQHandler
                0x00000000080039ec                FPU_IRQHandler
                0x00000000080039ec                TIM1_UP_TIM16_IRQHandler
                0x00000000080039ec                SPI1_IRQHandler
                0x00000000080039ec                TIM6_DAC_IRQHandler
                0x00000000080039ec                DMA2_Channel2_IRQHandler
                0x00000000080039ec                DMA1_Channel4_IRQHandler
                0x00000000080039ec                ADC1_IRQHandler
                0x00000000080039ec                DMA1_Channel7_IRQHandler
                0x00000000080039ec                CAN1_RX1_IRQHandler
                0x00000000080039ec                DMA2_Channel1_IRQHandler
                0x00000000080039ec                QUADSPI_IRQHandler
                0x00000000080039ec                I2C1_EV_IRQHandler
                0x00000000080039ec                DMA1_Channel6_IRQHandler
                0x00000000080039ec                DMA2_Channel4_IRQHandler
                0x00000000080039ec                RCC_IRQHandler
                0x00000000080039ec                TIM1_TRG_COM_IRQHandler
                0x00000000080039ec                DMA1_Channel1_IRQHandler
                0x00000000080039ec                Default_Handler
                0x00000000080039ec                DMA2_Channel7_IRQHandler
                0x00000000080039ec                EXTI15_10_IRQHandler
                0x00000000080039ec                TIM7_IRQHandler
                0x00000000080039ec                I2C3_EV_IRQHandler
                0x00000000080039ec                USB_IRQHandler
                0x00000000080039ec                EXTI9_5_IRQHandler
                0x00000000080039ec                RTC_WKUP_IRQHandler
                0x00000000080039ec                PVD_PVM_IRQHandler
                0x00000000080039ec                CAN1_TX_IRQHandler
                0x00000000080039ec                DMA2_Channel5_IRQHandler
                0x00000000080039ec                CRS_IRQHandler
                0x00000000080039ec                DMA1_Channel5_IRQHandler
                0x00000000080039ec                EXTI4_IRQHandler
                0x00000000080039ec                RNG_IRQHandler
                0x00000000080039ec                DMA1_Channel3_IRQHandler
                0x00000000080039ec                COMP_IRQHandler
                0x00000000080039ec                WWDG_IRQHandler
                0x00000000080039ec                LPUART1_IRQHandler
                0x00000000080039ec                DMA2_Channel6_IRQHandler
                0x00000000080039ec                EXTI1_IRQHandler
                0x00000000080039ec                USART2_IRQHandler
                0x00000000080039ec                DMA1_Channel2_IRQHandler
                0x00000000080039ec                CAN1_SCE_IRQHandler
                0x00000000080039ec                FLASH_IRQHandler
                0x00000000080039ec                USART1_IRQHandler
                0x00000000080039ec                SPI3_IRQHandler
                0x00000000080039ec                I2C1_ER_IRQHandler
                0x00000000080039ec                SWPMI1_IRQHandler
                0x00000000080039ec                LPTIM1_IRQHandler
                0x00000000080039ec                SAI1_IRQHandler
                0x00000000080039ec                DMA2_Channel3_IRQHandler
                0x00000000080039ec                TIM1_BRK_TIM15_IRQHandler
 .text.atoi     0x00000000080039ee        0x8 /usr/lib/gcc/arm-none-eabi/10.1.0/../../../../arm-none-eabi/lib/thumb/v7e-m+fp/hard/libc_nano.a(lib_a-atoi.o)
                0x00000000080039ee                atoi
 *fill*         0x00000000080039f6        0x2 
 .text.__errno  0x00000000080039f8        0xc /usr/lib/gcc/arm-none-eabi/10.1.0/../../../../arm-none-eabi/lib/thumb/v7e-m+fp/hard/libc_nano.a(lib_a-errno.o)
                0x00000000080039f8                __errno
 .text.__libc_init_array
                0x0000000008003a04       0x48 /usr/lib/gcc/arm-none-eabi/10.1.0/../../../../arm-none-eabi/lib/thumb/v7e-m+fp/hard/libc_nano.a(lib_a-init.o)
                0x0000000008003a04                __libc_init_array
 .text.memset   0x0000000008003a4c       0x10 /usr/lib/gcc/arm-none-eabi/10.1.0/../../../../arm-none-eabi/lib/thumb/v7e-m+fp/hard/libc_nano.a(lib_a-memset.o)
                0x0000000008003a4c                memset
 .text.printf   0x0000000008003a5c       0x30 /usr/lib/gcc/arm-none-eabi/10.1.0/../../../../arm-none-eabi/lib/thumb/v7e-m+fp/hard/libc_nano.a(lib_a-printf.o)
                0x0000000008003a5c                printf
                0x0000000008003a5c                iprintf
 .text.scanf    0x0000000008003a8c       0x30 /usr/lib/gcc/arm-none-eabi/10.1.0/../../../../arm-none-eabi/lib/thumb/v7e-m+fp/hard/libc_nano.a(lib_a-scanf.o)
                0x0000000008003a8c                iscanf
                0x0000000008003a8c                scanf
 .text.setvbuf  0x0000000008003abc      0x18c /usr/lib/gcc/arm-none-eabi/10.1.0/../../../../arm-none-eabi/lib/thumb/v7e-m+fp/hard/libc_nano.a(lib_a-setvbuf.o)
                0x0000000008003abc                setvbuf
 .text._strtol_l.isra.0
                0x0000000008003c48      0x108 /usr/lib/gcc/arm-none-eabi/10.1.0/../../../../arm-none-eabi/lib/thumb/v7e-m+fp/hard/libc_nano.a(lib_a-strtol.o)
 .text._strtol_r
                0x0000000008003d50        0x4 /usr/lib/gcc/arm-none-eabi/10.1.0/../../../../arm-none-eabi/lib/thumb/v7e-m+fp/hard/libc_nano.a(lib_a-strtol.o)
                0x0000000008003d50                _strtol_r
 .text.strtol   0x0000000008003d54       0x14 /usr/lib/gcc/arm-none-eabi/10.1.0/../../../../arm-none-eabi/lib/thumb/v7e-m+fp/hard/libc_nano.a(lib_a-strtol.o)
                0x0000000008003d54                strtol
 .text.__sflush_r
                0x0000000008003d68      0x10c /usr/lib/gcc/arm-none-eabi/10.1.0/../../../../arm-none-eabi/lib/thumb/v7e-m+fp/hard/libc_nano.a(lib_a-fflush.o)
                0x0000000008003d68                __sflush_r
 .text._fflush_r
                0x0000000008003e74       0x78 /usr/lib/gcc/arm-none-eabi/10.1.0/../../../../arm-none-eabi/lib/thumb/v7e-m+fp/hard/libc_nano.a(lib_a-fflush.o)
                0x0000000008003e74                _fflush_r
 .text.fflush   0x0000000008003eec       0x24 /usr/lib/gcc/arm-none-eabi/10.1.0/../../../../arm-none-eabi/lib/thumb/v7e-m+fp/hard/libc_nano.a(lib_a-fflush.o)
                0x0000000008003eec                fflush
 .text.std      0x0000000008003f10       0x48 /usr/lib/gcc/arm-none-eabi/10.1.0/../../../../arm-none-eabi/lib/thumb/v7e-m+fp/hard/libc_nano.a(lib_a-findfp.o)
 .text._cleanup_r
                0x0000000008003f58        0xc /usr/lib/gcc/arm-none-eabi/10.1.0/../../../../arm-none-eabi/lib/thumb/v7e-m+fp/hard/libc_nano.a(lib_a-findfp.o)
                0x0000000008003f58                _cleanup_r
 .text.__sfmoreglue
                0x0000000008003f64       0x2c /usr/lib/gcc/arm-none-eabi/10.1.0/../../../../arm-none-eabi/lib/thumb/v7e-m+fp/hard/libc_nano.a(lib_a-findfp.o)
                0x0000000008003f64                __sfmoreglue
 .text.__sfp_lock_acquire
                0x0000000008003f90        0xc /usr/lib/gcc/arm-none-eabi/10.1.0/../../../../arm-none-eabi/lib/thumb/v7e-m+fp/hard/libc_nano.a(lib_a-findfp.o)
                0x0000000008003f90                __sfp_lock_acquire
 .text.__sfp_lock_release
                0x0000000008003f9c        0xc /usr/lib/gcc/arm-none-eabi/10.1.0/../../../../arm-none-eabi/lib/thumb/v7e-m+fp/hard/libc_nano.a(lib_a-findfp.o)
                0x0000000008003f9c                __sfp_lock_release
 .text.__sinit_lock_acquire
                0x0000000008003fa8        0xc /usr/lib/gcc/arm-none-eabi/10.1.0/../../../../arm-none-eabi/lib/thumb/v7e-m+fp/hard/libc_nano.a(lib_a-findfp.o)
                0x0000000008003fa8                __sinit_lock_acquire
 .text.__sinit_lock_release
                0x0000000008003fb4        0xc /usr/lib/gcc/arm-none-eabi/10.1.0/../../../../arm-none-eabi/lib/thumb/v7e-m+fp/hard/libc_nano.a(lib_a-findfp.o)
                0x0000000008003fb4                __sinit_lock_release
 .text.__sinit  0x0000000008003fc0       0x70 /usr/lib/gcc/arm-none-eabi/10.1.0/../../../../arm-none-eabi/lib/thumb/v7e-m+fp/hard/libc_nano.a(lib_a-findfp.o)
                0x0000000008003fc0                __sinit
 .text.__sfp    0x0000000008004030       0x8c /usr/lib/gcc/arm-none-eabi/10.1.0/../../../../arm-none-eabi/lib/thumb/v7e-m+fp/hard/libc_nano.a(lib_a-findfp.o)
                0x0000000008004030                __sfp
 .text._fwalk   0x00000000080040bc       0x3a /usr/lib/gcc/arm-none-eabi/10.1.0/../../../../arm-none-eabi/lib/thumb/v7e-m+fp/hard/libc_nano.a(lib_a-fwalk.o)
                0x00000000080040bc                _fwalk
 .text._fwalk_reent
                0x00000000080040f6       0x3e /usr/lib/gcc/arm-none-eabi/10.1.0/../../../../arm-none-eabi/lib/thumb/v7e-m+fp/hard/libc_nano.a(lib_a-fwalk.o)
                0x00000000080040f6                _fwalk_reent
 .text.__retarget_lock_init_recursive
                0x0000000008004134        0x2 /usr/lib/gcc/arm-none-eabi/10.1.0/../../../../arm-none-eabi/lib/thumb/v7e-m+fp/hard/libc_nano.a(lib_a-lock.o)
                0x0000000008004134                __retarget_lock_init_recursive
 .text.__retarget_lock_acquire_recursive
                0x0000000008004136        0x2 /usr/lib/gcc/arm-none-eabi/10.1.0/../../../../arm-none-eabi/lib/thumb/v7e-m+fp/hard/libc_nano.a(lib_a-lock.o)
                0x0000000008004136                __retarget_lock_acquire_recursive
 .text.__retarget_lock_release_recursive
                0x0000000008004138        0x2 /usr/lib/gcc/arm-none-eabi/10.1.0/../../../../arm-none-eabi/lib/thumb/v7e-m+fp/hard/libc_nano.a(lib_a-lock.o)
                0x0000000008004138                __retarget_lock_release_recursive
 .text.__swhatbuf_r
                0x000000000800413a       0x48 /usr/lib/gcc/arm-none-eabi/10.1.0/../../../../arm-none-eabi/lib/thumb/v7e-m+fp/hard/libc_nano.a(lib_a-makebuf.o)
                0x000000000800413a                __swhatbuf_r
 *fill*         0x0000000008004182        0x2 
 .text.__smakebuf_r
                0x0000000008004184       0x80 /usr/lib/gcc/arm-none-eabi/10.1.0/../../../../arm-none-eabi/lib/thumb/v7e-m+fp/hard/libc_nano.a(lib_a-makebuf.o)
                0x0000000008004184                __smakebuf_r
 .text.malloc   0x0000000008004204       0x10 /usr/lib/gcc/arm-none-eabi/10.1.0/../../../../arm-none-eabi/lib/thumb/v7e-m+fp/hard/libc_nano.a(lib_a-malloc.o)
                0x0000000008004204                malloc
 .text._free_r  0x0000000008004214       0xa0 /usr/lib/gcc/arm-none-eabi/10.1.0/../../../../arm-none-eabi/lib/thumb/v7e-m+fp/hard/libc_nano.a(lib_a-nano-freer.o)
                0x0000000008004214                _free_r
 .text._malloc_r
                0x00000000080042b4       0xb4 /usr/lib/gcc/arm-none-eabi/10.1.0/../../../../arm-none-eabi/lib/thumb/v7e-m+fp/hard/libc_nano.a(lib_a-nano-mallocr.o)
                0x00000000080042b4                _malloc_r
 .text.__sfputc_r
                0x0000000008004368       0x2e /usr/lib/gcc/arm-none-eabi/10.1.0/../../../../arm-none-eabi/lib/thumb/v7e-m+fp/hard/libc_nano.a(lib_a-nano-vfprintf.o)
 .text.__sfputs_r
                0x0000000008004396       0x24 /usr/lib/gcc/arm-none-eabi/10.1.0/../../../../arm-none-eabi/lib/thumb/v7e-m+fp/hard/libc_nano.a(lib_a-nano-vfprintf.o)
                0x0000000008004396                __sfputs_r
 *fill*         0x00000000080043ba        0x2 
 .text._vfprintf_r
                0x00000000080043bc      0x260 /usr/lib/gcc/arm-none-eabi/10.1.0/../../../../arm-none-eabi/lib/thumb/v7e-m+fp/hard/libc_nano.a(lib_a-nano-vfprintf.o)
                0x00000000080043bc                _vfiprintf_r
                0x00000000080043bc                _vfprintf_r
 .text.__svfscanf_r
                0x000000000800461c      0x348 /usr/lib/gcc/arm-none-eabi/10.1.0/../../../../arm-none-eabi/lib/thumb/v7e-m+fp/hard/libc_nano.a(lib_a-nano-vfscanf.o)
                0x000000000800461c                __svfiscanf_r
                0x000000000800461c                __svfscanf_r
 .text._vfscanf_r
                0x0000000008004964       0x50 /usr/lib/gcc/arm-none-eabi/10.1.0/../../../../arm-none-eabi/lib/thumb/v7e-m+fp/hard/libc_nano.a(lib_a-nano-vfscanf.o)
                0x0000000008004964                _vfiscanf_r
                0x0000000008004964                _vfscanf_r
 .text.lflush   0x00000000080049b4       0x12 /usr/lib/gcc/arm-none-eabi/10.1.0/../../../../arm-none-eabi/lib/thumb/v7e-m+fp/hard/libc_nano.a(lib_a-refill.o)
 *fill*         0x00000000080049c6        0x2 
 .text.__srefill_r
                0x00000000080049c8      0x114 /usr/lib/gcc/arm-none-eabi/10.1.0/../../../../arm-none-eabi/lib/thumb/v7e-m+fp/hard/libc_nano.a(lib_a-refill.o)
                0x00000000080049c8                __srefill_r
 .text._sbrk_r  0x0000000008004adc       0x20 /usr/lib/gcc/arm-none-eabi/10.1.0/../../../../arm-none-eabi/lib/thumb/v7e-m+fp/hard/libc_nano.a(lib_a-sbrkr.o)
                0x0000000008004adc                _sbrk_r
 .text.__sccl   0x0000000008004afc       0x74 /usr/lib/gcc/arm-none-eabi/10.1.0/../../../../arm-none-eabi/lib/thumb/v7e-m+fp/hard/libc_nano.a(lib_a-sccl.o)
                0x0000000008004afc                __sccl
 .text.__sread  0x0000000008004b70       0x22 /usr/lib/gcc/arm-none-eabi/10.1.0/../../../../arm-none-eabi/lib/thumb/v7e-m+fp/hard/libc_nano.a(lib_a-stdio.o)
                0x0000000008004b70                __sread
 .text.__swrite
                0x0000000008004b92       0x38 /usr/lib/gcc/arm-none-eabi/10.1.0/../../../../arm-none-eabi/lib/thumb/v7e-m+fp/hard/libc_nano.a(lib_a-stdio.o)
                0x0000000008004b92                __swrite
 .text.__sseek  0x0000000008004bca       0x24 /usr/lib/gcc/arm-none-eabi/10.1.0/../../../../arm-none-eabi/lib/thumb/v7e-m+fp/hard/libc_nano.a(lib_a-stdio.o)
                0x0000000008004bca                __sseek
 .text.__sclose
                0x0000000008004bee        0x8 /usr/lib/gcc/arm-none-eabi/10.1.0/../../../../arm-none-eabi/lib/thumb/v7e-m+fp/hard/libc_nano.a(lib_a-stdio.o)
                0x0000000008004bee                __sclose
 .text.__submore
                0x0000000008004bf6       0x74 /usr/lib/gcc/arm-none-eabi/10.1.0/../../../../arm-none-eabi/lib/thumb/v7e-m+fp/hard/libc_nano.a(lib_a-ungetc.o)
                0x0000000008004bf6                __submore
 *fill*         0x0000000008004c6a        0x2 
 .text._ungetc_r
                0x0000000008004c6c      0x130 /usr/lib/gcc/arm-none-eabi/10.1.0/../../../../arm-none-eabi/lib/thumb/v7e-m+fp/hard/libc_nano.a(lib_a-ungetc.o)
                0x0000000008004c6c                _ungetc_r
 .text.__swbuf_r
                0x0000000008004d9c       0xa4 /usr/lib/gcc/arm-none-eabi/10.1.0/../../../../arm-none-eabi/lib/thumb/v7e-m+fp/hard/libc_nano.a(lib_a-wbuf.o)
                0x0000000008004d9c                __swbuf_r
 .text._write_r
                0x0000000008004e40       0x24 /usr/lib/gcc/arm-none-eabi/10.1.0/../../../../arm-none-eabi/lib/thumb/v7e-m+fp/hard/libc_nano.a(lib_a-writer.o)
                0x0000000008004e40                _write_r
 .text.__swsetup_r
                0x0000000008004e64       0xdc /usr/lib/gcc/arm-none-eabi/10.1.0/../../../../arm-none-eabi/lib/thumb/v7e-m+fp/hard/libc_nano.a(lib_a-wsetup.o)
                0x0000000008004e64                __swsetup_r
 .text._close_r
                0x0000000008004f40       0x20 /usr/lib/gcc/arm-none-eabi/10.1.0/../../../../arm-none-eabi/lib/thumb/v7e-m+fp/hard/libc_nano.a(lib_a-closer.o)
                0x0000000008004f40                _close_r
 .text._fstat_r
                0x0000000008004f60       0x24 /usr/lib/gcc/arm-none-eabi/10.1.0/../../../../arm-none-eabi/lib/thumb/v7e-m+fp/hard/libc_nano.a(lib_a-fstatr.o)
                0x0000000008004f60                _fstat_r
 .text._isatty_r
                0x0000000008004f84       0x20 /usr/lib/gcc/arm-none-eabi/10.1.0/../../../../arm-none-eabi/lib/thumb/v7e-m+fp/hard/libc_nano.a(lib_a-isattyr.o)
                0x0000000008004f84                _isatty_r
 .text._lseek_r
                0x0000000008004fa4       0x24 /usr/lib/gcc/arm-none-eabi/10.1.0/../../../../arm-none-eabi/lib/thumb/v7e-m+fp/hard/libc_nano.a(lib_a-lseekr.o)
                0x0000000008004fa4                _lseek_r
 .text.memcpy   0x0000000008004fc8       0x1c /usr/lib/gcc/arm-none-eabi/10.1.0/../../../../arm-none-eabi/lib/thumb/v7e-m+fp/hard/libc_nano.a(lib_a-memcpy-stub.o)
                0x0000000008004fc8                memcpy
 .text.__malloc_lock
                0x0000000008004fe4        0xc /usr/lib/gcc/arm-none-eabi/10.1.0/../../../../arm-none-eabi/lib/thumb/v7e-m+fp/hard/libc_nano.a(lib_a-mlock.o)
                0x0000000008004fe4                __malloc_lock
 .text.__malloc_unlock
                0x0000000008004ff0        0xc /usr/lib/gcc/arm-none-eabi/10.1.0/../../../../arm-none-eabi/lib/thumb/v7e-m+fp/hard/libc_nano.a(lib_a-mlock.o)
                0x0000000008004ff0                __malloc_unlock
 .text._realloc_r
                0x0000000008004ffc       0x4c /usr/lib/gcc/arm-none-eabi/10.1.0/../../../../arm-none-eabi/lib/thumb/v7e-m+fp/hard/libc_nano.a(lib_a-nano-reallocr.o)
                0x0000000008004ffc                _realloc_r
 .text._printf_common
                0x0000000008005048       0xda /usr/lib/gcc/arm-none-eabi/10.1.0/../../../../arm-none-eabi/lib/thumb/v7e-m+fp/hard/libc_nano.a(lib_a-nano-vfprintf_i.o)
                0x0000000008005048                _printf_common
 *fill*         0x0000000008005122        0x2 
 .text._printf_i
                0x0000000008005124      0x24c /usr/lib/gcc/arm-none-eabi/10.1.0/../../../../arm-none-eabi/lib/thumb/v7e-m+fp/hard/libc_nano.a(lib_a-nano-vfprintf_i.o)
                0x0000000008005124                _printf_i
 .text._scanf_chars
                0x0000000008005370       0xb0 /usr/lib/gcc/arm-none-eabi/10.1.0/../../../../arm-none-eabi/lib/thumb/v7e-m+fp/hard/libc_nano.a(lib_a-nano-vfscanf_i.o)
                0x0000000008005370                _scanf_chars
 .text._scanf_i
                0x0000000008005420      0x1e8 /usr/lib/gcc/arm-none-eabi/10.1.0/../../../../arm-none-eabi/lib/thumb/v7e-m+fp/hard/libc_nano.a(lib_a-nano-vfscanf_i.o)
                0x0000000008005420                _scanf_i
 .text._read_r  0x0000000008005608       0x24 /usr/lib/gcc/arm-none-eabi/10.1.0/../../../../arm-none-eabi/lib/thumb/v7e-m+fp/hard/libc_nano.a(lib_a-readr.o)
                0x0000000008005608                _read_r
 .text._strtoul_l.isra.0
                0x000000000800562c       0xf8 /usr/lib/gcc/arm-none-eabi/10.1.0/../../../../arm-none-eabi/lib/thumb/v7e-m+fp/hard/libc_nano.a(lib_a-strtoul.o)
 .text._strtoul_r
                0x0000000008005724        0x4 /usr/lib/gcc/arm-none-eabi/10.1.0/../../../../arm-none-eabi/lib/thumb/v7e-m+fp/hard/libc_nano.a(lib_a-strtoul.o)
                0x0000000008005724                _strtoul_r
 .text._malloc_usable_size_r
                0x0000000008005728       0x10 /usr/lib/gcc/arm-none-eabi/10.1.0/../../../../arm-none-eabi/lib/thumb/v7e-m+fp/hard/libc_nano.a(lib_a-nano-msizer.o)
                0x0000000008005728                _malloc_usable_size_r
 .text._sbrk    0x0000000008005738       0x1c /usr/lib/gcc/arm-none-eabi/10.1.0/../../../../arm-none-eabi/lib/thumb/v7e-m+fp/hard/libnosys.a(sbrk.o)
                0x0000000008005738                _sbrk
 .text.__udivmoddi4
                0x0000000008005754      0x2aa /usr/lib/gcc/arm-none-eabi/10.1.0/thumb/v7e-m+fp/hard/libgcc.a(_udivmoddi4.o)
                0x0000000008005754                __udivmoddi4
 *(.glue_7)
 .glue_7        0x00000000080059fe        0x0 linker stubs
 *(.glue_7t)
 .glue_7t       0x00000000080059fe        0x0 linker stubs
 *(.eh_frame)
 *fill*         0x00000000080059fe        0x2 
 .eh_frame      0x0000000008005a00        0x0 /usr/lib/gcc/arm-none-eabi/10.1.0/thumb/v7e-m+fp/hard/crtbegin.o
 *(.init)
 .init          0x0000000008005a00        0x4 /usr/lib/gcc/arm-none-eabi/10.1.0/thumb/v7e-m+fp/hard/crti.o
                0x0000000008005a00                _init
 .init          0x0000000008005a04        0x8 /usr/lib/gcc/arm-none-eabi/10.1.0/thumb/v7e-m+fp/hard/crtn.o
 *(.fini)
 .fini          0x0000000008005a0c        0x4 /usr/lib/gcc/arm-none-eabi/10.1.0/thumb/v7e-m+fp/hard/crti.o
                0x0000000008005a0c                _fini
 .fini          0x0000000008005a10        0x8 /usr/lib/gcc/arm-none-eabi/10.1.0/thumb/v7e-m+fp/hard/crtn.o
                0x0000000008005a18                . = ALIGN (0x8)
                0x0000000008005a18                _etext = .

.vfp11_veneer   0x0000000008005a18        0x0
 .vfp11_veneer  0x0000000008005a18        0x0 linker stubs

.v4_bx          0x0000000008005a18        0x0
 .v4_bx         0x0000000008005a18        0x0 linker stubs

.iplt           0x0000000008005a18        0x0
 .iplt          0x0000000008005a18        0x0 /usr/lib/gcc/arm-none-eabi/10.1.0/thumb/v7e-m+fp/hard/crtbegin.o

.rodata         0x0000000008005a18      0x428
                0x0000000008005a18                . = ALIGN (0x8)
 *(.rodata)
 .rodata        0x0000000008005a18        0xc /usr/lib/gcc/arm-none-eabi/10.1.0/../../../../arm-none-eabi/lib/thumb/v7e-m+fp/hard/libc_nano.a(lib_a-nano-vfscanf_i.o)
 *(.rodata*)
 .rodata.main.str1.4
                0x0000000008005a24       0x5a build/main.o
 *fill*         0x0000000008005a7e        0x2 
 .rodata.TIM_OC1_SetConfig.str1.4
                0x0000000008005a80       0x35 build/stm32l4xx_hal_tim.o
 *fill*         0x0000000008005ab5        0x3 
 .rodata.HAL_TIMEx_HallSensor_Init.str1.4
                0x0000000008005ab8       0x38 build/stm32l4xx_hal_tim_ex.o
 .rodata.HAL_RCC_MCOConfig.str1.4
                0x0000000008005af0       0x35 build/stm32l4xx_hal_rcc.o
 *fill*         0x0000000008005b25        0x3 
 .rodata.RCCEx_PLLSAI1_Config.str1.4
                0x0000000008005b28       0x38 build/stm32l4xx_hal_rcc_ex.o
 .rodata.HAL_GPIO_Init.str1.4
                0x0000000008005b60       0x36 build/stm32l4xx_hal_gpio.o
 *fill*         0x0000000008005b96        0x2 
 .rodata.HAL_PWREx_ControlVoltageScaling.str1.4
                0x0000000008005b98       0x38 build/stm32l4xx_hal_pwr_ex.o
 .rodata.HAL_NVIC_SetPriorityGrouping.str1.4
                0x0000000008005bd0       0x38 build/stm32l4xx_hal_cortex.o
 .rodata.HAL_UART_DeInit.str1.4
                0x0000000008005c08       0x36 build/stm32l4xx_hal_uart.o
 *fill*         0x0000000008005c3e        0x2 
 .rodata.AHBPrescTable
                0x0000000008005c40       0x10 build/system_stm32l4xx.o
                0x0000000008005c40                AHBPrescTable
 .rodata.APBPrescTable
                0x0000000008005c50        0x8 build/system_stm32l4xx.o
                0x0000000008005c50                APBPrescTable
 .rodata.MSIRangeTable
                0x0000000008005c58       0x30 build/system_stm32l4xx.o
                0x0000000008005c58                MSIRangeTable
 .rodata._global_impure_ptr
                0x0000000008005c88        0x4 /usr/lib/gcc/arm-none-eabi/10.1.0/../../../../arm-none-eabi/lib/thumb/v7e-m+fp/hard/libc_nano.a(lib_a-impure.o)
                0x0000000008005c88                _global_impure_ptr
 .rodata._ctype_
                0x0000000008005c8c      0x101 /usr/lib/gcc/arm-none-eabi/10.1.0/../../../../arm-none-eabi/lib/thumb/v7e-m+fp/hard/libc_nano.a(lib_a-ctype_.o)
                0x0000000008005c8c                _ctype_
 *fill*         0x0000000008005d8d        0x3 
 .rodata.__sf_fake_stderr
                0x0000000008005d90       0x20 /usr/lib/gcc/arm-none-eabi/10.1.0/../../../../arm-none-eabi/lib/thumb/v7e-m+fp/hard/libc_nano.a(lib_a-findfp.o)
                0x0000000008005d90                __sf_fake_stderr
 .rodata.__sf_fake_stdin
                0x0000000008005db0       0x20 /usr/lib/gcc/arm-none-eabi/10.1.0/../../../../arm-none-eabi/lib/thumb/v7e-m+fp/hard/libc_nano.a(lib_a-findfp.o)
                0x0000000008005db0                __sf_fake_stdin
 .rodata.__sf_fake_stdout
                0x0000000008005dd0       0x20 /usr/lib/gcc/arm-none-eabi/10.1.0/../../../../arm-none-eabi/lib/thumb/v7e-m+fp/hard/libc_nano.a(lib_a-findfp.o)
                0x0000000008005dd0                __sf_fake_stdout
 .rodata._vfprintf_r.str1.1
                0x0000000008005df0       0x11 /usr/lib/gcc/arm-none-eabi/10.1.0/../../../../arm-none-eabi/lib/thumb/v7e-m+fp/hard/libc_nano.a(lib_a-nano-vfprintf.o)
 .rodata.__svfscanf_r.str1.1
                0x0000000008005e01        0x4 /usr/lib/gcc/arm-none-eabi/10.1.0/../../../../arm-none-eabi/lib/thumb/v7e-m+fp/hard/libc_nano.a(lib_a-nano-vfscanf.o)
 .rodata._printf_i.str1.1
                0x0000000008005e01       0x22 /usr/lib/gcc/arm-none-eabi/10.1.0/../../../../arm-none-eabi/lib/thumb/v7e-m+fp/hard/libc_nano.a(lib_a-nano-vfprintf_i.o)
 .rodata.str1.1
                0x0000000008005e23        0x9 /usr/lib/gcc/arm-none-eabi/10.1.0/../../../../arm-none-eabi/lib/thumb/v7e-m+fp/hard/libc_nano.a(lib_a-nano-vfscanf_i.o)
 .rodata._scanf_i.str1.1
                0x0000000008005e2c       0x12 /usr/lib/gcc/arm-none-eabi/10.1.0/../../../../arm-none-eabi/lib/thumb/v7e-m+fp/hard/libc_nano.a(lib_a-nano-vfscanf_i.o)
                0x0000000008005e40                . = ALIGN (0x8)
 *fill*         0x0000000008005e3e        0x2 

.ARM.extab      0x0000000008005e40        0x0
                0x0000000008005e40                . = ALIGN (0x8)
 *(.ARM.extab* .gnu.linkonce.armextab.*)
                0x0000000008005e40                . = ALIGN (0x8)

.ARM            0x0000000008005e40        0x8
                0x0000000008005e40                . = ALIGN (0x8)
                0x0000000008005e40                __exidx_start = .
 *(.ARM.exidx*)
 .ARM.exidx.text.__udivmoddi4
                0x0000000008005e40        0x8 /usr/lib/gcc/arm-none-eabi/10.1.0/thumb/v7e-m+fp/hard/libgcc.a(_udivmoddi4.o)
                0x0000000008005e48                __exidx_end = .
                0x0000000008005e48                . = ALIGN (0x8)

.rel.dyn        0x0000000008005e48        0x0
 .rel.iplt      0x0000000008005e48        0x0 /usr/lib/gcc/arm-none-eabi/10.1.0/thumb/v7e-m+fp/hard/crtbegin.o

.preinit_array  0x0000000008005e48        0x0
                0x0000000008005e48                . = ALIGN (0x8)
                0x0000000008005e48                PROVIDE (__preinit_array_start = .)
 *(.preinit_array*)
                0x0000000008005e48                PROVIDE (__preinit_array_end = .)
                0x0000000008005e48                . = ALIGN (0x8)

.init_array     0x0000000008005e48        0x8
                0x0000000008005e48                . = ALIGN (0x8)
                0x0000000008005e48                PROVIDE (__init_array_start = .)
 *(SORT_BY_NAME(.init_array.*))
 *(.init_array*)
 .init_array    0x0000000008005e48        0x4 /usr/lib/gcc/arm-none-eabi/10.1.0/thumb/v7e-m+fp/hard/crtbegin.o
                0x0000000008005e4c                PROVIDE (__init_array_end = .)
                0x0000000008005e50                . = ALIGN (0x8)
 *fill*         0x0000000008005e4c        0x4 

.fini_array     0x0000000008005e50        0x8
                0x0000000008005e50                . = ALIGN (0x8)
                0x0000000008005e50                PROVIDE (__fini_array_start = .)
 *(SORT_BY_NAME(.fini_array.*))
 *(.fini_array*)
 .fini_array    0x0000000008005e50        0x4 /usr/lib/gcc/arm-none-eabi/10.1.0/thumb/v7e-m+fp/hard/crtbegin.o
                0x0000000008005e54                PROVIDE (__fini_array_end = .)
                0x0000000008005e58                . = ALIGN (0x8)
 *fill*         0x0000000008005e54        0x4 
                0x0000000008005e58                _sidata = LOADADDR (.data)

.data           0x0000000020000000       0x70 load address 0x0000000008005e58
                0x0000000020000000                . = ALIGN (0x8)
                0x0000000020000000                _sdata = .
 *(.data)
 *(.data*)
 .data.uwTickFreq
                0x0000000020000000        0x4 build/stm32l4xx_hal.o
                0x0000000020000000                uwTickFreq
 .data.uwTickPrio
                0x0000000020000004        0x4 build/stm32l4xx_hal.o
                0x0000000020000004                uwTickPrio
 .data.SystemCoreClock
                0x0000000020000008        0x4 build/system_stm32l4xx.o
                0x0000000020000008                SystemCoreClock
 .data._impure_ptr
                0x000000002000000c        0x4 /usr/lib/gcc/arm-none-eabi/10.1.0/../../../../arm-none-eabi/lib/thumb/v7e-m+fp/hard/libc_nano.a(lib_a-impure.o)
                0x000000002000000c                _impure_ptr
 .data.impure_data
                0x0000000020000010       0x60 /usr/lib/gcc/arm-none-eabi/10.1.0/../../../../arm-none-eabi/lib/thumb/v7e-m+fp/hard/libc_nano.a(lib_a-impure.o)
                0x0000000020000070                . = ALIGN (0x8)
                0x0000000020000070                _edata = .

.igot.plt       0x0000000020000070        0x0 load address 0x0000000008005ec8
 .igot.plt      0x0000000020000070        0x0 /usr/lib/gcc/arm-none-eabi/10.1.0/thumb/v7e-m+fp/hard/crtbegin.o
                0x0000000020000070                . = ALIGN (0x4)

.bss            0x0000000020000070      0x100 load address 0x0000000008005ec8
                0x0000000020000070                _sbss = .
                0x0000000020000070                __bss_start__ = _sbss
 *(.bss)
 *(.bss*)
 .bss.completed.1
                0x0000000020000070        0x1 /usr/lib/gcc/arm-none-eabi/10.1.0/thumb/v7e-m+fp/hard/crtbegin.o
 *fill*         0x0000000020000071        0x3 
 .bss.object.0  0x0000000020000074       0x18 /usr/lib/gcc/arm-none-eabi/10.1.0/thumb/v7e-m+fp/hard/crtbegin.o
 .bss.gHuart    0x000000002000008c        0x4 build/retarget.o
                0x000000002000008c                gHuart
 .bss.htim2     0x0000000020000090       0x40 build/tim.o
                0x0000000020000090                htim2
 .bss.huart2    0x00000000200000d0       0x80 build/usart.o
                0x00000000200000d0                huart2
 .bss.uwTick    0x0000000020000150        0x4 build/stm32l4xx_hal.o
                0x0000000020000150                uwTick
 .bss.__malloc_free_list
                0x0000000020000154        0x4 /usr/lib/gcc/arm-none-eabi/10.1.0/../../../../arm-none-eabi/lib/thumb/v7e-m+fp/hard/libc_nano.a(lib_a-nano-mallocr.o)
                0x0000000020000154                __malloc_free_list
 .bss.__malloc_sbrk_start
                0x0000000020000158        0x4 /usr/lib/gcc/arm-none-eabi/10.1.0/../../../../arm-none-eabi/lib/thumb/v7e-m+fp/hard/libc_nano.a(lib_a-nano-mallocr.o)
                0x0000000020000158                __malloc_sbrk_start
 .bss.heap_end.5507
                0x000000002000015c        0x4 /usr/lib/gcc/arm-none-eabi/10.1.0/../../../../arm-none-eabi/lib/thumb/v7e-m+fp/hard/libnosys.a(sbrk.o)
 *(COMMON)
 COMMON         0x0000000020000160        0x9 /usr/lib/gcc/arm-none-eabi/10.1.0/../../../../arm-none-eabi/lib/thumb/v7e-m+fp/hard/libc_nano.a(lib_a-lock.o)
                0x0000000020000160                __lock___atexit_recursive_mutex
                0x0000000020000161                __lock___arc4random_mutex
                0x0000000020000162                __lock___env_recursive_mutex
                0x0000000020000163                __lock___sinit_recursive_mutex
                0x0000000020000164                __lock___malloc_recursive_mutex
                0x0000000020000165                __lock___at_quick_exit_mutex
                0x0000000020000166                __lock___dd_hash_mutex
                0x0000000020000167                __lock___tz_mutex
                0x0000000020000168                __lock___sfp_recursive_mutex
 *fill*         0x0000000020000169        0x3 
 COMMON         0x000000002000016c        0x4 /usr/lib/gcc/arm-none-eabi/10.1.0/../../../../arm-none-eabi/lib/thumb/v7e-m+fp/hard/libc_nano.a(lib_a-reent.o)
                0x000000002000016c                errno
                0x0000000020000170                . = ALIGN (0x4)
                0x0000000020000170                _ebss = .
                0x0000000020000170                __bss_end__ = _ebss

._user_heap_stack
                0x0000000020000170      0x600 load address 0x0000000008005ec8
                0x0000000020000170                . = ALIGN (0x8)
                0x0000000020000170                PROVIDE (end = .)
                [!provide]                        PROVIDE (_end = .)
                0x0000000020000370                . = (. + _Min_Heap_Size)
 *fill*         0x0000000020000170      0x200 
                0x0000000020000770                . = (. + _Min_Stack_Size)
 *fill*         0x0000000020000370      0x400 
                0x0000000020000770                . = ALIGN (0x8)

/DISCARD/
 libc.a(*)
 libm.a(*)
 libgcc.a(*)

.ARM.attributes
                0x0000000000000000       0x30
 *(.ARM.attributes)
 .ARM.attributes
                0x0000000000000000       0x1e /usr/lib/gcc/arm-none-eabi/10.1.0/thumb/v7e-m+fp/hard/crti.o
 .ARM.attributes
                0x000000000000001e       0x34 /usr/lib/gcc/arm-none-eabi/10.1.0/thumb/v7e-m+fp/hard/crtbegin.o
 .ARM.attributes
                0x0000000000000052       0x34 build/retarget.o
 .ARM.attributes
                0x0000000000000086       0x34 build/PwmDriver.o
 .ARM.attributes
                0x00000000000000ba       0x34 build/main.o
 .ARM.attributes
                0x00000000000000ee       0x34 build/gpio.o
 .ARM.attributes
                0x0000000000000122       0x34 build/tim.o
 .ARM.attributes
                0x0000000000000156       0x34 build/usart.o
 .ARM.attributes
                0x000000000000018a       0x34 build/stm32l4xx_it.o
 .ARM.attributes
                0x00000000000001be       0x34 build/stm32l4xx_hal_msp.o
 .ARM.attributes
                0x00000000000001f2       0x34 build/stm32l4xx_hal_tim.o
 .ARM.attributes
                0x0000000000000226       0x34 build/stm32l4xx_hal_tim_ex.o
 .ARM.attributes
                0x000000000000025a       0x34 build/stm32l4xx_hal.o
 .ARM.attributes
                0x000000000000028e       0x34 build/stm32l4xx_hal_rcc.o
 .ARM.attributes
                0x00000000000002c2       0x34 build/stm32l4xx_hal_rcc_ex.o
 .ARM.attributes
                0x00000000000002f6       0x34 build/stm32l4xx_hal_gpio.o
 .ARM.attributes
                0x000000000000032a       0x34 build/stm32l4xx_hal_pwr.o
 .ARM.attributes
                0x000000000000035e       0x34 build/stm32l4xx_hal_pwr_ex.o
 .ARM.attributes
                0x0000000000000392       0x34 build/stm32l4xx_hal_cortex.o
 .ARM.attributes
                0x00000000000003c6       0x34 build/stm32l4xx_hal_uart.o
 .ARM.attributes
                0x00000000000003fa       0x34 build/system_stm32l4xx.o
 .ARM.attributes
                0x000000000000042e       0x21 build/startup_stm32l432xx.o
 .ARM.attributes
                0x000000000000044f       0x34 /usr/lib/gcc/arm-none-eabi/10.1.0/../../../../arm-none-eabi/lib/thumb/v7e-m+fp/hard/libc_nano.a(lib_a-atoi.o)
 .ARM.attributes
                0x0000000000000483       0x34 /usr/lib/gcc/arm-none-eabi/10.1.0/../../../../arm-none-eabi/lib/thumb/v7e-m+fp/hard/libc_nano.a(lib_a-errno.o)
 .ARM.attributes
                0x00000000000004b7       0x32 /usr/lib/gcc/arm-none-eabi/10.1.0/../../../../arm-none-eabi/lib/thumb/v7e-m+fp/hard/libc_nano.a(lib_a-impure.o)
 .ARM.attributes
                0x00000000000004e9       0x34 /usr/lib/gcc/arm-none-eabi/10.1.0/../../../../arm-none-eabi/lib/thumb/v7e-m+fp/hard/libc_nano.a(lib_a-init.o)
 .ARM.attributes
                0x000000000000051d       0x34 /usr/lib/gcc/arm-none-eabi/10.1.0/../../../../arm-none-eabi/lib/thumb/v7e-m+fp/hard/libc_nano.a(lib_a-memset.o)
 .ARM.attributes
                0x0000000000000551       0x34 /usr/lib/gcc/arm-none-eabi/10.1.0/../../../../arm-none-eabi/lib/thumb/v7e-m+fp/hard/libc_nano.a(lib_a-printf.o)
 .ARM.attributes
                0x0000000000000585       0x34 /usr/lib/gcc/arm-none-eabi/10.1.0/../../../../arm-none-eabi/lib/thumb/v7e-m+fp/hard/libc_nano.a(lib_a-scanf.o)
 .ARM.attributes
                0x00000000000005b9       0x34 /usr/lib/gcc/arm-none-eabi/10.1.0/../../../../arm-none-eabi/lib/thumb/v7e-m+fp/hard/libc_nano.a(lib_a-setvbuf.o)
 .ARM.attributes
                0x00000000000005ed       0x34 /usr/lib/gcc/arm-none-eabi/10.1.0/../../../../arm-none-eabi/lib/thumb/v7e-m+fp/hard/libc_nano.a(lib_a-strtol.o)
 .ARM.attributes
                0x0000000000000621       0x32 /usr/lib/gcc/arm-none-eabi/10.1.0/../../../../arm-none-eabi/lib/thumb/v7e-m+fp/hard/libc_nano.a(lib_a-ctype_.o)
 .ARM.attributes
                0x0000000000000653       0x34 /usr/lib/gcc/arm-none-eabi/10.1.0/../../../../arm-none-eabi/lib/thumb/v7e-m+fp/hard/libc_nano.a(lib_a-fflush.o)
 .ARM.attributes
                0x0000000000000687       0x34 /usr/lib/gcc/arm-none-eabi/10.1.0/../../../../arm-none-eabi/lib/thumb/v7e-m+fp/hard/libc_nano.a(lib_a-findfp.o)
 .ARM.attributes
                0x00000000000006bb       0x34 /usr/lib/gcc/arm-none-eabi/10.1.0/../../../../arm-none-eabi/lib/thumb/v7e-m+fp/hard/libc_nano.a(lib_a-fwalk.o)
 .ARM.attributes
                0x00000000000006ef       0x34 /usr/lib/gcc/arm-none-eabi/10.1.0/../../../../arm-none-eabi/lib/thumb/v7e-m+fp/hard/libc_nano.a(lib_a-lock.o)
 .ARM.attributes
                0x0000000000000723       0x34 /usr/lib/gcc/arm-none-eabi/10.1.0/../../../../arm-none-eabi/lib/thumb/v7e-m+fp/hard/libc_nano.a(lib_a-makebuf.o)
 .ARM.attributes
                0x0000000000000757       0x34 /usr/lib/gcc/arm-none-eabi/10.1.0/../../../../arm-none-eabi/lib/thumb/v7e-m+fp/hard/libc_nano.a(lib_a-malloc.o)
 .ARM.attributes
                0x000000000000078b       0x34 /usr/lib/gcc/arm-none-eabi/10.1.0/../../../../arm-none-eabi/lib/thumb/v7e-m+fp/hard/libc_nano.a(lib_a-nano-freer.o)
 .ARM.attributes
                0x00000000000007bf       0x34 /usr/lib/gcc/arm-none-eabi/10.1.0/../../../../arm-none-eabi/lib/thumb/v7e-m+fp/hard/libc_nano.a(lib_a-nano-mallocr.o)
 .ARM.attributes
                0x00000000000007f3       0x34 /usr/lib/gcc/arm-none-eabi/10.1.0/../../../../arm-none-eabi/lib/thumb/v7e-m+fp/hard/libc_nano.a(lib_a-nano-vfprintf.o)
 .ARM.attributes
                0x0000000000000827       0x34 /usr/lib/gcc/arm-none-eabi/10.1.0/../../../../arm-none-eabi/lib/thumb/v7e-m+fp/hard/libc_nano.a(lib_a-nano-vfscanf.o)
 .ARM.attributes
                0x000000000000085b       0x34 /usr/lib/gcc/arm-none-eabi/10.1.0/../../../../arm-none-eabi/lib/thumb/v7e-m+fp/hard/libc_nano.a(lib_a-refill.o)
 .ARM.attributes
                0x000000000000088f       0x34 /usr/lib/gcc/arm-none-eabi/10.1.0/../../../../arm-none-eabi/lib/thumb/v7e-m+fp/hard/libc_nano.a(lib_a-sbrkr.o)
 .ARM.attributes
                0x00000000000008c3       0x34 /usr/lib/gcc/arm-none-eabi/10.1.0/../../../../arm-none-eabi/lib/thumb/v7e-m+fp/hard/libc_nano.a(lib_a-sccl.o)
 .ARM.attributes
                0x00000000000008f7       0x34 /usr/lib/gcc/arm-none-eabi/10.1.0/../../../../arm-none-eabi/lib/thumb/v7e-m+fp/hard/libc_nano.a(lib_a-stdio.o)
 .ARM.attributes
                0x000000000000092b       0x34 /usr/lib/gcc/arm-none-eabi/10.1.0/../../../../arm-none-eabi/lib/thumb/v7e-m+fp/hard/libc_nano.a(lib_a-ungetc.o)
 .ARM.attributes
                0x000000000000095f       0x34 /usr/lib/gcc/arm-none-eabi/10.1.0/../../../../arm-none-eabi/lib/thumb/v7e-m+fp/hard/libc_nano.a(lib_a-wbuf.o)
 .ARM.attributes
                0x0000000000000993       0x34 /usr/lib/gcc/arm-none-eabi/10.1.0/../../../../arm-none-eabi/lib/thumb/v7e-m+fp/hard/libc_nano.a(lib_a-writer.o)
 .ARM.attributes
                0x00000000000009c7       0x34 /usr/lib/gcc/arm-none-eabi/10.1.0/../../../../arm-none-eabi/lib/thumb/v7e-m+fp/hard/libc_nano.a(lib_a-wsetup.o)
 .ARM.attributes
                0x00000000000009fb       0x34 /usr/lib/gcc/arm-none-eabi/10.1.0/../../../../arm-none-eabi/lib/thumb/v7e-m+fp/hard/libc_nano.a(lib_a-closer.o)
 .ARM.attributes
                0x0000000000000a2f       0x34 /usr/lib/gcc/arm-none-eabi/10.1.0/../../../../arm-none-eabi/lib/thumb/v7e-m+fp/hard/libc_nano.a(lib_a-fstatr.o)
 .ARM.attributes
                0x0000000000000a63       0x34 /usr/lib/gcc/arm-none-eabi/10.1.0/../../../../arm-none-eabi/lib/thumb/v7e-m+fp/hard/libc_nano.a(lib_a-isattyr.o)
 .ARM.attributes
                0x0000000000000a97       0x34 /usr/lib/gcc/arm-none-eabi/10.1.0/../../../../arm-none-eabi/lib/thumb/v7e-m+fp/hard/libc_nano.a(lib_a-lseekr.o)
 .ARM.attributes
                0x0000000000000acb       0x1c /usr/lib/gcc/arm-none-eabi/10.1.0/../../../../arm-none-eabi/lib/thumb/v7e-m+fp/hard/libc_nano.a(lib_a-memchr.o)
 .ARM.attributes
                0x0000000000000ae7       0x34 /usr/lib/gcc/arm-none-eabi/10.1.0/../../../../arm-none-eabi/lib/thumb/v7e-m+fp/hard/libc_nano.a(lib_a-memcpy-stub.o)
 .ARM.attributes
                0x0000000000000b1b       0x34 /usr/lib/gcc/arm-none-eabi/10.1.0/../../../../arm-none-eabi/lib/thumb/v7e-m+fp/hard/libc_nano.a(lib_a-mlock.o)
 .ARM.attributes
                0x0000000000000b4f       0x34 /usr/lib/gcc/arm-none-eabi/10.1.0/../../../../arm-none-eabi/lib/thumb/v7e-m+fp/hard/libc_nano.a(lib_a-nano-reallocr.o)
 .ARM.attributes
                0x0000000000000b83       0x34 /usr/lib/gcc/arm-none-eabi/10.1.0/../../../../arm-none-eabi/lib/thumb/v7e-m+fp/hard/libc_nano.a(lib_a-nano-vfprintf_i.o)
 .ARM.attributes
                0x0000000000000bb7       0x34 /usr/lib/gcc/arm-none-eabi/10.1.0/../../../../arm-none-eabi/lib/thumb/v7e-m+fp/hard/libc_nano.a(lib_a-nano-vfscanf_i.o)
 .ARM.attributes
                0x0000000000000beb       0x34 /usr/lib/gcc/arm-none-eabi/10.1.0/../../../../arm-none-eabi/lib/thumb/v7e-m+fp/hard/libc_nano.a(lib_a-readr.o)
 .ARM.attributes
                0x0000000000000c1f       0x34 /usr/lib/gcc/arm-none-eabi/10.1.0/../../../../arm-none-eabi/lib/thumb/v7e-m+fp/hard/libc_nano.a(lib_a-reent.o)
 .ARM.attributes
                0x0000000000000c53       0x34 /usr/lib/gcc/arm-none-eabi/10.1.0/../../../../arm-none-eabi/lib/thumb/v7e-m+fp/hard/libc_nano.a(lib_a-strtoul.o)
 .ARM.attributes
                0x0000000000000c87       0x34 /usr/lib/gcc/arm-none-eabi/10.1.0/../../../../arm-none-eabi/lib/thumb/v7e-m+fp/hard/libc_nano.a(lib_a-nano-msizer.o)
 .ARM.attributes
                0x0000000000000cbb       0x34 /usr/lib/gcc/arm-none-eabi/10.1.0/../../../../arm-none-eabi/lib/thumb/v7e-m+fp/hard/libnosys.a(sbrk.o)
 .ARM.attributes
                0x0000000000000cef       0x1e /usr/lib/gcc/arm-none-eabi/10.1.0/thumb/v7e-m+fp/hard/libgcc.a(_aeabi_uldivmod.o)
 .ARM.attributes
                0x0000000000000d0d       0x34 /usr/lib/gcc/arm-none-eabi/10.1.0/thumb/v7e-m+fp/hard/libgcc.a(_udivmoddi4.o)
 .ARM.attributes
                0x0000000000000d41       0x1e /usr/lib/gcc/arm-none-eabi/10.1.0/thumb/v7e-m+fp/hard/libgcc.a(_dvmd_tls.o)
 .ARM.attributes
                0x0000000000000d5f       0x1e /usr/lib/gcc/arm-none-eabi/10.1.0/thumb/v7e-m+fp/hard/crtn.o
OUTPUT(build/FW_GoKart.elf elf32-littlearm)
LOAD linker stubs
LOAD /usr/lib/gcc/arm-none-eabi/10.1.0/../../../../arm-none-eabi/lib/thumb/v7e-m+fp/hard/libc.a
LOAD /usr/lib/gcc/arm-none-eabi/10.1.0/../../../../arm-none-eabi/lib/thumb/v7e-m+fp/hard/libm.a
LOAD /usr/lib/gcc/arm-none-eabi/10.1.0/thumb/v7e-m+fp/hard/libgcc.a

.debug_info     0x0000000000000000    0x16833
 .debug_info    0x0000000000000000     0x1589 build/retarget.o
 .debug_info    0x0000000000001589      0x960 build/PwmDriver.o
 .debug_info    0x0000000000001ee9     0x137d build/main.o
 .debug_info    0x0000000000003266      0x558 build/gpio.o
 .debug_info    0x00000000000037be      0xe1d build/tim.o
 .debug_info    0x00000000000045db      0xc4f build/usart.o
 .debug_info    0x000000000000522a      0x76d build/stm32l4xx_it.o
 .debug_info    0x0000000000005997      0x370 build/stm32l4xx_hal_msp.o
 .debug_info    0x0000000000005d07     0x5103 build/stm32l4xx_hal_tim.o
 .debug_info    0x000000000000ae0a     0x2117 build/stm32l4xx_hal_tim_ex.o
 .debug_info    0x000000000000cf21      0xb40 build/stm32l4xx_hal.o
 .debug_info    0x000000000000da61     0x1387 build/stm32l4xx_hal_rcc.o
 .debug_info    0x000000000000ede8     0x183e build/stm32l4xx_hal_rcc_ex.o
 .debug_info    0x0000000000010626      0xb15 build/stm32l4xx_hal_gpio.o
 .debug_info    0x000000000001113b      0xba1 build/stm32l4xx_hal_pwr.o
 .debug_info    0x0000000000011cdc      0xc8b build/stm32l4xx_hal_pwr_ex.o
 .debug_info    0x0000000000012967     0x1390 build/stm32l4xx_hal_cortex.o
 .debug_info    0x0000000000013cf7     0x2476 build/stm32l4xx_hal_uart.o
 .debug_info    0x000000000001616d      0x6a4 build/system_stm32l4xx.o
 .debug_info    0x0000000000016811       0x22 build/startup_stm32l432xx.o

.debug_abbrev   0x0000000000000000     0x2803
 .debug_abbrev  0x0000000000000000      0x296 build/retarget.o
 .debug_abbrev  0x0000000000000296      0x1ba build/PwmDriver.o
 .debug_abbrev  0x0000000000000450      0x263 build/main.o
 .debug_abbrev  0x00000000000006b3      0x151 build/gpio.o
 .debug_abbrev  0x0000000000000804      0x1e2 build/tim.o
 .debug_abbrev  0x00000000000009e6      0x1d7 build/usart.o
 .debug_abbrev  0x0000000000000bbd      0x17c build/stm32l4xx_it.o
 .debug_abbrev  0x0000000000000d39       0xc1 build/stm32l4xx_hal_msp.o
 .debug_abbrev  0x0000000000000dfa      0x282 build/stm32l4xx_hal_tim.o
 .debug_abbrev  0x000000000000107c      0x27e build/stm32l4xx_hal_tim_ex.o
 .debug_abbrev  0x00000000000012fa      0x21c build/stm32l4xx_hal.o
 .debug_abbrev  0x0000000000001516      0x26e build/stm32l4xx_hal_rcc.o
 .debug_abbrev  0x0000000000001784      0x2b0 build/stm32l4xx_hal_rcc_ex.o
 .debug_abbrev  0x0000000000001a34      0x241 build/stm32l4xx_hal_gpio.o
 .debug_abbrev  0x0000000000001c75      0x1ae build/stm32l4xx_hal_pwr.o
 .debug_abbrev  0x0000000000001e23      0x232 build/stm32l4xx_hal_pwr_ex.o
 .debug_abbrev  0x0000000000002055      0x3be build/stm32l4xx_hal_cortex.o
 .debug_abbrev  0x0000000000002413      0x29e build/stm32l4xx_hal_uart.o
 .debug_abbrev  0x00000000000026b1      0x140 build/system_stm32l4xx.o
 .debug_abbrev  0x00000000000027f1       0x12 build/startup_stm32l432xx.o

.debug_loc      0x0000000000000000     0xbf25
 .debug_loc     0x0000000000000000      0x469 build/retarget.o
 .debug_loc     0x0000000000000469      0x111 build/PwmDriver.o
 .debug_loc     0x000000000000057a       0x95 build/main.o
 .debug_loc     0x000000000000060f       0x38 build/gpio.o
 .debug_loc     0x0000000000000647      0x105 build/tim.o
 .debug_loc     0x000000000000074c      0x108 build/usart.o
 .debug_loc     0x0000000000000854       0x40 build/stm32l4xx_it.o
 .debug_loc     0x0000000000000894       0x2c build/stm32l4xx_hal_msp.o
 .debug_loc     0x00000000000008c0     0x3be8 build/stm32l4xx_hal_tim.o
 .debug_loc     0x00000000000044a8     0x1a3d build/stm32l4xx_hal_tim_ex.o
 .debug_loc     0x0000000000005ee5      0x241 build/stm32l4xx_hal.o
 .debug_loc     0x0000000000006126      0xa9a build/stm32l4xx_hal_rcc.o
 .debug_loc     0x0000000000006bc0     0x13c0 build/stm32l4xx_hal_rcc_ex.o
 .debug_loc     0x0000000000007f80      0x6cb build/stm32l4xx_hal_gpio.o
 .debug_loc     0x000000000000864b      0x270 build/stm32l4xx_hal_pwr.o
 .debug_loc     0x00000000000088bb      0x7f1 build/stm32l4xx_hal_pwr_ex.o
 .debug_loc     0x00000000000090ac      0xa74 build/stm32l4xx_hal_cortex.o
 .debug_loc     0x0000000000009b20     0x221a build/stm32l4xx_hal_uart.o
 .debug_loc     0x000000000000bd3a      0x1eb build/system_stm32l4xx.o

.debug_aranges  0x0000000000000000      0xe80
 .debug_aranges
                0x0000000000000000       0x50 build/retarget.o
 .debug_aranges
                0x0000000000000050       0x50 build/PwmDriver.o
 .debug_aranges
                0x00000000000000a0       0x38 build/main.o
 .debug_aranges
                0x00000000000000d8       0x20 build/gpio.o
 .debug_aranges
                0x00000000000000f8       0x30 build/tim.o
 .debug_aranges
                0x0000000000000128       0x30 build/usart.o
 .debug_aranges
                0x0000000000000158       0x68 build/stm32l4xx_it.o
 .debug_aranges
                0x00000000000001c0       0x20 build/stm32l4xx_hal_msp.o
 .debug_aranges
                0x00000000000001e0      0x3b8 build/stm32l4xx_hal_tim.o
 .debug_aranges
                0x0000000000000598      0x168 build/stm32l4xx_hal_tim_ex.o
 .debug_aranges
                0x0000000000000700      0x108 build/stm32l4xx_hal.o
 .debug_aranges
                0x0000000000000808       0x88 build/stm32l4xx_hal_rcc.o
 .debug_aranges
                0x0000000000000890       0xf0 build/stm32l4xx_hal_rcc_ex.o
 .debug_aranges
                0x0000000000000980       0x58 build/stm32l4xx_hal_gpio.o
 .debug_aranges
                0x00000000000009d8       0x98 build/stm32l4xx_hal_pwr.o
 .debug_aranges
                0x0000000000000a70      0x120 build/stm32l4xx_hal_pwr_ex.o
 .debug_aranges
                0x0000000000000b90       0xa8 build/stm32l4xx_hal_cortex.o
 .debug_aranges
                0x0000000000000c38      0x1f8 build/stm32l4xx_hal_uart.o
 .debug_aranges
                0x0000000000000e30       0x28 build/system_stm32l4xx.o
 .debug_aranges
                0x0000000000000e58       0x28 build/startup_stm32l432xx.o

.debug_ranges   0x0000000000000000      0xdf0
 .debug_ranges  0x0000000000000000       0x40 build/retarget.o
 .debug_ranges  0x0000000000000040       0x40 build/PwmDriver.o
 .debug_ranges  0x0000000000000080       0x28 build/main.o
 .debug_ranges  0x00000000000000a8       0x10 build/gpio.o
 .debug_ranges  0x00000000000000b8       0x20 build/tim.o
 .debug_ranges  0x00000000000000d8       0x20 build/usart.o
 .debug_ranges  0x00000000000000f8       0x58 build/stm32l4xx_it.o
 .debug_ranges  0x0000000000000150       0x10 build/stm32l4xx_hal_msp.o
 .debug_ranges  0x0000000000000160      0x3a8 build/stm32l4xx_hal_tim.o
 .debug_ranges  0x0000000000000508      0x158 build/stm32l4xx_hal_tim_ex.o
 .debug_ranges  0x0000000000000660       0xf8 build/stm32l4xx_hal.o
 .debug_ranges  0x0000000000000758       0x90 build/stm32l4xx_hal_rcc.o
 .debug_ranges  0x00000000000007e8       0xf8 build/stm32l4xx_hal_rcc_ex.o
 .debug_ranges  0x00000000000008e0       0x48 build/stm32l4xx_hal_gpio.o
 .debug_ranges  0x0000000000000928       0x88 build/stm32l4xx_hal_pwr.o
 .debug_ranges  0x00000000000009b0      0x110 build/stm32l4xx_hal_pwr_ex.o
 .debug_ranges  0x0000000000000ac0      0x110 build/stm32l4xx_hal_cortex.o
 .debug_ranges  0x0000000000000bd0      0x1e8 build/stm32l4xx_hal_uart.o
 .debug_ranges  0x0000000000000db8       0x18 build/system_stm32l4xx.o
 .debug_ranges  0x0000000000000dd0       0x20 build/startup_stm32l432xx.o

.debug_line     0x0000000000000000     0xe740
 .debug_line    0x0000000000000000      0x379 build/retarget.o
 .debug_line    0x0000000000000379      0x202 build/PwmDriver.o
 .debug_line    0x000000000000057b      0x3aa build/main.o
 .debug_line    0x0000000000000925      0x155 build/gpio.o
 .debug_line    0x0000000000000a7a      0x2b2 build/tim.o
 .debug_line    0x0000000000000d2c      0x296 build/usart.o
 .debug_line    0x0000000000000fc2      0x25c build/stm32l4xx_it.o
 .debug_line    0x000000000000121e       0xfa build/stm32l4xx_hal_msp.o
 .debug_line    0x0000000000001318     0x4cf5 build/stm32l4xx_hal_tim.o
 .debug_line    0x000000000000600d     0x1998 build/stm32l4xx_hal_tim_ex.o
 .debug_line    0x00000000000079a5      0x5af build/stm32l4xx_hal.o
 .debug_line    0x0000000000007f54     0x1062 build/stm32l4xx_hal_rcc.o
 .debug_line    0x0000000000008fb6     0x14d7 build/stm32l4xx_hal_rcc_ex.o
 .debug_line    0x000000000000a48d      0x746 build/stm32l4xx_hal_gpio.o
 .debug_line    0x000000000000abd3      0x4e4 build/stm32l4xx_hal_pwr.o
 .debug_line    0x000000000000b0b7      0x963 build/stm32l4xx_hal_pwr_ex.o
 .debug_line    0x000000000000ba1a      0x836 build/stm32l4xx_hal_cortex.o
 .debug_line    0x000000000000c250     0x220a build/stm32l4xx_hal_uart.o
 .debug_line    0x000000000000e45a      0x273 build/system_stm32l4xx.o
 .debug_line    0x000000000000e6cd       0x73 build/startup_stm32l432xx.o

.debug_str      0x0000000000000000     0x49ad
 .debug_str     0x0000000000000000      0xa05 build/retarget.o
                                        0xb13 (size before relaxing)
 .debug_str     0x0000000000000a05      0x36a build/PwmDriver.o
                                        0x6c4 (size before relaxing)
 .debug_str     0x0000000000000d6f      0x545 build/main.o
                                        0xd3c (size before relaxing)
 .debug_str     0x00000000000012b4       0x56 build/gpio.o
                                        0x378 (size before relaxing)
 .debug_str     0x000000000000130a      0x5d6 build/tim.o
                                        0xcd2 (size before relaxing)
 .debug_str     0x00000000000018e0       0x59 build/usart.o
                                        0x7a2 (size before relaxing)
 .debug_str     0x0000000000001939       0xd2 build/stm32l4xx_it.o
                                        0x624 (size before relaxing)
 .debug_str     0x0000000000001a0b       0x24 build/stm32l4xx_hal_msp.o
                                        0x2c7 (size before relaxing)
 .debug_str     0x0000000000001a2f      0xcd5 build/stm32l4xx_hal_tim.o
                                       0x1494 (size before relaxing)
 .debug_str     0x0000000000002704      0x5ca build/stm32l4xx_hal_tim_ex.o
                                        0xdb4 (size before relaxing)
 .debug_str     0x0000000000002cce      0x36e build/stm32l4xx_hal.o
                                        0xa63 (size before relaxing)
 .debug_str     0x000000000000303c      0x2b9 build/stm32l4xx_hal_rcc.o
                                        0x80b (size before relaxing)
 .debug_str     0x00000000000032f5      0x488 build/stm32l4xx_hal_rcc_ex.o
                                        0xb2e (size before relaxing)
 .debug_str     0x000000000000377d       0xd5 build/stm32l4xx_hal_gpio.o
                                        0x51f (size before relaxing)
 .debug_str     0x0000000000003852      0x292 build/stm32l4xx_hal_pwr.o
                                        0x65f (size before relaxing)
 .debug_str     0x0000000000003ae4      0x379 build/stm32l4xx_hal_pwr_ex.o
                                        0x741 (size before relaxing)
 .debug_str     0x0000000000003e5d      0x42d build/stm32l4xx_hal_cortex.o
                                        0xaec (size before relaxing)
 .debug_str     0x000000000000428a      0x6c9 build/stm32l4xx_hal_uart.o
                                        0xeaf (size before relaxing)
 .debug_str     0x0000000000004953       0x38 build/system_stm32l4xx.o
                                        0x39e (size before relaxing)
 .debug_str     0x000000000000498b       0x22 build/startup_stm32l432xx.o
                                         0x3c (size before relaxing)

.comment        0x0000000000000000       0x1e
 .comment       0x0000000000000000       0x1e build/retarget.o
                                         0x1f (size before relaxing)
 .comment       0x000000000000001e       0x1f build/PwmDriver.o
 .comment       0x000000000000001e       0x1f build/main.o
 .comment       0x000000000000001e       0x1f build/gpio.o
 .comment       0x000000000000001e       0x1f build/tim.o
 .comment       0x000000000000001e       0x1f build/usart.o
 .comment       0x000000000000001e       0x1f build/stm32l4xx_it.o
 .comment       0x000000000000001e       0x1f build/stm32l4xx_hal_msp.o
 .comment       0x000000000000001e       0x1f build/stm32l4xx_hal_tim.o
 .comment       0x000000000000001e       0x1f build/stm32l4xx_hal_tim_ex.o
 .comment       0x000000000000001e       0x1f build/stm32l4xx_hal.o
 .comment       0x000000000000001e       0x1f build/stm32l4xx_hal_rcc.o
 .comment       0x000000000000001e       0x1f build/stm32l4xx_hal_rcc_ex.o
 .comment       0x000000000000001e       0x1f build/stm32l4xx_hal_gpio.o
 .comment       0x000000000000001e       0x1f build/stm32l4xx_hal_pwr.o
 .comment       0x000000000000001e       0x1f build/stm32l4xx_hal_pwr_ex.o
 .comment       0x000000000000001e       0x1f build/stm32l4xx_hal_cortex.o
 .comment       0x000000000000001e       0x1f build/stm32l4xx_hal_uart.o
 .comment       0x000000000000001e       0x1f build/system_stm32l4xx.o

.debug_frame    0x0000000000000000     0x3254
 .debug_frame   0x0000000000000000       0xb8 build/retarget.o
 .debug_frame   0x00000000000000b8       0xa0 build/PwmDriver.o
 .debug_frame   0x0000000000000158       0x70 build/main.o
 .debug_frame   0x00000000000001c8       0x30 build/gpio.o
 .debug_frame   0x00000000000001f8       0x64 build/tim.o
 .debug_frame   0x000000000000025c       0x64 build/usart.o
 .debug_frame   0x00000000000002c0       0xc0 build/stm32l4xx_it.o
 .debug_frame   0x0000000000000380       0x28 build/stm32l4xx_hal_msp.o
 .debug_frame   0x00000000000003a8      0xb54 build/stm32l4xx_hal_tim.o
 .debug_frame   0x0000000000000efc      0x444 build/stm32l4xx_hal_tim_ex.o
 .debug_frame   0x0000000000001340      0x21c build/stm32l4xx_hal.o
 .debug_frame   0x000000000000155c      0x1a4 build/stm32l4xx_hal_rcc.o
 .debug_frame   0x0000000000001700      0x268 build/stm32l4xx_hal_rcc_ex.o
 .debug_frame   0x0000000000001968       0xfc build/stm32l4xx_hal_gpio.o
 .debug_frame   0x0000000000001a64      0x140 build/stm32l4xx_hal_pwr.o
 .debug_frame   0x0000000000001ba4      0x288 build/stm32l4xx_hal_pwr_ex.o
 .debug_frame   0x0000000000001e2c      0x194 build/stm32l4xx_hal_cortex.o
 .debug_frame   0x0000000000001fc0      0x5ac build/stm32l4xx_hal_uart.o
 .debug_frame   0x000000000000256c       0x30 build/system_stm32l4xx.o
 .debug_frame   0x000000000000259c       0x30 /usr/lib/gcc/arm-none-eabi/10.1.0/../../../../arm-none-eabi/lib/thumb/v7e-m+fp/hard/libc_nano.a(lib_a-atoi.o)
 .debug_frame   0x00000000000025cc       0x20 /usr/lib/gcc/arm-none-eabi/10.1.0/../../../../arm-none-eabi/lib/thumb/v7e-m+fp/hard/libc_nano.a(lib_a-errno.o)
 .debug_frame   0x00000000000025ec       0x2c /usr/lib/gcc/arm-none-eabi/10.1.0/../../../../arm-none-eabi/lib/thumb/v7e-m+fp/hard/libc_nano.a(lib_a-init.o)
 .debug_frame   0x0000000000002618       0x20 /usr/lib/gcc/arm-none-eabi/10.1.0/../../../../arm-none-eabi/lib/thumb/v7e-m+fp/hard/libc_nano.a(lib_a-memset.o)
 .debug_frame   0x0000000000002638       0x74 /usr/lib/gcc/arm-none-eabi/10.1.0/../../../../arm-none-eabi/lib/thumb/v7e-m+fp/hard/libc_nano.a(lib_a-printf.o)
 .debug_frame   0x00000000000026ac       0x74 /usr/lib/gcc/arm-none-eabi/10.1.0/../../../../arm-none-eabi/lib/thumb/v7e-m+fp/hard/libc_nano.a(lib_a-scanf.o)
 .debug_frame   0x0000000000002720       0x38 /usr/lib/gcc/arm-none-eabi/10.1.0/../../../../arm-none-eabi/lib/thumb/v7e-m+fp/hard/libc_nano.a(lib_a-setvbuf.o)
 .debug_frame   0x0000000000002758       0x64 /usr/lib/gcc/arm-none-eabi/10.1.0/../../../../arm-none-eabi/lib/thumb/v7e-m+fp/hard/libc_nano.a(lib_a-strtol.o)
 .debug_frame   0x00000000000027bc       0x5c /usr/lib/gcc/arm-none-eabi/10.1.0/../../../../arm-none-eabi/lib/thumb/v7e-m+fp/hard/libc_nano.a(lib_a-fflush.o)
 .debug_frame   0x0000000000002818      0x14c /usr/lib/gcc/arm-none-eabi/10.1.0/../../../../arm-none-eabi/lib/thumb/v7e-m+fp/hard/libc_nano.a(lib_a-findfp.o)
 .debug_frame   0x0000000000002964       0x54 /usr/lib/gcc/arm-none-eabi/10.1.0/../../../../arm-none-eabi/lib/thumb/v7e-m+fp/hard/libc_nano.a(lib_a-fwalk.o)
 .debug_frame   0x00000000000029b8       0xb0 /usr/lib/gcc/arm-none-eabi/10.1.0/../../../../arm-none-eabi/lib/thumb/v7e-m+fp/hard/libc_nano.a(lib_a-lock.o)
 .debug_frame   0x0000000000002a68       0x58 /usr/lib/gcc/arm-none-eabi/10.1.0/../../../../arm-none-eabi/lib/thumb/v7e-m+fp/hard/libc_nano.a(lib_a-makebuf.o)
 .debug_frame   0x0000000000002ac0       0x30 /usr/lib/gcc/arm-none-eabi/10.1.0/../../../../arm-none-eabi/lib/thumb/v7e-m+fp/hard/libc_nano.a(lib_a-malloc.o)
 .debug_frame   0x0000000000002af0       0x38 /usr/lib/gcc/arm-none-eabi/10.1.0/../../../../arm-none-eabi/lib/thumb/v7e-m+fp/hard/libc_nano.a(lib_a-nano-freer.o)
 .debug_frame   0x0000000000002b28       0x30 /usr/lib/gcc/arm-none-eabi/10.1.0/../../../../arm-none-eabi/lib/thumb/v7e-m+fp/hard/libc_nano.a(lib_a-nano-mallocr.o)
 .debug_frame   0x0000000000002b58       0xac /usr/lib/gcc/arm-none-eabi/10.1.0/../../../../arm-none-eabi/lib/thumb/v7e-m+fp/hard/libc_nano.a(lib_a-nano-vfprintf.o)
 .debug_frame   0x0000000000002c04       0xa4 /usr/lib/gcc/arm-none-eabi/10.1.0/../../../../arm-none-eabi/lib/thumb/v7e-m+fp/hard/libc_nano.a(lib_a-nano-vfscanf.o)
 .debug_frame   0x0000000000002ca8       0x40 /usr/lib/gcc/arm-none-eabi/10.1.0/../../../../arm-none-eabi/lib/thumb/v7e-m+fp/hard/libc_nano.a(lib_a-refill.o)
 .debug_frame   0x0000000000002ce8       0x2c /usr/lib/gcc/arm-none-eabi/10.1.0/../../../../arm-none-eabi/lib/thumb/v7e-m+fp/hard/libc_nano.a(lib_a-sbrkr.o)
 .debug_frame   0x0000000000002d14       0x2c /usr/lib/gcc/arm-none-eabi/10.1.0/../../../../arm-none-eabi/lib/thumb/v7e-m+fp/hard/libc_nano.a(lib_a-sccl.o)
 .debug_frame   0x0000000000002d40       0x88 /usr/lib/gcc/arm-none-eabi/10.1.0/../../../../arm-none-eabi/lib/thumb/v7e-m+fp/hard/libc_nano.a(lib_a-stdio.o)
 .debug_frame   0x0000000000002dc8       0x5c /usr/lib/gcc/arm-none-eabi/10.1.0/../../../../arm-none-eabi/lib/thumb/v7e-m+fp/hard/libc_nano.a(lib_a-ungetc.o)
 .debug_frame   0x0000000000002e24       0x40 /usr/lib/gcc/arm-none-eabi/10.1.0/../../../../arm-none-eabi/lib/thumb/v7e-m+fp/hard/libc_nano.a(lib_a-wbuf.o)
 .debug_frame   0x0000000000002e64       0x2c /usr/lib/gcc/arm-none-eabi/10.1.0/../../../../arm-none-eabi/lib/thumb/v7e-m+fp/hard/libc_nano.a(lib_a-writer.o)
 .debug_frame   0x0000000000002e90       0x2c /usr/lib/gcc/arm-none-eabi/10.1.0/../../../../arm-none-eabi/lib/thumb/v7e-m+fp/hard/libc_nano.a(lib_a-wsetup.o)
 .debug_frame   0x0000000000002ebc       0x2c /usr/lib/gcc/arm-none-eabi/10.1.0/../../../../arm-none-eabi/lib/thumb/v7e-m+fp/hard/libc_nano.a(lib_a-closer.o)
 .debug_frame   0x0000000000002ee8       0x2c /usr/lib/gcc/arm-none-eabi/10.1.0/../../../../arm-none-eabi/lib/thumb/v7e-m+fp/hard/libc_nano.a(lib_a-fstatr.o)
 .debug_frame   0x0000000000002f14       0x2c /usr/lib/gcc/arm-none-eabi/10.1.0/../../../../arm-none-eabi/lib/thumb/v7e-m+fp/hard/libc_nano.a(lib_a-isattyr.o)
 .debug_frame   0x0000000000002f40       0x2c /usr/lib/gcc/arm-none-eabi/10.1.0/../../../../arm-none-eabi/lib/thumb/v7e-m+fp/hard/libc_nano.a(lib_a-lseekr.o)
 .debug_frame   0x0000000000002f6c       0x28 /usr/lib/gcc/arm-none-eabi/10.1.0/../../../../arm-none-eabi/lib/thumb/v7e-m+fp/hard/libc_nano.a(lib_a-memcpy-stub.o)
 .debug_frame   0x0000000000002f94       0x30 /usr/lib/gcc/arm-none-eabi/10.1.0/../../../../arm-none-eabi/lib/thumb/v7e-m+fp/hard/libc_nano.a(lib_a-mlock.o)
 .debug_frame   0x0000000000002fc4       0x3c /usr/lib/gcc/arm-none-eabi/10.1.0/../../../../arm-none-eabi/lib/thumb/v7e-m+fp/hard/libc_nano.a(lib_a-nano-reallocr.o)
 .debug_frame   0x0000000000003000       0x60 /usr/lib/gcc/arm-none-eabi/10.1.0/../../../../arm-none-eabi/lib/thumb/v7e-m+fp/hard/libc_nano.a(lib_a-nano-vfprintf_i.o)
 .debug_frame   0x0000000000003060       0x64 /usr/lib/gcc/arm-none-eabi/10.1.0/../../../../arm-none-eabi/lib/thumb/v7e-m+fp/hard/libc_nano.a(lib_a-nano-vfscanf_i.o)
 .debug_frame   0x00000000000030c4       0x2c /usr/lib/gcc/arm-none-eabi/10.1.0/../../../../arm-none-eabi/lib/thumb/v7e-m+fp/hard/libc_nano.a(lib_a-readr.o)
 .debug_frame   0x00000000000030f0       0x5c /usr/lib/gcc/arm-none-eabi/10.1.0/../../../../arm-none-eabi/lib/thumb/v7e-m+fp/hard/libc_nano.a(lib_a-reent.o)
 .debug_frame   0x000000000000314c       0x64 /usr/lib/gcc/arm-none-eabi/10.1.0/../../../../arm-none-eabi/lib/thumb/v7e-m+fp/hard/libc_nano.a(lib_a-strtoul.o)
 .debug_frame   0x00000000000031b0       0x20 /usr/lib/gcc/arm-none-eabi/10.1.0/../../../../arm-none-eabi/lib/thumb/v7e-m+fp/hard/libc_nano.a(lib_a-nano-msizer.o)
 .debug_frame   0x00000000000031d0       0x20 /usr/lib/gcc/arm-none-eabi/10.1.0/../../../../arm-none-eabi/lib/thumb/v7e-m+fp/hard/libnosys.a(sbrk.o)
 .debug_frame   0x00000000000031f0       0x2c /usr/lib/gcc/arm-none-eabi/10.1.0/thumb/v7e-m+fp/hard/libgcc.a(_aeabi_uldivmod.o)
 .debug_frame   0x000000000000321c       0x38 /usr/lib/gcc/arm-none-eabi/10.1.0/thumb/v7e-m+fp/hard/libgcc.a(_udivmoddi4.o)

Cross Reference Table

Symbol                                            File
ADC1_IRQHandler                                   build/startup_stm32l432xx.o
AHBPrescTable                                     build/system_stm32l4xx.o
                                                  build/stm32l4xx_hal_rcc.o
APBPrescTable                                     build/system_stm32l4xx.o
                                                  build/stm32l4xx_hal_rcc.o
BusFault_Handler                                  build/stm32l4xx_it.o
CAN1_RX0_IRQHandler                               build/startup_stm32l432xx.o
CAN1_RX1_IRQHandler                               build/startup_stm32l432xx.o
CAN1_SCE_IRQHandler                               build/startup_stm32l432xx.o
CAN1_TX_IRQHandler                                build/startup_stm32l432xx.o
COMP_IRQHandler                                   build/startup_stm32l432xx.o
CRS_IRQHandler                                    build/startup_stm32l432xx.o
DMA1_Channel1_IRQHandler                          build/startup_stm32l432xx.o
DMA1_Channel2_IRQHandler                          build/startup_stm32l432xx.o
DMA1_Channel3_IRQHandler                          build/startup_stm32l432xx.o
DMA1_Channel4_IRQHandler                          build/startup_stm32l432xx.o
DMA1_Channel5_IRQHandler                          build/startup_stm32l432xx.o
DMA1_Channel6_IRQHandler                          build/startup_stm32l432xx.o
DMA1_Channel7_IRQHandler                          build/startup_stm32l432xx.o
DMA2_Channel1_IRQHandler                          build/startup_stm32l432xx.o
DMA2_Channel2_IRQHandler                          build/startup_stm32l432xx.o
DMA2_Channel3_IRQHandler                          build/startup_stm32l432xx.o
DMA2_Channel4_IRQHandler                          build/startup_stm32l432xx.o
DMA2_Channel5_IRQHandler                          build/startup_stm32l432xx.o
DMA2_Channel6_IRQHandler                          build/startup_stm32l432xx.o
DMA2_Channel7_IRQHandler                          build/startup_stm32l432xx.o
DebugMon_Handler                                  build/stm32l4xx_it.o
Default_Handler                                   build/startup_stm32l432xx.o
EXTI0_IRQHandler                                  build/startup_stm32l432xx.o
EXTI15_10_IRQHandler                              build/startup_stm32l432xx.o
EXTI1_IRQHandler                                  build/startup_stm32l432xx.o
EXTI2_IRQHandler                                  build/startup_stm32l432xx.o
EXTI3_IRQHandler                                  build/startup_stm32l432xx.o
EXTI4_IRQHandler                                  build/startup_stm32l432xx.o
EXTI9_5_IRQHandler                                build/startup_stm32l432xx.o
Error_Handler                                     build/main.o
                                                  build/usart.o
                                                  build/tim.o
FLASH_FlushCaches                                 build/stm32l4xx_hal_flash_ex.o
                                                  build/stm32l4xx_hal_flash.o
FLASH_IRQHandler                                  build/startup_stm32l432xx.o
FLASH_PageErase                                   build/stm32l4xx_hal_flash_ex.o
                                                  build/stm32l4xx_hal_flash.o
FLASH_WaitForLastOperation                        build/stm32l4xx_hal_flash.o
                                                  build/stm32l4xx_hal_flash_ex.o
FPU_IRQHandler                                    build/startup_stm32l432xx.o
HAL_DBGMCU_DisableDBGSleepMode                    build/stm32l4xx_hal.o
HAL_DBGMCU_DisableDBGStandbyMode                  build/stm32l4xx_hal.o
HAL_DBGMCU_DisableDBGStopMode                     build/stm32l4xx_hal.o
HAL_DBGMCU_EnableDBGSleepMode                     build/stm32l4xx_hal.o
HAL_DBGMCU_EnableDBGStandbyMode                   build/stm32l4xx_hal.o
HAL_DBGMCU_EnableDBGStopMode                      build/stm32l4xx_hal.o
HAL_DMA_Abort                                     build/stm32l4xx_hal_dma.o
                                                  build/stm32l4xx_hal_uart.o
HAL_DMA_Abort_IT                                  build/stm32l4xx_hal_dma.o
                                                  build/stm32l4xx_hal_uart.o
                                                  build/stm32l4xx_hal_i2c.o
                                                  build/stm32l4xx_hal_tim_ex.o
                                                  build/stm32l4xx_hal_tim.o
HAL_DMA_DeInit                                    build/stm32l4xx_hal_dma.o
HAL_DMA_GetError                                  build/stm32l4xx_hal_dma.o
                                                  build/stm32l4xx_hal_uart.o
HAL_DMA_GetState                                  build/stm32l4xx_hal_dma.o
HAL_DMA_IRQHandler                                build/stm32l4xx_hal_dma.o
HAL_DMA_Init                                      build/stm32l4xx_hal_dma.o
HAL_DMA_PollForTransfer                           build/stm32l4xx_hal_dma.o
HAL_DMA_RegisterCallback                          build/stm32l4xx_hal_dma.o
HAL_DMA_Start                                     build/stm32l4xx_hal_dma.o
HAL_DMA_Start_IT                                  build/stm32l4xx_hal_dma.o
                                                  build/stm32l4xx_hal_uart.o
                                                  build/stm32l4xx_hal_i2c.o
                                                  build/stm32l4xx_hal_tim_ex.o
                                                  build/stm32l4xx_hal_tim.o
HAL_DMA_UnRegisterCallback                        build/stm32l4xx_hal_dma.o
HAL_DeInit                                        build/stm32l4xx_hal.o
HAL_Delay                                         build/stm32l4xx_hal.o
HAL_EXTI_ClearConfigLine                          build/stm32l4xx_hal_exti.o
HAL_EXTI_ClearPending                             build/stm32l4xx_hal_exti.o
HAL_EXTI_GenerateSWI                              build/stm32l4xx_hal_exti.o
HAL_EXTI_GetConfigLine                            build/stm32l4xx_hal_exti.o
HAL_EXTI_GetHandle                                build/stm32l4xx_hal_exti.o
HAL_EXTI_GetPending                               build/stm32l4xx_hal_exti.o
HAL_EXTI_IRQHandler                               build/stm32l4xx_hal_exti.o
HAL_EXTI_RegisterCallback                         build/stm32l4xx_hal_exti.o
HAL_EXTI_SetConfigLine                            build/stm32l4xx_hal_exti.o
HAL_FLASHEx_DisableRunPowerDown                   build/stm32l4xx_hal_flash_ramfunc.o
HAL_FLASHEx_EnableRunPowerDown                    build/stm32l4xx_hal_flash_ramfunc.o
HAL_FLASHEx_Erase                                 build/stm32l4xx_hal_flash_ex.o
HAL_FLASHEx_Erase_IT                              build/stm32l4xx_hal_flash_ex.o
HAL_FLASHEx_OBGetConfig                           build/stm32l4xx_hal_flash_ex.o
HAL_FLASHEx_OBProgram                             build/stm32l4xx_hal_flash_ex.o
HAL_FLASH_EndOfOperationCallback                  build/stm32l4xx_hal_flash.o
HAL_FLASH_GetError                                build/stm32l4xx_hal_flash.o
HAL_FLASH_IRQHandler                              build/stm32l4xx_hal_flash.o
HAL_FLASH_Lock                                    build/stm32l4xx_hal_flash.o
HAL_FLASH_OB_Launch                               build/stm32l4xx_hal_flash.o
HAL_FLASH_OB_Lock                                 build/stm32l4xx_hal_flash.o
HAL_FLASH_OB_Unlock                               build/stm32l4xx_hal_flash.o
HAL_FLASH_OperationErrorCallback                  build/stm32l4xx_hal_flash.o
HAL_FLASH_Program                                 build/stm32l4xx_hal_flash.o
HAL_FLASH_Program_IT                              build/stm32l4xx_hal_flash.o
HAL_FLASH_Unlock                                  build/stm32l4xx_hal_flash.o
HAL_GPIO_DeInit                                   build/stm32l4xx_hal_gpio.o
                                                  build/usart.o
HAL_GPIO_EXTI_Callback                            build/stm32l4xx_hal_gpio.o
HAL_GPIO_EXTI_IRQHandler                          build/stm32l4xx_hal_gpio.o
HAL_GPIO_Init                                     build/stm32l4xx_hal_gpio.o
                                                  build/stm32l4xx_hal_rcc_ex.o
                                                  build/stm32l4xx_hal_rcc.o
                                                  build/usart.o
                                                  build/gpio.o
HAL_GPIO_LockPin                                  build/stm32l4xx_hal_gpio.o
HAL_GPIO_ReadPin                                  build/stm32l4xx_hal_gpio.o
HAL_GPIO_TogglePin                                build/stm32l4xx_hal_gpio.o
HAL_GPIO_WritePin                                 build/stm32l4xx_hal_gpio.o
                                                  build/gpio.o
                                                  build/PwmDriver.o
HAL_GetDEVID                                      build/stm32l4xx_hal.o
HAL_GetHalVersion                                 build/stm32l4xx_hal.o
HAL_GetREVID                                      build/stm32l4xx_hal.o
HAL_GetTick                                       build/stm32l4xx_hal.o
                                                  build/stm32l4xx_hal_uart_ex.o
                                                  build/stm32l4xx_hal_uart.o
                                                  build/stm32l4xx_hal_dma.o
                                                  build/stm32l4xx_hal_flash.o
                                                  build/stm32l4xx_hal_rcc_ex.o
                                                  build/stm32l4xx_hal_rcc.o
                                                  build/stm32l4xx_hal_i2c.o
HAL_GetTickFreq                                   build/stm32l4xx_hal.o
HAL_GetTickPrio                                   build/stm32l4xx_hal.o
HAL_GetUIDw0                                      build/stm32l4xx_hal.o
HAL_GetUIDw1                                      build/stm32l4xx_hal.o
HAL_GetUIDw2                                      build/stm32l4xx_hal.o
HAL_HalfDuplex_EnableReceiver                     build/stm32l4xx_hal_uart.o
HAL_HalfDuplex_EnableTransmitter                  build/stm32l4xx_hal_uart.o
HAL_HalfDuplex_Init                               build/stm32l4xx_hal_uart.o
HAL_I2CEx_ConfigAnalogFilter                      build/stm32l4xx_hal_i2c_ex.o
HAL_I2CEx_ConfigDigitalFilter                     build/stm32l4xx_hal_i2c_ex.o
HAL_I2CEx_DisableFastModePlus                     build/stm32l4xx_hal_i2c_ex.o
HAL_I2CEx_DisableWakeUp                           build/stm32l4xx_hal_i2c_ex.o
HAL_I2CEx_EnableFastModePlus                      build/stm32l4xx_hal_i2c_ex.o
HAL_I2CEx_EnableWakeUp                            build/stm32l4xx_hal_i2c_ex.o
HAL_I2C_AbortCpltCallback                         build/stm32l4xx_hal_i2c.o
HAL_I2C_AddrCallback                              build/stm32l4xx_hal_i2c.o
HAL_I2C_DeInit                                    build/stm32l4xx_hal_i2c.o
HAL_I2C_DisableListen_IT                          build/stm32l4xx_hal_i2c.o
HAL_I2C_ER_IRQHandler                             build/stm32l4xx_hal_i2c.o
HAL_I2C_EV_IRQHandler                             build/stm32l4xx_hal_i2c.o
HAL_I2C_EnableListen_IT                           build/stm32l4xx_hal_i2c.o
HAL_I2C_ErrorCallback                             build/stm32l4xx_hal_i2c.o